Archive member included to satisfy reference by file (symbol)

D:/ST/STM32CubeIDE_1.14.0/STM32CubeIDE/plugins/com.st.stm32cube.ide.mcu.externaltools.gnu-tools-for-stm32.11.3.rel1.win32_1.1.100.202309141235/tools/bin/../lib/gcc/arm-none-eabi/11.3.1/../../../../arm-none-eabi/lib/thumb/v7e-m/nofp\libc_nano.a(libc_a-exit.o)
                              D:/ST/STM32CubeIDE_1.14.0/STM32CubeIDE/plugins/com.st.stm32cube.ide.mcu.externaltools.gnu-tools-for-stm32.11.3.rel1.win32_1.1.100.202309141235/tools/bin/../lib/gcc/arm-none-eabi/11.3.1/../../../../arm-none-eabi/lib/thumb/v7e-m/nofp/crt0.o (exit)
D:/ST/STM32CubeIDE_1.14.0/STM32CubeIDE/plugins/com.st.stm32cube.ide.mcu.externaltools.gnu-tools-for-stm32.11.3.rel1.win32_1.1.100.202309141235/tools/bin/../lib/gcc/arm-none-eabi/11.3.1/../../../../arm-none-eabi/lib/thumb/v7e-m/nofp\libc_nano.a(libc_a-findfp.o)
                              D:/ST/STM32CubeIDE_1.14.0/STM32CubeIDE/plugins/com.st.stm32cube.ide.mcu.externaltools.gnu-tools-for-stm32.11.3.rel1.win32_1.1.100.202309141235/tools/bin/../lib/gcc/arm-none-eabi/11.3.1/../../../../arm-none-eabi/lib/thumb/v7e-m/nofp\libc_nano.a(libc_a-exit.o) (__stdio_exit_handler)
D:/ST/STM32CubeIDE_1.14.0/STM32CubeIDE/plugins/com.st.stm32cube.ide.mcu.externaltools.gnu-tools-for-stm32.11.3.rel1.win32_1.1.100.202309141235/tools/bin/../lib/gcc/arm-none-eabi/11.3.1/../../../../arm-none-eabi/lib/thumb/v7e-m/nofp\libc_nano.a(libc_a-fwalk.o)
                              D:/ST/STM32CubeIDE_1.14.0/STM32CubeIDE/plugins/com.st.stm32cube.ide.mcu.externaltools.gnu-tools-for-stm32.11.3.rel1.win32_1.1.100.202309141235/tools/bin/../lib/gcc/arm-none-eabi/11.3.1/../../../../arm-none-eabi/lib/thumb/v7e-m/nofp\libc_nano.a(libc_a-findfp.o) (_fwalk_sglue)
D:/ST/STM32CubeIDE_1.14.0/STM32CubeIDE/plugins/com.st.stm32cube.ide.mcu.externaltools.gnu-tools-for-stm32.11.3.rel1.win32_1.1.100.202309141235/tools/bin/../lib/gcc/arm-none-eabi/11.3.1/../../../../arm-none-eabi/lib/thumb/v7e-m/nofp\libc_nano.a(libc_a-printf.o)
                              ./Src/main.o (printf)
D:/ST/STM32CubeIDE_1.14.0/STM32CubeIDE/plugins/com.st.stm32cube.ide.mcu.externaltools.gnu-tools-for-stm32.11.3.rel1.win32_1.1.100.202309141235/tools/bin/../lib/gcc/arm-none-eabi/11.3.1/../../../../arm-none-eabi/lib/thumb/v7e-m/nofp\libc_nano.a(libc_a-stdio.o)
                              D:/ST/STM32CubeIDE_1.14.0/STM32CubeIDE/plugins/com.st.stm32cube.ide.mcu.externaltools.gnu-tools-for-stm32.11.3.rel1.win32_1.1.100.202309141235/tools/bin/../lib/gcc/arm-none-eabi/11.3.1/../../../../arm-none-eabi/lib/thumb/v7e-m/nofp\libc_nano.a(libc_a-findfp.o) (__sread)
D:/ST/STM32CubeIDE_1.14.0/STM32CubeIDE/plugins/com.st.stm32cube.ide.mcu.externaltools.gnu-tools-for-stm32.11.3.rel1.win32_1.1.100.202309141235/tools/bin/../lib/gcc/arm-none-eabi/11.3.1/../../../../arm-none-eabi/lib/thumb/v7e-m/nofp\libc_nano.a(libc_a-memset.o)
                              D:/ST/STM32CubeIDE_1.14.0/STM32CubeIDE/plugins/com.st.stm32cube.ide.mcu.externaltools.gnu-tools-for-stm32.11.3.rel1.win32_1.1.100.202309141235/tools/bin/../lib/gcc/arm-none-eabi/11.3.1/../../../../arm-none-eabi/lib/thumb/v7e-m/nofp/crt0.o (memset)
D:/ST/STM32CubeIDE_1.14.0/STM32CubeIDE/plugins/com.st.stm32cube.ide.mcu.externaltools.gnu-tools-for-stm32.11.3.rel1.win32_1.1.100.202309141235/tools/bin/../lib/gcc/arm-none-eabi/11.3.1/../../../../arm-none-eabi/lib/thumb/v7e-m/nofp\libc_nano.a(libc_a-closer.o)
                              D:/ST/STM32CubeIDE_1.14.0/STM32CubeIDE/plugins/com.st.stm32cube.ide.mcu.externaltools.gnu-tools-for-stm32.11.3.rel1.win32_1.1.100.202309141235/tools/bin/../lib/gcc/arm-none-eabi/11.3.1/../../../../arm-none-eabi/lib/thumb/v7e-m/nofp\libc_nano.a(libc_a-stdio.o) (_close_r)
D:/ST/STM32CubeIDE_1.14.0/STM32CubeIDE/plugins/com.st.stm32cube.ide.mcu.externaltools.gnu-tools-for-stm32.11.3.rel1.win32_1.1.100.202309141235/tools/bin/../lib/gcc/arm-none-eabi/11.3.1/../../../../arm-none-eabi/lib/thumb/v7e-m/nofp\libc_nano.a(libc_a-reent.o)
                              D:/ST/STM32CubeIDE_1.14.0/STM32CubeIDE/plugins/com.st.stm32cube.ide.mcu.externaltools.gnu-tools-for-stm32.11.3.rel1.win32_1.1.100.202309141235/tools/bin/../lib/gcc/arm-none-eabi/11.3.1/../../../../arm-none-eabi/lib/thumb/v7e-m/nofp\libc_nano.a(libc_a-closer.o) (errno)
D:/ST/STM32CubeIDE_1.14.0/STM32CubeIDE/plugins/com.st.stm32cube.ide.mcu.externaltools.gnu-tools-for-stm32.11.3.rel1.win32_1.1.100.202309141235/tools/bin/../lib/gcc/arm-none-eabi/11.3.1/../../../../arm-none-eabi/lib/thumb/v7e-m/nofp\libc_nano.a(libc_a-impure.o)
                              D:/ST/STM32CubeIDE_1.14.0/STM32CubeIDE/plugins/com.st.stm32cube.ide.mcu.externaltools.gnu-tools-for-stm32.11.3.rel1.win32_1.1.100.202309141235/tools/bin/../lib/gcc/arm-none-eabi/11.3.1/../../../../arm-none-eabi/lib/thumb/v7e-m/nofp\libc_nano.a(libc_a-printf.o) (_impure_ptr)
[...]
Memory Configuration

Name             Origin             Length             Attributes
FLASH            0x0000000008100000 0x0000000000100000 xr
RAM              0x0000000010000000 0x0000000000048000 xrw
*default*        0x0000000000000000 0xffffffffffffffff

Linker script and memory map

LOAD D:/ST/STM32CubeIDE_1.14.0/STM32CubeIDE/plugins/com.st.stm32cube.ide.mcu.externaltools.gnu-tools-for-stm32.11.3.rel1.win32_1.1.100.202309141235/tools/bin/../lib/gcc/arm-none-eabi/11.3.1/thumb/v7e-m/nofp/crti.o
LOAD D:/ST/STM32CubeIDE_1.14.0/STM32CubeIDE/plugins/com.st.stm32cube.ide.mcu.externaltools.gnu-tools-for-stm32.11.3.rel1.win32_1.1.100.202309141235/tools/bin/../lib/gcc/arm-none-eabi/11.3.1/thumb/v7e-m/nofp/crtbegin.o
LOAD D:/ST/STM32CubeIDE_1.14.0/STM32CubeIDE/plugins/com.st.stm32cube.ide.mcu.externaltools.gnu-tools-for-stm32.11.3.rel1.win32_1.1.100.202309141235/tools/bin/../lib/gcc/arm-none-eabi/11.3.1/../../../../arm-none-eabi/lib/thumb/v7e-m/nofp/crt0.o
LOAD ./Src/led.o
LOAD ./Src/main.o
LOAD ./Src/rtoskernel.o
LOAD ./Src/syscalls.o
LOAD ./Src/sysmem.o
LOAD ./Src/uart.o
LOAD ./Startup/startup_stm32h747xihx.o
START GROUP
LOAD D:/ST/STM32CubeIDE_1.14.0/STM32CubeIDE/plugins/com.st.stm32cube.ide.mcu.externaltools.gnu-tools-for-stm32.11.3.rel1.win32_1.1.100.202309141235/tools/bin/../lib/gcc/arm-none-eabi/11.3.1/../../../../arm-none-eabi/lib/thumb/v7e-m/nofp\libc_nano.a
LOAD D:/ST/STM32CubeIDE_1.14.0/STM32CubeIDE/plugins/com.st.stm32cube.ide.mcu.externaltools.gnu-tools-for-stm32.11.3.rel1.win32_1.1.100.202309141235/tools/bin/../lib/gcc/arm-none-eabi/11.3.1/../../../../arm-none-eabi/lib/thumb/v7e-m/nofp\libm.a
END GROUP
START GROUP
LOAD D:/ST/STM32CubeIDE_1.14.0/STM32CubeIDE/plugins/com.st.stm32cube.ide.mcu.externaltools.gnu-tools-for-stm32.11.3.rel1.win32_1.1.100.202309141235/tools/bin/../lib/gcc/arm-none-eabi/11.3.1/thumb/v7e-m/nofp\libgcc.a
LOAD D:/ST/STM32CubeIDE_1.14.0/STM32CubeIDE/plugins/com.st.stm32cube.ide.mcu.externaltools.gnu-tools-for-stm32.11.3.rel1.win32_1.1.100.202309141235/tools/bin/../lib/gcc/arm-none-eabi/11.3.1/../../../../arm-none-eabi/lib/thumb/v7e-m/nofp\libc_nano.a
END GROUP
START GROUP
LOAD D:/ST/STM32CubeIDE_1.14.0/STM32CubeIDE/plugins/com.st.stm32cube.ide.mcu.externaltools.gnu-tools-for-stm32.11.3.rel1.win32_1.1.100.202309141235/tools/bin/../lib/gcc/arm-none-eabi/11.3.1/thumb/v7e-m/nofp\libgcc.a
LOAD D:/ST/STM32CubeIDE_1.14.0/STM32CubeIDE/plugins/com.st.stm32cube.ide.mcu.externaltools.gnu-tools-for-stm32.11.3.rel1.win32_1.1.100.202309141235/tools/bin/../lib/gcc/arm-none-eabi/11.3.1/../../../../arm-none-eabi/lib/thumb/v7e-m/nofp\libc_nano.a
LOAD D:/ST/STM32CubeIDE_1.14.0/STM32CubeIDE/plugins/com.st.stm32cube.ide.mcu.externaltools.gnu-tools-for-stm32.11.3.rel1.win32_1.1.100.202309141235/tools/bin/../lib/gcc/arm-none-eabi/11.3.1/../../../../arm-none-eabi/lib/thumb/v7e-m/nofp\libnosys.a
END GROUP
START GROUP
LOAD D:/ST/STM32CubeIDE_1.14.0/STM32CubeIDE/plugins/com.st.stm32cube.ide.mcu.externaltools.gnu-tools-for-stm32.11.3.rel1.win32_1.1.100.202309141235/tools/bin/../lib/gcc/arm-none-eabi/11.3.1/thumb/v7e-m/nofp\libgcc.a
LOAD D:/ST/STM32CubeIDE_1.14.0/STM32CubeIDE/plugins/com.st.stm32cube.ide.mcu.externaltools.gnu-tools-for-stm32.11.3.rel1.win32_1.1.100.202309141235/tools/bin/../lib/gcc/arm-none-eabi/11.3.1/../../../../arm-none-eabi/lib/thumb/v7e-m/nofp\libc_nano.a
LOAD D:/ST/STM32CubeIDE_1.14.0/STM32CubeIDE/plugins/com.st.stm32cube.ide.mcu.externaltools.gnu-tools-for-stm32.11.3.rel1.win32_1.1.100.202309141235/tools/bin/../lib/gcc/arm-none-eabi/11.3.1/../../../../arm-none-eabi/lib/thumb/v7e-m/nofp\libnosys.a
END GROUP
LOAD D:/ST/STM32CubeIDE_1.14.0/STM32CubeIDE/plugins/com.st.stm32cube.ide.mcu.externaltools.gnu-tools-for-stm32.11.3.rel1.win32_1.1.100.202309141235/tools/bin/../lib/gcc/arm-none-eabi/11.3.1/thumb/v7e-m/nofp/crtend.o
LOAD D:/ST/STM32CubeIDE_1.14.0/STM32CubeIDE/plugins/com.st.stm32cube.ide.mcu.externaltools.gnu-tools-for-stm32.11.3.rel1.win32_1.1.100.202309141235/tools/bin/../lib/gcc/arm-none-eabi/11.3.1/thumb/v7e-m/nofp/crtn.o
                0x0000000010048000                _estack = (ORIGIN (RAM) + LENGTH (RAM))
                0x0000000000000200                _Min_Heap_Size = 0x200
                0x0000000000000400                _Min_Stack_Size = 0x400

.isr_vector     0x0000000008100000      0x298
                0x0000000008100000                . = ALIGN (0x4)
 *(.isr_vector)
 .isr_vector    0x0000000008100000      0x298 ./Startup/startup_stm32h747xihx.o
                0x0000000008100000                g_pfnVectors
                0x0000000008100298                . = ALIGN (0x4)

.text           0x00000000081002a0     0x17b0
                0x00000000081002a0                . = ALIGN (0x4)
 *(.text)
 .text          0x00000000081002a0       0x40 D:/ST/STM32CubeIDE_1.14.0/STM32CubeIDE/plugins/com.st.stm32cube.ide.mcu.externaltools.gnu-tools-for-stm32.11.3.rel1.win32_1.1.100.202309141235/tools/bin/../lib/gcc/arm-none-eabi/11.3.1/thumb/v7e-m/nofp/crtbegin.o
 .text          0x00000000081002e0       0xa0 D:/ST/STM32CubeIDE_1.14.0/STM32CubeIDE/plugins/com.st.stm32cube.ide.mcu.externaltools.gnu-tools-for-stm32.11.3.rel1.win32_1.1.100.202309141235/tools/bin/../lib/gcc/arm-none-eabi/11.3.1/../../../../arm-none-eabi/lib/thumb/v7e-m/nofp\libc_nano.a(libc_a-memchr.o)
                0x00000000081002e0                memchr
 *(.text*)
 .text.led_init
                0x0000000008100380       0x3c ./Src/led.o
                0x0000000008100380                led_init
 .text.park_mode
                0x00000000081003bc       0x14 ./Src/main.o
                0x00000000081003bc                park_mode
 .text.drive_mode
                0x00000000081003d0       0x14 ./Src/main.o
                0x00000000081003d0                drive_mode
 .text.task3    0x00000000081003e4       0x1c ./Src/main.o
                0x00000000081003e4                task3
 .text.task0    0x0000000008100400       0x28 ./Src/main.o
                0x0000000008100400                task0
 .text.task1    0x0000000008100428       0x14 ./Src/main.o
                0x0000000008100428                task1
 .text.task2    0x000000000810043c       0x28 ./Src/main.o
                0x000000000810043c                task2
 .text.main     0x0000000008100464       0x4c ./Src/main.o
                0x0000000008100464                main
 .text.TIM2_IRQHandler
                0x00000000081004b0       0x2c ./Src/main.o
                0x00000000081004b0                TIM2_IRQHandler
 .text.__NVIC_EnableIRQ
                0x00000000081004dc       0x38 ./Src/rtoskernel.o
 .text.__NVIC_SetPriority
                0x0000000008100514       0x54 ./Src/rtoskernel.o
 .text.rtosKernelThreadStackInit
                0x0000000008100568      0x19c ./Src/rtoskernel.o
                0x0000000008100568                rtosKernelThreadStackInit
 .text.rtosKernelAddThread
                0x0000000008100704       0x78 ./Src/rtoskernel.o
                0x0000000008100704                rtosKernelAddThread
 .text.rtosKernelInit
                0x000000000810077c       0x18 ./Src/rtoskernel.o
                0x000000000810077c                rtosKernelInit
 .text.rtosKernelLaunch
                0x0000000008100794       0x60 ./Src/rtoskernel.o
                0x0000000008100794                rtosKernelLaunch
 .text.SysTick_Handler
                0x00000000081007f4       0x2c ./Src/rtoskernel.o
                0x00000000081007f4                SysTick_Handler
 .text.rtosSchedulerLaunch
                0x0000000008100820       0x30 ./Src/rtoskernel.o
                0x0000000008100820                rtosSchedulerLaunch
 .text.rtosSchedulerSwitch
                0x0000000008100850       0x3c ./Src/rtoskernel.o
                0x0000000008100850                rtosSchedulerSwitch
 .text.tim2_1hz_interrupt_init
                0x000000000810088c       0x50 ./Src/rtoskernel.o
                0x000000000810088c                tim2_1hz_interrupt_init
 .text.rtosSempahoreInit
                0x00000000081008dc       0x1a ./Src/rtoskernel.o
                0x00000000081008dc                rtosSempahoreInit
 .text.rtosSemaphoreCntGive
                0x00000000081008f6       0x24 ./Src/rtoskernel.o
                0x00000000081008f6                rtosSemaphoreCntGive
 .text.rtosSemaphoreCntTake
                0x000000000810091a       0x36 ./Src/rtoskernel.o
                0x000000000810091a                rtosSemaphoreCntTake
 .text._read    0x0000000008100950       0x3a ./Src/syscalls.o
                0x0000000008100950                _read
 .text._write   0x000000000810098a       0x38 ./Src/syscalls.o
                0x000000000810098a                _write
 .text._close   0x00000000081009c2       0x16 ./Src/syscalls.o
                0x00000000081009c2                _close
 .text._fstat   0x00000000081009d8       0x1e ./Src/syscalls.o
                0x00000000081009d8                _fstat
 .text._isatty  0x00000000081009f6       0x14 ./Src/syscalls.o
                0x00000000081009f6                _isatty
 .text._lseek   0x0000000008100a0a       0x18 ./Src/syscalls.o
                0x0000000008100a0a                _lseek
 *fill*         0x0000000008100a22        0x2 
 .text._sbrk    0x0000000008100a24       0x6c ./Src/sysmem.o
                0x0000000008100a24                _sbrk
 .text.__io_putchar
                0x0000000008100a90       0x18 ./Src/uart.o
                0x0000000008100a90                __io_putchar
 .text.uart_tx_init
                0x0000000008100aa8       0x84 ./Src/uart.o
                0x0000000008100aa8                uart_tx_init
 .text.uart_write
                0x0000000008100b2c       0x2c ./Src/uart.o
 .text.uart_set_baudrate
                0x0000000008100b58       0x2c ./Src/uart.o
 .text.Reset_Handler
                0x0000000008100b84       0x50 ./Startup/startup_stm32h747xihx.o
                0x0000000008100b84                Reset_Handler
 .text.Default_Handler
                0x0000000008100bd4        0x2 ./Startup/startup_stm32h747xihx.o
                0x0000000008100bd4                EXTI2_IRQHandler
                0x0000000008100bd4                cm7_sev_it_IRQHandler
                0x0000000008100bd4                TIM8_CC_IRQHandler
                0x0000000008100bd4                DMA_STR2_IRQHandler
                0x0000000008100bd4                DebugMon_Handler
                0x0000000008100bd4                UART8_IRQHandler
                0x0000000008100bd4                SPI4_IRQHandler
                0x0000000008100bd4                HRTIM1_MST_IRQHandler
                0x0000000008100bd4                HardFault_Handler
                0x0000000008100bd4                DMA_STR5_IRQHandler
                0x0000000008100bd4                HRTIM1_FLT_IRQHandler
                0x0000000008100bd4                JPEG_IRQHandler
                0x0000000008100bd4                DMA2_STR1_IRQHandler
                0x0000000008100bd4                DMA2_STR5_IRQHandler
                0x0000000008100bd4                HRTIM1_TIMD_IRQHandler
                0x0000000008100bd4                PendSV_Handler
                0x0000000008100bd4                NMI_Handler
                0x0000000008100bd4                EXTI3_IRQHandler
                0x0000000008100bd4                LPTIM4_IRQHandler
                0x0000000008100bd4                TIM8_TRG_COM_TIM14_IRQHandler
                0x0000000008100bd4                LPTIM2_IRQHandler
                0x0000000008100bd4                DFSDM1_FLT1_IRQHandler
                0x0000000008100bd4                DMAMUX2_OVR_IRQHandler
                0x0000000008100bd4                TIM8_UP_TIM13_IRQHandler
                0x0000000008100bd4                I2C3_ER_IRQHandler
                0x0000000008100bd4                DFSDM1_FLT2_IRQHandler
                0x0000000008100bd4                MDMA_IRQHandler
                0x0000000008100bd4                LPTIM3_IRQHandler
                0x0000000008100bd4                HSEM1_IRQHandler
                0x0000000008100bd4                EXTI0_IRQHandler
                0x0000000008100bd4                I2C2_EV_IRQHandler
                0x0000000008100bd4                DMA_STR1_IRQHandler
                0x0000000008100bd4                OTG_HS_WKUP_IRQHandler
                0x0000000008100bd4                FDCAN1_IT1_IRQHandler
                0x0000000008100bd4                UsageFault_Handler
                0x0000000008100bd4                LTDC_ER_IRQHandler
                0x0000000008100bd4                ADC1_2_IRQHandler
                0x0000000008100bd4                SPI1_IRQHandler
                0x0000000008100bd4                BDMA_CH2_IRQHandler
                0x0000000008100bd4                TIM6_DAC_IRQHandler
                0x0000000008100bd4                DCMI_IRQHandler
                0x0000000008100bd4                HRTIM1_TIMC_IRQHandler
                0x0000000008100bd4                SDMMC_IRQHandler
                0x0000000008100bd4                RTC_ALARM_IRQHandler
                0x0000000008100bd4                DMA_STR0_IRQHandler
                0x0000000008100bd4                SAI2_IRQHandler
                0x0000000008100bd4                DMA2_STR3_IRQHandler
                0x0000000008100bd4                DFSDM1_FLT3_IRQHandler
                0x0000000008100bd4                USART6_IRQHandler
                0x0000000008100bd4                BDMA_CH5_IRQHandler
                0x0000000008100bd4                TIM17_IRQHandler
                0x0000000008100bd4                BDMA_CH6_IRQHandler
                0x0000000008100bd4                USART3_IRQHandler
                0x0000000008100bd4                WKUP_IRQHandler
                0x0000000008100bd4                BDMA_CH3_IRQHandler
                0x0000000008100bd4                LPTIM5_IRQHandler
                0x0000000008100bd4                LPUART_IRQHandler
                0x0000000008100bd4                UART5_IRQHandler
                0x0000000008100bd4                ADC3_IRQHandler
                0x0000000008100bd4                DMA_STR6_IRQHandler
                0x0000000008100bd4                TIM4_IRQHandler
                0x0000000008100bd4                QUADSPI_IRQHandler
                0x0000000008100bd4                I2C1_EV_IRQHandler
                0x0000000008100bd4                DMA1_STR7_IRQHandler
                0x0000000008100bd4                TIM16_IRQHandler
                0x0000000008100bd4                UART4_IRQHandler
                0x0000000008100bd4                TIM3_IRQHandler
                0x0000000008100bd4                RCC_IRQHandler
                0x0000000008100bd4                TIM8_BRK_TIM12_IRQHandler
                0x0000000008100bd4                TIM1_TRG_COM_IRQHandler
                0x0000000008100bd4                Default_Handler
                0x0000000008100bd4                HRTIM_TIMB_IRQHandler
                0x0000000008100bd4                CEC_IRQHandler
                0x0000000008100bd4                EXTI15_10_IRQHandler
                0x0000000008100bd4                BDMA_CH4_IRQHandler
                0x0000000008100bd4                DMA_STR3_IRQHandler
                0x0000000008100bd4                HRTIM_TIME_IRQHandler
                0x0000000008100bd4                HRTIM1_TIMA_IRQHandler
                0x0000000008100bd4                SPI5_IRQHandler
                0x0000000008100bd4                TIM7_IRQHandler
                0x0000000008100bd4                SDMMC1_IRQHandler
                0x0000000008100bd4                TIM5_IRQHandler
                0x0000000008100bd4                SPDIF_IRQHandler
                0x0000000008100bd4                TIM15_IRQHandler
                0x0000000008100bd4                I2C3_EV_IRQHandler
                0x0000000008100bd4                WWDG1_RST_IRQHandler
                0x0000000008100bd4                EXTI9_5_IRQHandler
                0x0000000008100bd4                DMA2_STR4_IRQHandler
                0x0000000008100bd4                RTC_WKUP_IRQHandler
                0x0000000008100bd4                DMA2_STR6_IRQHandler
                0x0000000008100bd4                LTDC_IRQHandler
                0x0000000008100bd4                SAI3_IRQHandler
                0x0000000008100bd4                ETH_WKUP_IRQHandler
                0x0000000008100bd4                PVD_PVM_IRQHandler
                0x0000000008100bd4                SPI2_IRQHandler
                0x0000000008100bd4                OTG_HS_EP1_IN_IRQHandler
                0x0000000008100bd4                MemManage_Handler
                0x0000000008100bd4                DMA2_STR0_IRQHandler
                0x0000000008100bd4                SVC_Handler
                0x0000000008100bd4                CRS_IRQHandler
                0x0000000008100bd4                EXTI4_IRQHandler
                0x0000000008100bd4                DMAMUX1_OV_IRQHandler
                0x0000000008100bd4                FDCAN2_IT1_IRQHandler
                0x0000000008100bd4                DMA_STR4_IRQHandler
                0x0000000008100bd4                COMP_IRQHandler
                0x0000000008100bd4                DMA2_STR2_IRQHandler
                0x0000000008100bd4                ETH_IRQHandler
                0x0000000008100bd4                TIM1_UP_IRQHandler
                0x0000000008100bd4                DMA2_STR7_IRQHandler
                0x0000000008100bd4                OTG_HS_EP1_OUT_IRQHandler
                0x0000000008100bd4                SPI6_IRQHandler
                0x0000000008100bd4                MDIOS_IRQHandler
                0x0000000008100bd4                I2C4_EV_IRQHandler
                0x0000000008100bd4                FDCAN2_IT0_IRQHandler
                0x0000000008100bd4                BDMA_CH7_IRQHandler
                0x0000000008100bd4                FDCAN1_IT0_IRQHandler
                0x0000000008100bd4                OTG_FS_WKUP_IRQHandler
                0x0000000008100bd4                OTG_HS_IRQHandler
                0x0000000008100bd4                DMA2D_IRQHandler
                0x0000000008100bd4                TIM1_BRK_IRQHandler
                0x0000000008100bd4                EXTI1_IRQHandler
                0x0000000008100bd4                OTG_FS_EP1_OUT_IRQHandler
                0x0000000008100bd4                HOLD_CORE_IRQHandler
                0x0000000008100bd4                UART7_IRQHandler
                0x0000000008100bd4                MDIOS_WKUP_IRQHandler
                0x0000000008100bd4                USART2_IRQHandler
                0x0000000008100bd4                DFSDM1_FLT0_IRQHandler
                0x0000000008100bd4                SAI4_IRQHandler
                0x0000000008100bd4                WWDG2_IRQHandler
                0x0000000008100bd4                I2C2_ER_IRQHandler
                0x0000000008100bd4                FLASH_IRQHandler
                0x0000000008100bd4                BusFault_Handler
                0x0000000008100bd4                USART1_IRQHandler
                0x0000000008100bd4                OTG_FS_IRQHandler
                0x0000000008100bd4                SPI3_IRQHandler
                0x0000000008100bd4                OTG_FS_EP1_IN_IRQHandler
                0x0000000008100bd4                I2C1_ER_IRQHandler
                0x0000000008100bd4                FMC_IRQHandler
                0x0000000008100bd4                BDMA_CH1_IRQHandler
                0x0000000008100bd4                FDCAN_CAL_IRQHandler
                0x0000000008100bd4                SWPMI1_IRQHandler
                0x0000000008100bd4                LPTIM1_IRQHandler
                0x0000000008100bd4                BDMA_CH8_IRQHandler
                0x0000000008100bd4                TIM_CC_IRQHandler
                0x0000000008100bd4                I2C4_ER_IRQHandler
                0x0000000008100bd4                SAI1_IRQHandler
                0x0000000008100bd4                RTC_TAMP_STAMP_CSS_LSE_IRQHandler
 *fill*         0x0000000008100bd6        0x2 
 .text.std      0x0000000008100bd8       0x6c D:/ST/STM32CubeIDE_1.14.0/STM32CubeIDE/plugins/com.st.stm32cube.ide.mcu.externaltools.gnu-tools-for-stm32.11.3.rel1.win32_1.1.100.202309141235/tools/bin/../lib/gcc/arm-none-eabi/11.3.1/../../../../arm-none-eabi/lib/thumb/v7e-m/nofp\libc_nano.a(libc_a-findfp.o)
 .text.stdio_exit_handler
                0x0000000008100c44       0x18 D:/ST/STM32CubeIDE_1.14.0/STM32CubeIDE/plugins/com.st.stm32cube.ide.mcu.externaltools.gnu-tools-for-stm32.11.3.rel1.win32_1.1.100.202309141235/tools/bin/../lib/gcc/arm-none-eabi/11.3.1/../../../../arm-none-eabi/lib/thumb/v7e-m/nofp\libc_nano.a(libc_a-findfp.o)
 .text.cleanup_stdio
                0x0000000008100c5c       0x40 D:/ST/STM32CubeIDE_1.14.0/STM32CubeIDE/plugins/com.st.stm32cube.ide.mcu.externaltools.gnu-tools-for-stm32.11.3.rel1.win32_1.1.100.202309141235/tools/bin/../lib/gcc/arm-none-eabi/11.3.1/../../../../arm-none-eabi/lib/thumb/v7e-m/nofp\libc_nano.a(libc_a-findfp.o)
 .text.global_stdio_init.part.0
                0x0000000008100c9c       0x3c D:/ST/STM32CubeIDE_1.14.0/STM32CubeIDE/plugins/com.st.stm32cube.ide.mcu.externaltools.gnu-tools-for-stm32.11.3.rel1.win32_1.1.100.202309141235/tools/bin/../lib/gcc/arm-none-eabi/11.3.1/../../../../arm-none-eabi/lib/thumb/v7e-m/nofp\libc_nano.a(libc_a-findfp.o)
 .text.__sfp_lock_acquire
                0x0000000008100cd8        0xc D:/ST/STM32CubeIDE_1.14.0/STM32CubeIDE/plugins/com.st.stm32cube.ide.mcu.externaltools.gnu-tools-for-stm32.11.3.rel1.win32_1.1.100.202309141235/tools/bin/../lib/gcc/arm-none-eabi/11.3.1/../../../../arm-none-eabi/lib/thumb/v7e-m/nofp\libc_nano.a(libc_a-findfp.o)
                0x0000000008100cd8                __sfp_lock_acquire
 .text.__sfp_lock_release
                0x0000000008100ce4        0xc D:/ST/STM32CubeIDE_1.14.0/STM32CubeIDE/plugins/com.st.stm32cube.ide.mcu.externaltools.gnu-tools-for-stm32.11.3.rel1.win32_1.1.100.202309141235/tools/bin/../lib/gcc/arm-none-eabi/11.3.1/../../../../arm-none-eabi/lib/thumb/v7e-m/nofp\libc_nano.a(libc_a-findfp.o)
                0x0000000008100ce4                __sfp_lock_release
 .text.__sinit  0x0000000008100cf0       0x30 D:/ST/STM32CubeIDE_1.14.0/STM32CubeIDE/plugins/com.st.stm32cube.ide.mcu.externaltools.gnu-tools-for-stm32.11.3.rel1.win32_1.1.100.202309141235/tools/bin/../lib/gcc/arm-none-eabi/11.3.1/../../../../arm-none-eabi/lib/thumb/v7e-m/nofp\libc_nano.a(libc_a-findfp.o)
                0x0000000008100cf0                __sinit
 .text._fwalk_sglue
                0x0000000008100d20       0x3c D:/ST/STM32CubeIDE_1.14.0/STM32CubeIDE/plugins/com.st.stm32cube.ide.mcu.externaltools.gnu-tools-for-stm32.11.3.rel1.win32_1.1.100.202309141235/tools/bin/../lib/gcc/arm-none-eabi/11.3.1/../../../../arm-none-eabi/lib/thumb/v7e-m/nofp\libc_nano.a(libc_a-fwalk.o)
                0x0000000008100d20                _fwalk_sglue
 .text.printf   0x0000000008100d5c       0x24 D:/ST/STM32CubeIDE_1.14.0/STM32CubeIDE/plugins/com.st.stm32cube.ide.mcu.externaltools.gnu-tools-for-stm32.11.3.rel1.win32_1.1.100.202309141235/tools/bin/../lib/gcc/arm-none-eabi/11.3.1/../../../../arm-none-eabi/lib/thumb/v7e-m/nofp\libc_nano.a(libc_a-printf.o)
                0x0000000008100d5c                iprintf
                0x0000000008100d5c                printf
 .text.__sread  0x0000000008100d80       0x22 D:/ST/STM32CubeIDE_1.14.0/STM32CubeIDE/plugins/com.st.stm32cube.ide.mcu.externaltools.gnu-tools-for-stm32.11.3.rel1.win32_1.1.100.202309141235/tools/bin/../lib/gcc/arm-none-eabi/11.3.1/../../../../arm-none-eabi/lib/thumb/v7e-m/nofp\libc_nano.a(libc_a-stdio.o)
                0x0000000008100d80                __sread
 .text.__swrite
                0x0000000008100da2       0x38 D:/ST/STM32CubeIDE_1.14.0/STM32CubeIDE/plugins/com.st.stm32cube.ide.mcu.externaltools.gnu-tools-for-stm32.11.3.rel1.win32_1.1.100.202309141235/tools/bin/../lib/gcc/arm-none-eabi/11.3.1/../../../../arm-none-eabi/lib/thumb/v7e-m/nofp\libc_nano.a(libc_a-stdio.o)
                0x0000000008100da2                __swrite
 .text.__sseek  0x0000000008100dda       0x24 D:/ST/STM32CubeIDE_1.14.0/STM32CubeIDE/plugins/com.st.stm32cube.ide.mcu.externaltools.gnu-tools-for-stm32.11.3.rel1.win32_1.1.100.202309141235/tools/bin/../lib/gcc/arm-none-eabi/11.3.1/../../../../arm-none-eabi/lib/thumb/v7e-m/nofp\libc_nano.a(libc_a-stdio.o)
                0x0000000008100dda                __sseek
 .text.__sclose
                0x0000000008100dfe        0x8 D:/ST/STM32CubeIDE_1.14.0/STM32CubeIDE/plugins/com.st.stm32cube.ide.mcu.externaltools.gnu-tools-for-stm32.11.3.rel1.win32_1.1.100.202309141235/tools/bin/../lib/gcc/arm-none-eabi/11.3.1/../../../../arm-none-eabi/lib/thumb/v7e-m/nofp\libc_nano.a(libc_a-stdio.o)
                0x0000000008100dfe                __sclose
 .text.memset   0x0000000008100e06       0x10 D:/ST/STM32CubeIDE_1.14.0/STM32CubeIDE/plugins/com.st.stm32cube.ide.mcu.externaltools.gnu-tools-for-stm32.11.3.rel1.win32_1.1.100.202309141235/tools/bin/../lib/gcc/arm-none-eabi/11.3.1/../../../../arm-none-eabi/lib/thumb/v7e-m/nofp\libc_nano.a(libc_a-memset.o)
                0x0000000008100e06                memset
 *fill*         0x0000000008100e16        0x2 
 .text._close_r
                0x0000000008100e18       0x20 D:/ST/STM32CubeIDE_1.14.0/STM32CubeIDE/plugins/com.st.stm32cube.ide.mcu.externaltools.gnu-tools-for-stm32.11.3.rel1.win32_1.1.100.202309141235/tools/bin/../lib/gcc/arm-none-eabi/11.3.1/../../../../arm-none-eabi/lib/thumb/v7e-m/nofp\libc_nano.a(libc_a-closer.o)
                0x0000000008100e18                _close_r
 .text._lseek_r
                0x0000000008100e38       0x24 D:/ST/STM32CubeIDE_1.14.0/STM32CubeIDE/plugins/com.st.stm32cube.ide.mcu.externaltools.gnu-tools-for-stm32.11.3.rel1.win32_1.1.100.202309141235/tools/bin/../lib/gcc/arm-none-eabi/11.3.1/../../../../arm-none-eabi/lib/thumb/v7e-m/nofp\libc_nano.a(libc_a-lseekr.o)
                0x0000000008100e38                _lseek_r
 .text._read_r  0x0000000008100e5c       0x24 D:/ST/STM32CubeIDE_1.14.0/STM32CubeIDE/plugins/com.st.stm32cube.ide.mcu.externaltools.gnu-tools-for-stm32.11.3.rel1.win32_1.1.100.202309141235/tools/bin/../lib/gcc/arm-none-eabi/11.3.1/../../../../arm-none-eabi/lib/thumb/v7e-m/nofp\libc_nano.a(libc_a-readr.o)
                0x0000000008100e5c                _read_r
 .text._write_r
                0x0000000008100e80       0x24 D:/ST/STM32CubeIDE_1.14.0/STM32CubeIDE/plugins/com.st.stm32cube.ide.mcu.externaltools.gnu-tools-for-stm32.11.3.rel1.win32_1.1.100.202309141235/tools/bin/../lib/gcc/arm-none-eabi/11.3.1/../../../../arm-none-eabi/lib/thumb/v7e-m/nofp\libc_nano.a(libc_a-writer.o)
                0x0000000008100e80                _write_r
 .text.__errno  0x0000000008100ea4        0xc D:/ST/STM32CubeIDE_1.14.0/STM32CubeIDE/plugins/com.st.stm32cube.ide.mcu.externaltools.gnu-tools-for-stm32.11.3.rel1.win32_1.1.100.202309141235/tools/bin/../lib/gcc/arm-none-eabi/11.3.1/../../../../arm-none-eabi/lib/thumb/v7e-m/nofp\libc_nano.a(libc_a-errno.o)
                0x0000000008100ea4                __errno
 .text.__libc_init_array
                0x0000000008100eb0       0x48 D:/ST/STM32CubeIDE_1.14.0/STM32CubeIDE/plugins/com.st.stm32cube.ide.mcu.externaltools.gnu-tools-for-stm32.11.3.rel1.win32_1.1.100.202309141235/tools/bin/../lib/gcc/arm-none-eabi/11.3.1/../../../../arm-none-eabi/lib/thumb/v7e-m/nofp\libc_nano.a(libc_a-init.o)
                0x0000000008100eb0                __libc_init_array
 .text.__retarget_lock_init_recursive
                0x0000000008100ef8        0x2 D:/ST/STM32CubeIDE_1.14.0/STM32CubeIDE/plugins/com.st.stm32cube.ide.mcu.externaltools.gnu-tools-for-stm32.11.3.rel1.win32_1.1.100.202309141235/tools/bin/../lib/gcc/arm-none-eabi/11.3.1/../../../../arm-none-eabi/lib/thumb/v7e-m/nofp\libc_nano.a(libc_a-lock.o)
                0x0000000008100ef8                __retarget_lock_init_recursive
 .text.__retarget_lock_acquire_recursive
                0x0000000008100efa        0x2 D:/ST/STM32CubeIDE_1.14.0/STM32CubeIDE/plugins/com.st.stm32cube.ide.mcu.externaltools.gnu-tools-for-stm32.11.3.rel1.win32_1.1.100.202309141235/tools/bin/../lib/gcc/arm-none-eabi/11.3.1/../../../../arm-none-eabi/lib/thumb/v7e-m/nofp\libc_nano.a(libc_a-lock.o)
                0x0000000008100efa                __retarget_lock_acquire_recursive
 .text.__retarget_lock_release_recursive
                0x0000000008100efc        0x2 D:/ST/STM32CubeIDE_1.14.0/STM32CubeIDE/plugins/com.st.stm32cube.ide.mcu.externaltools.gnu-tools-for-stm32.11.3.rel1.win32_1.1.100.202309141235/tools/bin/../lib/gcc/arm-none-eabi/11.3.1/../../../../arm-none-eabi/lib/thumb/v7e-m/nofp\libc_nano.a(libc_a-lock.o)
                0x0000000008100efc                __retarget_lock_release_recursive
 *fill*         0x0000000008100efe        0x2 
 .text._free_r  0x0000000008100f00       0x94 D:/ST/STM32CubeIDE_1.14.0/STM32CubeIDE/plugins/com.st.stm32cube.ide.mcu.externaltools.gnu-tools-for-stm32.11.3.rel1.win32_1.1.100.202309141235/tools/bin/../lib/gcc/arm-none-eabi/11.3.1/../../../../arm-none-eabi/lib/thumb/v7e-m/nofp\libc_nano.a(libc_a-freer.o)
                0x0000000008100f00                _free_r
 .text.sbrk_aligned
                0x0000000008100f94       0x40 D:/ST/STM32CubeIDE_1.14.0/STM32CubeIDE/plugins/com.st.stm32cube.ide.mcu.externaltools.gnu-tools-for-stm32.11.3.rel1.win32_1.1.100.202309141235/tools/bin/../lib/gcc/arm-none-eabi/11.3.1/../../../../arm-none-eabi/lib/thumb/v7e-m/nofp\libc_nano.a(libc_a-mallocr.o)
 .text._malloc_r
                0x0000000008100fd4      0x100 D:/ST/STM32CubeIDE_1.14.0/STM32CubeIDE/plugins/com.st.stm32cube.ide.mcu.externaltools.gnu-tools-for-stm32.11.3.rel1.win32_1.1.100.202309141235/tools/bin/../lib/gcc/arm-none-eabi/11.3.1/../../../../arm-none-eabi/lib/thumb/v7e-m/nofp\libc_nano.a(libc_a-mallocr.o)
                0x0000000008100fd4                _malloc_r
 .text.__malloc_lock
                0x00000000081010d4        0xc D:/ST/STM32CubeIDE_1.14.0/STM32CubeIDE/plugins/com.st.stm32cube.ide.mcu.externaltools.gnu-tools-for-stm32.11.3.rel1.win32_1.1.100.202309141235/tools/bin/../lib/gcc/arm-none-eabi/11.3.1/../../../../arm-none-eabi/lib/thumb/v7e-m/nofp\libc_nano.a(libc_a-mlock.o)
                0x00000000081010d4                __malloc_lock
 .text.__malloc_unlock
                0x00000000081010e0        0xc D:/ST/STM32CubeIDE_1.14.0/STM32CubeIDE/plugins/com.st.stm32cube.ide.mcu.externaltools.gnu-tools-for-stm32.11.3.rel1.win32_1.1.100.202309141235/tools/bin/../lib/gcc/arm-none-eabi/11.3.1/../../../../arm-none-eabi/lib/thumb/v7e-m/nofp\libc_nano.a(libc_a-mlock.o)
                0x00000000081010e0                __malloc_unlock
 .text.__sfputc_r
                0x00000000081010ec       0x2a D:/ST/STM32CubeIDE_1.14.0/STM32CubeIDE/plugins/com.st.stm32cube.ide.mcu.externaltools.gnu-tools-for-stm32.11.3.rel1.win32_1.1.100.202309141235/tools/bin/../lib/gcc/arm-none-eabi/11.3.1/../../../../arm-none-eabi/lib/thumb/v7e-m/nofp\libc_nano.a(libc_a-nano-vfprintf.o)
 .text.__sfputs_r
                0x0000000008101116       0x24 D:/ST/STM32CubeIDE_1.14.0/STM32CubeIDE/plugins/com.st.stm32cube.ide.mcu.externaltools.gnu-tools-for-stm32.11.3.rel1.win32_1.1.100.202309141235/tools/bin/../lib/gcc/arm-none-eabi/11.3.1/../../../../arm-none-eabi/lib/thumb/v7e-m/nofp\libc_nano.a(libc_a-nano-vfprintf.o)
                0x0000000008101116                __sfputs_r
 *fill*         0x000000000810113a        0x2 
 .text._vfprintf_r
                0x000000000810113c      0x234 D:/ST/STM32CubeIDE_1.14.0/STM32CubeIDE/plugins/com.st.stm32cube.ide.mcu.externaltools.gnu-tools-for-stm32.11.3.rel1.win32_1.1.100.202309141235/tools/bin/../lib/gcc/arm-none-eabi/11.3.1/../../../../arm-none-eabi/lib/thumb/v7e-m/nofp\libc_nano.a(libc_a-nano-vfprintf.o)
                0x000000000810113c                _vfprintf_r
                0x000000000810113c                _vfiprintf_r
 .text._printf_common
                0x0000000008101370       0xda D:/ST/STM32CubeIDE_1.14.0/STM32CubeIDE/plugins/com.st.stm32cube.ide.mcu.externaltools.gnu-tools-for-stm32.11.3.rel1.win32_1.1.100.202309141235/tools/bin/../lib/gcc/arm-none-eabi/11.3.1/../../../../arm-none-eabi/lib/thumb/v7e-m/nofp\libc_nano.a(libc_a-nano-vfprintf_i.o)
                0x0000000008101370                _printf_common
 *fill*         0x000000000810144a        0x2 
 .text._printf_i
                0x000000000810144c      0x244 D:/ST/STM32CubeIDE_1.14.0/STM32CubeIDE/plugins/com.st.stm32cube.ide.mcu.externaltools.gnu-tools-for-stm32.11.3.rel1.win32_1.1.100.202309141235/tools/bin/../lib/gcc/arm-none-eabi/11.3.1/../../../../arm-none-eabi/lib/thumb/v7e-m/nofp\libc_nano.a(libc_a-nano-vfprintf_i.o)
                0x000000000810144c                _printf_i
 .text.__sflush_r
                0x0000000008101690      0x104 D:/ST/STM32CubeIDE_1.14.0/STM32CubeIDE/plugins/com.st.stm32cube.ide.mcu.externaltools.gnu-tools-for-stm32.11.3.rel1.win32_1.1.100.202309141235/tools/bin/../lib/gcc/arm-none-eabi/11.3.1/../../../../arm-none-eabi/lib/thumb/v7e-m/nofp\libc_nano.a(libc_a-fflush.o)
                0x0000000008101690                __sflush_r
 .text._fflush_r
                0x0000000008101794       0x50 D:/ST/STM32CubeIDE_1.14.0/STM32CubeIDE/plugins/com.st.stm32cube.ide.mcu.externaltools.gnu-tools-for-stm32.11.3.rel1.win32_1.1.100.202309141235/tools/bin/../lib/gcc/arm-none-eabi/11.3.1/../../../../arm-none-eabi/lib/thumb/v7e-m/nofp\libc_nano.a(libc_a-fflush.o)
                0x0000000008101794                _fflush_r
 .text.__swbuf_r
                0x00000000081017e4       0x7a D:/ST/STM32CubeIDE_1.14.0/STM32CubeIDE/plugins/com.st.stm32cube.ide.mcu.externaltools.gnu-tools-for-stm32.11.3.rel1.win32_1.1.100.202309141235/tools/bin/../lib/gcc/arm-none-eabi/11.3.1/../../../../arm-none-eabi/lib/thumb/v7e-m/nofp\libc_nano.a(libc_a-wbuf.o)
                0x00000000081017e4                __swbuf_r
 *fill*         0x000000000810185e        0x2 
 .text.__swsetup_r
                0x0000000008101860       0xb0 D:/ST/STM32CubeIDE_1.14.0/STM32CubeIDE/plugins/com.st.stm32cube.ide.mcu.externaltools.gnu-tools-for-stm32.11.3.rel1.win32_1.1.100.202309141235/tools/bin/../lib/gcc/arm-none-eabi/11.3.1/../../../../arm-none-eabi/lib/thumb/v7e-m/nofp\libc_nano.a(libc_a-wsetup.o)
                0x0000000008101860                __swsetup_r
 .text._sbrk_r  0x0000000008101910       0x20 D:/ST/STM32CubeIDE_1.14.0/STM32CubeIDE/plugins/com.st.stm32cube.ide.mcu.externaltools.gnu-tools-for-stm32.11.3.rel1.win32_1.1.100.202309141235/tools/bin/../lib/gcc/arm-none-eabi/11.3.1/../../../../arm-none-eabi/lib/thumb/v7e-m/nofp\libc_nano.a(libc_a-sbrkr.o)
                0x0000000008101910                _sbrk_r
 .text.__swhatbuf_r
                0x0000000008101930       0x4c D:/ST/STM32CubeIDE_1.14.0/STM32CubeIDE/plugins/com.st.stm32cube.ide.mcu.externaltools.gnu-tools-for-stm32.11.3.rel1.win32_1.1.100.202309141235/tools/bin/../lib/gcc/arm-none-eabi/11.3.1/../../../../arm-none-eabi/lib/thumb/v7e-m/nofp\libc_nano.a(libc_a-makebuf.o)
                0x0000000008101930                __swhatbuf_r
 .text.__smakebuf_r
                0x000000000810197c       0x78 D:/ST/STM32CubeIDE_1.14.0/STM32CubeIDE/plugins/com.st.stm32cube.ide.mcu.externaltools.gnu-tools-for-stm32.11.3.rel1.win32_1.1.100.202309141235/tools/bin/../lib/gcc/arm-none-eabi/11.3.1/../../../../arm-none-eabi/lib/thumb/v7e-m/nofp\libc_nano.a(libc_a-makebuf.o)
                0x000000000810197c                __smakebuf_r
 .text._fstat_r
                0x00000000081019f4       0x24 D:/ST/STM32CubeIDE_1.14.0/STM32CubeIDE/plugins/com.st.stm32cube.ide.mcu.externaltools.gnu-tools-for-stm32.11.3.rel1.win32_1.1.100.202309141235/tools/bin/../lib/gcc/arm-none-eabi/11.3.1/../../../../arm-none-eabi/lib/thumb/v7e-m/nofp\libc_nano.a(libc_a-fstatr.o)
                0x00000000081019f4                _fstat_r
 .text._isatty_r
                0x0000000008101a18       0x20 D:/ST/STM32CubeIDE_1.14.0/STM32CubeIDE/plugins/com.st.stm32cube.ide.mcu.externaltools.gnu-tools-for-stm32.11.3.rel1.win32_1.1.100.202309141235/tools/bin/../lib/gcc/arm-none-eabi/11.3.1/../../../../arm-none-eabi/lib/thumb/v7e-m/nofp\libc_nano.a(libc_a-isattyr.o)
                0x0000000008101a18                _isatty_r
 *(.glue_7)
 .glue_7        0x0000000008101a38        0x0 linker stubs
 *(.glue_7t)
 .glue_7t       0x0000000008101a38        0x0 linker stubs
 *(.eh_frame)
 .eh_frame      0x0000000008101a38        0x0 D:/ST/STM32CubeIDE_1.14.0/STM32CubeIDE/plugins/com.st.stm32cube.ide.mcu.externaltools.gnu-tools-for-stm32.11.3.rel1.win32_1.1.100.202309141235/tools/bin/../lib/gcc/arm-none-eabi/11.3.1/thumb/v7e-m/nofp/crtbegin.o
 *(.init)
 .init          0x0000000008101a38        0x4 D:/ST/STM32CubeIDE_1.14.0/STM32CubeIDE/plugins/com.st.stm32cube.ide.mcu.externaltools.gnu-tools-for-stm32.11.3.rel1.win32_1.1.100.202309141235/tools/bin/../lib/gcc/arm-none-eabi/11.3.1/thumb/v7e-m/nofp/crti.o
                0x0000000008101a38                _init
 .init          0x0000000008101a3c        0x8 D:/ST/STM32CubeIDE_1.14.0/STM32CubeIDE/plugins/com.st.stm32cube.ide.mcu.externaltools.gnu-tools-for-stm32.11.3.rel1.win32_1.1.100.202309141235/tools/bin/../lib/gcc/arm-none-eabi/11.3.1/thumb/v7e-m/nofp/crtn.o
 *(.fini)
 .fini          0x0000000008101a44        0x4 D:/ST/STM32CubeIDE_1.14.0/STM32CubeIDE/plugins/com.st.stm32cube.ide.mcu.externaltools.gnu-tools-for-stm32.11.3.rel1.win32_1.1.100.202309141235/tools/bin/../lib/gcc/arm-none-eabi/11.3.1/thumb/v7e-m/nofp/crti.o
                0x0000000008101a44                _fini
 .fini          0x0000000008101a48        0x8 D:/ST/STM32CubeIDE_1.14.0/STM32CubeIDE/plugins/com.st.stm32cube.ide.mcu.externaltools.gnu-tools-for-stm32.11.3.rel1.win32_1.1.100.202309141235/tools/bin/../lib/gcc/arm-none-eabi/11.3.1/thumb/v7e-m/nofp/crtn.o
                0x0000000008101a50                . = ALIGN (0x4)
                0x0000000008101a50                _etext = .

.vfp11_veneer   0x0000000008101a50        0x0
 .vfp11_veneer  0x0000000008101a50        0x0 linker stubs

.v4_bx          0x0000000008101a50        0x0
 .v4_bx         0x0000000008101a50        0x0 linker stubs

.iplt           0x0000000008101a50        0x0
 .iplt          0x0000000008101a50        0x0 D:/ST/STM32CubeIDE_1.14.0/STM32CubeIDE/plugins/com.st.stm32cube.ide.mcu.externaltools.gnu-tools-for-stm32.11.3.rel1.win32_1.1.100.202309141235/tools/bin/../lib/gcc/arm-none-eabi/11.3.1/thumb/v7e-m/nofp/crtbegin.o

.rodata         0x0000000008101a50       0x6c
                0x0000000008101a50                . = ALIGN (0x4)
 *(.rodata)
 .rodata        0x0000000008101a50       0x39 ./Src/main.o
 *(.rodata*)
 .rodata._vfprintf_r.str1.1
                0x0000000008101a89       0x11 D:/ST/STM32CubeIDE_1.14.0/STM32CubeIDE/plugins/com.st.stm32cube.ide.mcu.externaltools.gnu-tools-for-stm32.11.3.rel1.win32_1.1.100.202309141235/tools/bin/../lib/gcc/arm-none-eabi/11.3.1/../../../../arm-none-eabi/lib/thumb/v7e-m/nofp\libc_nano.a(libc_a-nano-vfprintf.o)
 .rodata._printf_i.str1.1
                0x0000000008101a9a       0x22 D:/ST/STM32CubeIDE_1.14.0/STM32CubeIDE/plugins/com.st.stm32cube.ide.mcu.externaltools.gnu-tools-for-stm32.11.3.rel1.win32_1.1.100.202309141235/tools/bin/../lib/gcc/arm-none-eabi/11.3.1/../../../../arm-none-eabi/lib/thumb/v7e-m/nofp\libc_nano.a(libc_a-nano-vfprintf_i.o)
                0x0000000008101abc                . = ALIGN (0x4)

.rel.dyn        0x0000000008101abc        0x0
 .rel.iplt      0x0000000008101abc        0x0 D:/ST/STM32CubeIDE_1.14.0/STM32CubeIDE/plugins/com.st.stm32cube.ide.mcu.externaltools.gnu-tools-for-stm32.11.3.rel1.win32_1.1.100.202309141235/tools/bin/../lib/gcc/arm-none-eabi/11.3.1/thumb/v7e-m/nofp/crtbegin.o

.ARM.extab
 *(.ARM.extab* .gnu.linkonce.armextab.*)

.ARM            0x0000000008101abc        0x0
                0x0000000008101abc                __exidx_start = .
 *(.ARM.exidx*)
                0x0000000008101abc                __exidx_end = .

.preinit_array  0x0000000008101abc        0x0
                0x0000000008101abc                PROVIDE (__preinit_array_start = .)
 *(.preinit_array*)
                0x0000000008101abc                PROVIDE (__preinit_array_end = .)

.init_array     0x0000000008101abc        0x4
                0x0000000008101abc                PROVIDE (__init_array_start = .)
 *(SORT_BY_NAME(.init_array.*))
 *(.init_array*)
 .init_array    0x0000000008101abc        0x4 D:/ST/STM32CubeIDE_1.14.0/STM32CubeIDE/plugins/com.st.stm32cube.ide.mcu.externaltools.gnu-tools-for-stm32.11.3.rel1.win32_1.1.100.202309141235/tools/bin/../lib/gcc/arm-none-eabi/11.3.1/thumb/v7e-m/nofp/crtbegin.o
                0x0000000008101ac0                PROVIDE (__init_array_end = .)

.fini_array     0x0000000008101ac0        0x4
                [!provide]                        PROVIDE (__fini_array_start = .)
 *(SORT_BY_NAME(.fini_array.*))
 *(.fini_array*)
 .fini_array    0x0000000008101ac0        0x4 D:/ST/STM32CubeIDE_1.14.0/STM32CubeIDE/plugins/com.st.stm32cube.ide.mcu.externaltools.gnu-tools-for-stm32.11.3.rel1.win32_1.1.100.202309141235/tools/bin/../lib/gcc/arm-none-eabi/11.3.1/thumb/v7e-m/nofp/crtbegin.o
                [!provide]                        PROVIDE (__fini_array_end = .)
                0x0000000008101ac4                _sidata = LOADADDR (.data)

.data           0x0000000010000000       0x5c load address 0x0000000008101ac4
                0x0000000010000000                . = ALIGN (0x4)
                0x0000000010000000                _sdata = .
 *(.data)
 *(.data*)
 .data.__sglue  0x0000000010000000        0xc D:/ST/STM32CubeIDE_1.14.0/STM32CubeIDE/plugins/com.st.stm32cube.ide.mcu.externaltools.gnu-tools-for-stm32.11.3.rel1.win32_1.1.100.202309141235/tools/bin/../lib/gcc/arm-none-eabi/11.3.1/../../../../arm-none-eabi/lib/thumb/v7e-m/nofp\libc_nano.a(libc_a-findfp.o)
                0x0000000010000000                __sglue
 .data._impure_data
                0x000000001000000c       0x4c D:/ST/STM32CubeIDE_1.14.0/STM32CubeIDE/plugins/com.st.stm32cube.ide.mcu.externaltools.gnu-tools-for-stm32.11.3.rel1.win32_1.1.100.202309141235/tools/bin/../lib/gcc/arm-none-eabi/11.3.1/../../../../arm-none-eabi/lib/thumb/v7e-m/nofp\libc_nano.a(libc_a-impure.o)
                0x000000001000000c                _impure_data
 .data._impure_ptr
                0x0000000010000058        0x4 D:/ST/STM32CubeIDE_1.14.0/STM32CubeIDE/plugins/com.st.stm32cube.ide.mcu.externaltools.gnu-tools-for-stm32.11.3.rel1.win32_1.1.100.202309141235/tools/bin/../lib/gcc/arm-none-eabi/11.3.1/../../../../arm-none-eabi/lib/thumb/v7e-m/nofp\libc_nano.a(libc_a-impure.o)
                0x0000000010000058                _impure_ptr
 *(.RamFunc)
 *(.RamFunc*)
                0x000000001000005c                . = ALIGN (0x4)
                0x000000001000005c                _edata = .

.igot.plt       0x000000001000005c        0x0 load address 0x0000000008101b20
 .igot.plt      0x000000001000005c        0x0 D:/ST/STM32CubeIDE_1.14.0/STM32CubeIDE/plugins/com.st.stm32cube.ide.mcu.externaltools.gnu-tools-for-stm32.11.3.rel1.win32_1.1.100.202309141235/tools/bin/../lib/gcc/arm-none-eabi/11.3.1/thumb/v7e-m/nofp/crtbegin.o
                0x000000001000005c                . = ALIGN (0x4)

.bss            0x000000001000005c     0x146c load address 0x0000000008101b20
                0x000000001000005c                _sbss = .
                0x000000001000005c                __bss_start__ = _sbss
 *(.bss)
 .bss           0x000000001000005c       0x1c D:/ST/STM32CubeIDE_1.14.0/STM32CubeIDE/plugins/com.st.stm32cube.ide.mcu.externaltools.gnu-tools-for-stm32.11.3.rel1.win32_1.1.100.202309141235/tools/bin/../lib/gcc/arm-none-eabi/11.3.1/thumb/v7e-m/nofp/crtbegin.o
 *(.bss*)
 .bss.cntTask0  0x0000000010000078        0x4 ./Src/main.o
                0x0000000010000078                cntTask0
 .bss.cntTask1  0x000000001000007c        0x4 ./Src/main.o
                0x000000001000007c                cntTask1
 .bss.cntTask2  0x0000000010000080        0x4 ./Src/main.o
                0x0000000010000080                cntTask2
 .bss.cntTask3  0x0000000010000084        0x4 ./Src/main.o
                0x0000000010000084                cntTask3
 .bss.cntTask4  0x0000000010000088        0x4 ./Src/main.o
                0x0000000010000088                cntTask4
 .bss.semaphore1
                0x000000001000008c        0x4 ./Src/main.o
                0x000000001000008c                semaphore1
 .bss.semaphore2
                0x0000000010000090        0x4 ./Src/main.o
                0x0000000010000090                semaphore2
 .bss.Millsec_Clock_Cyc
                0x0000000010000094        0x4 ./Src/rtoskernel.o
                0x0000000010000094                Millsec_Clock_Cyc
 .bss.periodTick
                0x0000000010000098        0x4 ./Src/rtoskernel.o
                0x0000000010000098                periodTick
 .bss.tcbArr    0x000000001000009c       0x18 ./Src/rtoskernel.o
                0x000000001000009c                tcbArr
 .bss.ptrCurrTCB
                0x00000000100000b4        0x4 ./Src/rtoskernel.o
                0x00000000100000b4                ptrCurrTCB
 .bss.threadStack
                0x00000000100000b8     0x12c0 ./Src/rtoskernel.o
                0x00000000100000b8                threadStack
 .bss.__sbrk_heap_end
                0x0000000010001378        0x4 ./Src/sysmem.o
 .bss.__sf      0x000000001000137c      0x138 D:/ST/STM32CubeIDE_1.14.0/STM32CubeIDE/plugins/com.st.stm32cube.ide.mcu.externaltools.gnu-tools-for-stm32.11.3.rel1.win32_1.1.100.202309141235/tools/bin/../lib/gcc/arm-none-eabi/11.3.1/../../../../arm-none-eabi/lib/thumb/v7e-m/nofp\libc_nano.a(libc_a-findfp.o)
                0x000000001000137c                __sf
 .bss.__stdio_exit_handler
                0x00000000100014b4        0x4 D:/ST/STM32CubeIDE_1.14.0/STM32CubeIDE/plugins/com.st.stm32cube.ide.mcu.externaltools.gnu-tools-for-stm32.11.3.rel1.win32_1.1.100.202309141235/tools/bin/../lib/gcc/arm-none-eabi/11.3.1/../../../../arm-none-eabi/lib/thumb/v7e-m/nofp\libc_nano.a(libc_a-findfp.o)
                0x00000000100014b4                __stdio_exit_handler
 .bss.errno     0x00000000100014b8        0x4 D:/ST/STM32CubeIDE_1.14.0/STM32CubeIDE/plugins/com.st.stm32cube.ide.mcu.externaltools.gnu-tools-for-stm32.11.3.rel1.win32_1.1.100.202309141235/tools/bin/../lib/gcc/arm-none-eabi/11.3.1/../../../../arm-none-eabi/lib/thumb/v7e-m/nofp\libc_nano.a(libc_a-reent.o)
                0x00000000100014b8                errno
 .bss.__lock___malloc_recursive_mutex
                0x00000000100014bc        0x1 D:/ST/STM32CubeIDE_1.14.0/STM32CubeIDE/plugins/com.st.stm32cube.ide.mcu.externaltools.gnu-tools-for-stm32.11.3.rel1.win32_1.1.100.202309141235/tools/bin/../lib/gcc/arm-none-eabi/11.3.1/../../../../arm-none-eabi/lib/thumb/v7e-m/nofp\libc_nano.a(libc_a-lock.o)
                0x00000000100014bc                __lock___malloc_recursive_mutex
 .bss.__lock___sfp_recursive_mutex
                0x00000000100014bd        0x1 D:/ST/STM32CubeIDE_1.14.0/STM32CubeIDE/plugins/com.st.stm32cube.ide.mcu.externaltools.gnu-tools-for-stm32.11.3.rel1.win32_1.1.100.202309141235/tools/bin/../lib/gcc/arm-none-eabi/11.3.1/../../../../arm-none-eabi/lib/thumb/v7e-m/nofp\libc_nano.a(libc_a-lock.o)
                0x00000000100014bd                __lock___sfp_recursive_mutex
 *fill*         0x00000000100014be        0x2 
 .bss.__malloc_free_list
                0x00000000100014c0        0x4 D:/ST/STM32CubeIDE_1.14.0/STM32CubeIDE/plugins/com.st.stm32cube.ide.mcu.externaltools.gnu-tools-for-stm32.11.3.rel1.win32_1.1.100.202309141235/tools/bin/../lib/gcc/arm-none-eabi/11.3.1/../../../../arm-none-eabi/lib/thumb/v7e-m/nofp\libc_nano.a(libc_a-mallocr.o)
                0x00000000100014c0                __malloc_free_list
 .bss.__malloc_sbrk_start
                0x00000000100014c4        0x4 D:/ST/STM32CubeIDE_1.14.0/STM32CubeIDE/plugins/com.st.stm32cube.ide.mcu.externaltools.gnu-tools-for-stm32.11.3.rel1.win32_1.1.100.202309141235/tools/bin/../lib/gcc/arm-none-eabi/11.3.1/../../../../arm-none-eabi/lib/thumb/v7e-m/nofp\libc_nano.a(libc_a-mallocr.o)
                0x00000000100014c4                __malloc_sbrk_start
 *(COMMON)
                0x00000000100014c8                . = ALIGN (0x4)
                0x00000000100014c8                _ebss = .
                0x00000000100014c8                __bss_end__ = _ebss

._user_heap_stack
                0x00000000100014c8      0x600 load address 0x0000000008101b20
                0x00000000100014c8                . = ALIGN (0x8)
                [!provide]                        PROVIDE (end = .)
                0x00000000100014c8                PROVIDE (_end = .)
                0x00000000100016c8                . = (. + _Min_Heap_Size)
 *fill*         0x00000000100014c8      0x200 
                0x0000000010001ac8                . = (. + _Min_Stack_Size)
 *fill*         0x00000000100016c8      0x400 
                0x0000000010001ac8                . = ALIGN (0x8)

/DISCARD/
 libc.a(*)
 libm.a(*)
 libgcc.a(*)

.ARM.attributes
                0x0000000000000000       0x2a
 *(.ARM.attributes)
 .ARM.attributes
                0x0000000000000000       0x1e D:/ST/STM32CubeIDE_1.14.0/STM32CubeIDE/plugins/com.st.stm32cube.ide.mcu.externaltools.gnu-tools-for-stm32.11.3.rel1.win32_1.1.100.202309141235/tools/bin/../lib/gcc/arm-none-eabi/11.3.1/thumb/v7e-m/nofp/crti.o
 .ARM.attributes
                0x000000000000001e       0x2e D:/ST/STM32CubeIDE_1.14.0/STM32CubeIDE/plugins/com.st.stm32cube.ide.mcu.externaltools.gnu-tools-for-stm32.11.3.rel1.win32_1.1.100.202309141235/tools/bin/../lib/gcc/arm-none-eabi/11.3.1/thumb/v7e-m/nofp/crtbegin.o
 .ARM.attributes
                0x000000000000004c       0x2e ./Src/led.o
 .ARM.attributes
                0x000000000000007a       0x2e ./Src/main.o
 .ARM.attributes
                0x00000000000000a8       0x2e ./Src/rtoskernel.o
 .ARM.attributes
                0x00000000000000d6       0x2e ./Src/syscalls.o
 .ARM.attributes
                0x0000000000000104       0x2e ./Src/sysmem.o
 .ARM.attributes
                0x0000000000000132       0x2e ./Src/uart.o
 .ARM.attributes
                0x0000000000000160       0x21 ./Startup/startup_stm32h747xihx.o
 .ARM.attributes
                0x0000000000000181       0x2e D:/ST/STM32CubeIDE_1.14.0/STM32CubeIDE/plugins/com.st.stm32cube.ide.mcu.externaltools.gnu-tools-for-stm32.11.3.rel1.win32_1.1.100.202309141235/tools/bin/../lib/gcc/arm-none-eabi/11.3.1/../../../../arm-none-eabi/lib/thumb/v7e-m/nofp\libc_nano.a(libc_a-findfp.o)
 .ARM.attributes
                0x00000000000001af       0x2e D:/ST/STM32CubeIDE_1.14.0/STM32CubeIDE/plugins/com.st.stm32cube.ide.mcu.externaltools.gnu-tools-for-stm32.11.3.rel1.win32_1.1.100.202309141235/tools/bin/../lib/gcc/arm-none-eabi/11.3.1/../../../../arm-none-eabi/lib/thumb/v7e-m/nofp\libc_nano.a(libc_a-fwalk.o)
 .ARM.attributes
                0x00000000000001dd       0x2e D:/ST/STM32CubeIDE_1.14.0/STM32CubeIDE/plugins/com.st.stm32cube.ide.mcu.externaltools.gnu-tools-for-stm32.11.3.rel1.win32_1.1.100.202309141235/tools/bin/../lib/gcc/arm-none-eabi/11.3.1/../../../../arm-none-eabi/lib/thumb/v7e-m/nofp\libc_nano.a(libc_a-printf.o)
 .ARM.attributes
                0x000000000000020b       0x2e D:/ST/STM32CubeIDE_1.14.0/STM32CubeIDE/plugins/com.st.stm32cube.ide.mcu.externaltools.gnu-tools-for-stm32.11.3.rel1.win32_1.1.100.202309141235/tools/bin/../lib/gcc/arm-none-eabi/11.3.1/../../../../arm-none-eabi/lib/thumb/v7e-m/nofp\libc_nano.a(libc_a-stdio.o)
 .ARM.attributes
                0x0000000000000239       0x2e D:/ST/STM32CubeIDE_1.14.0/STM32CubeIDE/plugins/com.st.stm32cube.ide.mcu.externaltools.gnu-tools-for-stm32.11.3.rel1.win32_1.1.100.202309141235/tools/bin/../lib/gcc/arm-none-eabi/11.3.1/../../../../arm-none-eabi/lib/thumb/v7e-m/nofp\libc_nano.a(libc_a-memset.o)
 .ARM.attributes
                0x0000000000000267       0x2e D:/ST/STM32CubeIDE_1.14.0/STM32CubeIDE/plugins/com.st.stm32cube.ide.mcu.externaltools.gnu-tools-for-stm32.11.3.rel1.win32_1.1.100.202309141235/tools/bin/../lib/gcc/arm-none-eabi/11.3.1/../../../../arm-none-eabi/lib/thumb/v7e-m/nofp\libc_nano.a(libc_a-closer.o)
 .ARM.attributes
                0x0000000000000295       0x2e D:/ST/STM32CubeIDE_1.14.0/STM32CubeIDE/plugins/com.st.stm32cube.ide.mcu.externaltools.gnu-tools-for-stm32.11.3.rel1.win32_1.1.100.202309141235/tools/bin/../lib/gcc/arm-none-eabi/11.3.1/../../../../arm-none-eabi/lib/thumb/v7e-m/nofp\libc_nano.a(libc_a-reent.o)
 .ARM.attributes
                0x00000000000002c3       0x2e D:/ST/STM32CubeIDE_1.14.0/STM32CubeIDE/plugins/com.st.stm32cube.ide.mcu.externaltools.gnu-tools-for-stm32.11.3.rel1.win32_1.1.100.202309141235/tools/bin/../lib/gcc/arm-none-eabi/11.3.1/../../../../arm-none-eabi/lib/thumb/v7e-m/nofp\libc_nano.a(libc_a-impure.o)
 .ARM.attributes
                0x00000000000002f1       0x2e D:/ST/STM32CubeIDE_1.14.0/STM32CubeIDE/plugins/com.st.stm32cube.ide.mcu.externaltools.gnu-tools-for-stm32.11.3.rel1.win32_1.1.100.202309141235/tools/bin/../lib/gcc/arm-none-eabi/11.3.1/../../../../arm-none-eabi/lib/thumb/v7e-m/nofp\libc_nano.a(libc_a-lseekr.o)
 .ARM.attributes
                0x000000000000031f       0x2e D:/ST/STM32CubeIDE_1.14.0/STM32CubeIDE/plugins/com.st.stm32cube.ide.mcu.externaltools.gnu-tools-for-stm32.11.3.rel1.win32_1.1.100.202309141235/tools/bin/../lib/gcc/arm-none-eabi/11.3.1/../../../../arm-none-eabi/lib/thumb/v7e-m/nofp\libc_nano.a(libc_a-readr.o)
 .ARM.attributes
                0x000000000000034d       0x2e D:/ST/STM32CubeIDE_1.14.0/STM32CubeIDE/plugins/com.st.stm32cube.ide.mcu.externaltools.gnu-tools-for-stm32.11.3.rel1.win32_1.1.100.202309141235/tools/bin/../lib/gcc/arm-none-eabi/11.3.1/../../../../arm-none-eabi/lib/thumb/v7e-m/nofp\libc_nano.a(libc_a-writer.o)
 .ARM.attributes
                0x000000000000037b       0x2e D:/ST/STM32CubeIDE_1.14.0/STM32CubeIDE/plugins/com.st.stm32cube.ide.mcu.externaltools.gnu-tools-for-stm32.11.3.rel1.win32_1.1.100.202309141235/tools/bin/../lib/gcc/arm-none-eabi/11.3.1/../../../../arm-none-eabi/lib/thumb/v7e-m/nofp\libc_nano.a(libc_a-errno.o)
 .ARM.attributes
                0x00000000000003a9       0x2e D:/ST/STM32CubeIDE_1.14.0/STM32CubeIDE/plugins/com.st.stm32cube.ide.mcu.externaltools.gnu-tools-for-stm32.11.3.rel1.win32_1.1.100.202309141235/tools/bin/../lib/gcc/arm-none-eabi/11.3.1/../../../../arm-none-eabi/lib/thumb/v7e-m/nofp\libc_nano.a(libc_a-init.o)
 .ARM.attributes
                0x00000000000003d7       0x2e D:/ST/STM32CubeIDE_1.14.0/STM32CubeIDE/plugins/com.st.stm32cube.ide.mcu.externaltools.gnu-tools-for-stm32.11.3.rel1.win32_1.1.100.202309141235/tools/bin/../lib/gcc/arm-none-eabi/11.3.1/../../../../arm-none-eabi/lib/thumb/v7e-m/nofp\libc_nano.a(libc_a-lock.o)
 .ARM.attributes
                0x0000000000000405       0x2e D:/ST/STM32CubeIDE_1.14.0/STM32CubeIDE/plugins/com.st.stm32cube.ide.mcu.externaltools.gnu-tools-for-stm32.11.3.rel1.win32_1.1.100.202309141235/tools/bin/../lib/gcc/arm-none-eabi/11.3.1/../../../../arm-none-eabi/lib/thumb/v7e-m/nofp\libc_nano.a(libc_a-freer.o)
 .ARM.attributes
                0x0000000000000433       0x2e D:/ST/STM32CubeIDE_1.14.0/STM32CubeIDE/plugins/com.st.stm32cube.ide.mcu.externaltools.gnu-tools-for-stm32.11.3.rel1.win32_1.1.100.202309141235/tools/bin/../lib/gcc/arm-none-eabi/11.3.1/../../../../arm-none-eabi/lib/thumb/v7e-m/nofp\libc_nano.a(libc_a-mallocr.o)
 .ARM.attributes
                0x0000000000000461       0x2e D:/ST/STM32CubeIDE_1.14.0/STM32CubeIDE/plugins/com.st.stm32cube.ide.mcu.externaltools.gnu-tools-for-stm32.11.3.rel1.win32_1.1.100.202309141235/tools/bin/../lib/gcc/arm-none-eabi/11.3.1/../../../../arm-none-eabi/lib/thumb/v7e-m/nofp\libc_nano.a(libc_a-mlock.o)
 .ARM.attributes
                0x000000000000048f       0x2e D:/ST/STM32CubeIDE_1.14.0/STM32CubeIDE/plugins/com.st.stm32cube.ide.mcu.externaltools.gnu-tools-for-stm32.11.3.rel1.win32_1.1.100.202309141235/tools/bin/../lib/gcc/arm-none-eabi/11.3.1/../../../../arm-none-eabi/lib/thumb/v7e-m/nofp\libc_nano.a(libc_a-nano-vfprintf.o)
 .ARM.attributes
                0x00000000000004bd       0x2e D:/ST/STM32CubeIDE_1.14.0/STM32CubeIDE/plugins/com.st.stm32cube.ide.mcu.externaltools.gnu-tools-for-stm32.11.3.rel1.win32_1.1.100.202309141235/tools/bin/../lib/gcc/arm-none-eabi/11.3.1/../../../../arm-none-eabi/lib/thumb/v7e-m/nofp\libc_nano.a(libc_a-nano-vfprintf_i.o)
 .ARM.attributes
                0x00000000000004eb       0x2e D:/ST/STM32CubeIDE_1.14.0/STM32CubeIDE/plugins/com.st.stm32cube.ide.mcu.externaltools.gnu-tools-for-stm32.11.3.rel1.win32_1.1.100.202309141235/tools/bin/../lib/gcc/arm-none-eabi/11.3.1/../../../../arm-none-eabi/lib/thumb/v7e-m/nofp\libc_nano.a(libc_a-fflush.o)
 .ARM.attributes
                0x0000000000000519       0x2e D:/ST/STM32CubeIDE_1.14.0/STM32CubeIDE/plugins/com.st.stm32cube.ide.mcu.externaltools.gnu-tools-for-stm32.11.3.rel1.win32_1.1.100.202309141235/tools/bin/../lib/gcc/arm-none-eabi/11.3.1/../../../../arm-none-eabi/lib/thumb/v7e-m/nofp\libc_nano.a(libc_a-wbuf.o)
 .ARM.attributes
                0x0000000000000547       0x2e D:/ST/STM32CubeIDE_1.14.0/STM32CubeIDE/plugins/com.st.stm32cube.ide.mcu.externaltools.gnu-tools-for-stm32.11.3.rel1.win32_1.1.100.202309141235/tools/bin/../lib/gcc/arm-none-eabi/11.3.1/../../../../arm-none-eabi/lib/thumb/v7e-m/nofp\libc_nano.a(libc_a-wsetup.o)
 .ARM.attributes
                0x0000000000000575       0x2e D:/ST/STM32CubeIDE_1.14.0/STM32CubeIDE/plugins/com.st.stm32cube.ide.mcu.externaltools.gnu-tools-for-stm32.11.3.rel1.win32_1.1.100.202309141235/tools/bin/../lib/gcc/arm-none-eabi/11.3.1/../../../../arm-none-eabi/lib/thumb/v7e-m/nofp\libc_nano.a(libc_a-sbrkr.o)
 .ARM.attributes
                0x00000000000005a3       0x1c D:/ST/STM32CubeIDE_1.14.0/STM32CubeIDE/plugins/com.st.stm32cube.ide.mcu.externaltools.gnu-tools-for-stm32.11.3.rel1.win32_1.1.100.202309141235/tools/bin/../lib/gcc/arm-none-eabi/11.3.1/../../../../arm-none-eabi/lib/thumb/v7e-m/nofp\libc_nano.a(libc_a-memchr.o)
 .ARM.attributes
                0x00000000000005bf       0x2e D:/ST/STM32CubeIDE_1.14.0/STM32CubeIDE/plugins/com.st.stm32cube.ide.mcu.externaltools.gnu-tools-for-stm32.11.3.rel1.win32_1.1.100.202309141235/tools/bin/../lib/gcc/arm-none-eabi/11.3.1/../../../../arm-none-eabi/lib/thumb/v7e-m/nofp\libc_nano.a(libc_a-makebuf.o)
 .ARM.attributes
                0x00000000000005ed       0x2e D:/ST/STM32CubeIDE_1.14.0/STM32CubeIDE/plugins/com.st.stm32cube.ide.mcu.externaltools.gnu-tools-for-stm32.11.3.rel1.win32_1.1.100.202309141235/tools/bin/../lib/gcc/arm-none-eabi/11.3.1/../../../../arm-none-eabi/lib/thumb/v7e-m/nofp\libc_nano.a(libc_a-fstatr.o)
 .ARM.attributes
                0x000000000000061b       0x2e D:/ST/STM32CubeIDE_1.14.0/STM32CubeIDE/plugins/com.st.stm32cube.ide.mcu.externaltools.gnu-tools-for-stm32.11.3.rel1.win32_1.1.100.202309141235/tools/bin/../lib/gcc/arm-none-eabi/11.3.1/../../../../arm-none-eabi/lib/thumb/v7e-m/nofp\libc_nano.a(libc_a-isattyr.o)
 .ARM.attributes
                0x0000000000000649       0x1e D:/ST/STM32CubeIDE_1.14.0/STM32CubeIDE/plugins/com.st.stm32cube.ide.mcu.externaltools.gnu-tools-for-stm32.11.3.rel1.win32_1.1.100.202309141235/tools/bin/../lib/gcc/arm-none-eabi/11.3.1/thumb/v7e-m/nofp/crtn.o
OUTPUT(003_RTOS_Devlopment_CM4.elf elf32-littlearm)
LOAD linker stubs
LOAD D:/ST/STM32CubeIDE_1.14.0/STM32CubeIDE/plugins/com.st.stm32cube.ide.mcu.externaltools.gnu-tools-for-stm32.11.3.rel1.win32_1.1.100.202309141235/tools/bin/../lib/gcc/arm-none-eabi/11.3.1/../../../../arm-none-eabi/lib/thumb/v7e-m/nofp\libc.a
LOAD D:/ST/STM32CubeIDE_1.14.0/STM32CubeIDE/plugins/com.st.stm32cube.ide.mcu.externaltools.gnu-tools-for-stm32.11.3.rel1.win32_1.1.100.202309141235/tools/bin/../lib/gcc/arm-none-eabi/11.3.1/../../../../arm-none-eabi/lib/thumb/v7e-m/nofp\libm.a
LOAD D:/ST/STM32CubeIDE_1.14.0/STM32CubeIDE/plugins/com.st.stm32cube.ide.mcu.externaltools.gnu-tools-for-stm32.11.3.rel1.win32_1.1.100.202309141235/tools/bin/../lib/gcc/arm-none-eabi/11.3.1/thumb/v7e-m/nofp\libgcc.a

.comment        0x0000000000000000       0x43
 .comment       0x0000000000000000       0x43 D:/ST/STM32CubeIDE_1.14.0/STM32CubeIDE/plugins/com.st.stm32cube.ide.mcu.externaltools.gnu-tools-for-stm32.11.3.rel1.win32_1.1.100.202309141235/tools/bin/../lib/gcc/arm-none-eabi/11.3.1/thumb/v7e-m/nofp/crtbegin.o
                                         0x44 (size before relaxing)
 .comment       0x0000000000000043       0x44 ./Src/led.o
 .comment       0x0000000000000043       0x44 ./Src/main.o
 .comment       0x0000000000000043       0x44 ./Src/rtoskernel.o
 .comment       0x0000000000000043       0x44 ./Src/syscalls.o
 .comment       0x0000000000000043       0x44 ./Src/sysmem.o
 .comment       0x0000000000000043       0x44 ./Src/uart.o

.debug_info     0x0000000000000000     0x2732
 .debug_info    0x0000000000000000      0x4ea ./Src/led.o
 .debug_info    0x00000000000004ea      0x3f9 ./Src/main.o
 .debug_info    0x00000000000008e3     0x1024 ./Src/rtoskernel.o
 .debug_info    0x0000000000001907      0x6a3 ./Src/syscalls.o
 .debug_info    0x0000000000001faa      0x168 ./Src/sysmem.o
 .debug_info    0x0000000000002112      0x5fd ./Src/uart.o
 .debug_info    0x000000000000270f       0x23 ./Startup/startup_stm32h747xihx.o

.debug_abbrev   0x0000000000000000      0x851
 .debug_abbrev  0x0000000000000000       0xd4 ./Src/led.o
 .debug_abbrev  0x00000000000000d4      0x163 ./Src/main.o
 .debug_abbrev  0x0000000000000237      0x267 ./Src/rtoskernel.o
 .debug_abbrev  0x000000000000049e      0x1b6 ./Src/syscalls.o
 .debug_abbrev  0x0000000000000654       0xbc ./Src/sysmem.o
 .debug_abbrev  0x0000000000000710      0x12f ./Src/uart.o
 .debug_abbrev  0x000000000000083f       0x12 ./Startup/startup_stm32h747xihx.o

.debug_aranges  0x0000000000000000      0x248
 .debug_aranges
                0x0000000000000000       0x30 ./Src/led.o
 .debug_aranges
                0x0000000000000030       0x68 ./Src/main.o
 .debug_aranges
                0x0000000000000098       0x88 ./Src/rtoskernel.o
 .debug_aranges
                0x0000000000000120       0xa8 ./Src/syscalls.o
 .debug_aranges
                0x00000000000001c8       0x20 ./Src/sysmem.o
 .debug_aranges
                0x00000000000001e8       0x38 ./Src/uart.o
 .debug_aranges
                0x0000000000000220       0x28 ./Startup/startup_stm32h747xihx.o

.debug_rnglists
                0x0000000000000000      0x195
 .debug_rnglists
                0x0000000000000000       0x1f ./Src/led.o
 .debug_rnglists
                0x000000000000001f       0x49 ./Src/main.o
 .debug_rnglists
                0x0000000000000068       0x62 ./Src/rtoskernel.o
 .debug_rnglists
                0x00000000000000ca       0x79 ./Src/syscalls.o
 .debug_rnglists
                0x0000000000000143       0x13 ./Src/sysmem.o
 .debug_rnglists
                0x0000000000000156       0x26 ./Src/uart.o
 .debug_rnglists
                0x000000000000017c       0x19 ./Startup/startup_stm32h747xihx.o

.debug_macro    0x0000000000000000    0x30a76
 .debug_macro   0x0000000000000000       0xd5 ./Src/led.o
 .debug_macro   0x00000000000000d5      0xab4 ./Src/led.o
 .debug_macro   0x0000000000000b89       0x3b ./Src/led.o
 .debug_macro   0x0000000000000bc4       0x22 ./Src/led.o
 .debug_macro   0x0000000000000be6       0x8e ./Src/led.o
 .debug_macro   0x0000000000000c74       0x51 ./Src/led.o
 .debug_macro   0x0000000000000cc5      0x103 ./Src/led.o
 .debug_macro   0x0000000000000dc8       0x6a ./Src/led.o
 .debug_macro   0x0000000000000e32      0x1df ./Src/led.o
 .debug_macro   0x0000000000001011       0x1c ./Src/led.o
 .debug_macro   0x000000000000102d       0x22 ./Src/led.o
 .debug_macro   0x000000000000104f       0xfb ./Src/led.o
 .debug_macro   0x000000000000114a     0x1011 ./Src/led.o
 .debug_macro   0x000000000000215b      0x11f ./Src/led.o
 .debug_macro   0x000000000000227a    0x2c717 ./Src/led.o
 .debug_macro   0x000000000002e991      0x1bf ./Src/main.o
 .debug_macro   0x000000000002eb50       0x61 ./Src/main.o
 .debug_macro   0x000000000002ebb1       0x24 ./Src/main.o
 .debug_macro   0x000000000002ebd5       0x43 ./Src/main.o
 .debug_macro   0x000000000002ec18       0x34 ./Src/main.o
 .debug_macro   0x000000000002ec4c       0x16 ./Src/main.o
 .debug_macro   0x000000000002ec62       0x97 ./Src/main.o
 .debug_macro   0x000000000002ecf9      0x369 ./Src/main.o
 .debug_macro   0x000000000002f062       0xfd ./Src/main.o
 .debug_macro   0x000000000002f15f       0x10 ./Src/main.o
 .debug_macro   0x000000000002f16f       0x16 ./Src/main.o
 .debug_macro   0x000000000002f185       0x43 ./Src/main.o
 .debug_macro   0x000000000002f1c8       0x34 ./Src/main.o
 .debug_macro   0x000000000002f1fc       0x10 ./Src/main.o
 .debug_macro   0x000000000002f20c       0x58 ./Src/main.o
 .debug_macro   0x000000000002f264       0x8e ./Src/main.o
 .debug_macro   0x000000000002f2f2       0x1c ./Src/main.o
 .debug_macro   0x000000000002f30e      0x177 ./Src/main.o
 .debug_macro   0x000000000002f485       0x16 ./Src/main.o
 .debug_macro   0x000000000002f49b       0x16 ./Src/main.o
 .debug_macro   0x000000000002f4b1      0x147 ./Src/main.o
 .debug_macro   0x000000000002f5f8       0x1c ./Src/main.o
 .debug_macro   0x000000000002f614      0x110 ./Src/rtoskernel.o
 .debug_macro   0x000000000002f724      0x274 ./Src/syscalls.o
 .debug_macro   0x000000000002f998       0x5b ./Src/syscalls.o
 .debug_macro   0x000000000002f9f3       0x94 ./Src/syscalls.o
 .debug_macro   0x000000000002fa87       0x57 ./Src/syscalls.o
 .debug_macro   0x000000000002fade      0x174 ./Src/syscalls.o
 .debug_macro   0x000000000002fc52       0x10 ./Src/syscalls.o
 .debug_macro   0x000000000002fc62       0x35 ./Src/syscalls.o
 .debug_macro   0x000000000002fc97       0x10 ./Src/syscalls.o
 .debug_macro   0x000000000002fca7       0x10 ./Src/syscalls.o
 .debug_macro   0x000000000002fcb7       0x10 ./Src/syscalls.o
 .debug_macro   0x000000000002fcc7       0x1c ./Src/syscalls.o
 .debug_macro   0x000000000002fce3       0x52 ./Src/syscalls.o
 .debug_macro   0x000000000002fd35       0x22 ./Src/syscalls.o
 .debug_macro   0x000000000002fd57       0x10 ./Src/syscalls.o
 .debug_macro   0x000000000002fd67       0x52 ./Src/syscalls.o
 .debug_macro   0x000000000002fdb9       0xcf ./Src/syscalls.o
 .debug_macro   0x000000000002fe88       0x1c ./Src/syscalls.o
 .debug_macro   0x000000000002fea4       0x3d ./Src/syscalls.o
 .debug_macro   0x000000000002fee1       0x35 ./Src/syscalls.o
 .debug_macro   0x000000000002ff16      0x12c ./Src/syscalls.o
 .debug_macro   0x0000000000030042       0x16 ./Src/syscalls.o
 .debug_macro   0x0000000000030058       0x16 ./Src/syscalls.o
 .debug_macro   0x000000000003006e       0x29 ./Src/syscalls.o
 .debug_macro   0x0000000000030097       0x10 ./Src/syscalls.o
 .debug_macro   0x00000000000300a7      0x242 ./Src/syscalls.o
 .debug_macro   0x00000000000302e9       0x1c ./Src/syscalls.o
 .debug_macro   0x0000000000030305       0x10 ./Src/syscalls.o
 .debug_macro   0x0000000000030315      0x18a ./Src/syscalls.o
 .debug_macro   0x000000000003049f       0x16 ./Src/syscalls.o
 .debug_macro   0x00000000000304b5       0xce ./Src/syscalls.o
 .debug_macro   0x0000000000030583       0xff ./Src/sysmem.o
 .debug_macro   0x0000000000030682      0x23c ./Src/sysmem.o
 .debug_macro   0x00000000000308be      0x1b8 ./Src/uart.o

.debug_line     0x0000000000000000     0x2bc5
 .debug_line    0x0000000000000000      0x59b ./Src/led.o
 .debug_line    0x000000000000059b      0x7fe ./Src/main.o
 .debug_line    0x0000000000000d99      0x830 ./Src/rtoskernel.o
 .debug_line    0x00000000000015c9      0x8ad ./Src/syscalls.o
 .debug_line    0x0000000000001e76      0x57e ./Src/sysmem.o
 .debug_line    0x00000000000023f4      0x756 ./Src/uart.o
 .debug_line    0x0000000000002b4a       0x7b ./Startup/startup_stm32h747xihx.o

.debug_str      0x0000000000000000   0x10e31c
 .debug_str     0x0000000000000000   0x107a3b ./Src/led.o
                                     0x107c49 (size before relaxing)
 .debug_str     0x0000000000107a3b     0x3bf0 ./Src/main.o
                                     0x10b64d (size before relaxing)
 .debug_str     0x000000000010b62b      0xad5 ./Src/rtoskernel.o
                                     0x108885 (size before relaxing)
 .debug_str     0x000000000010c100     0x20e9 ./Src/syscalls.o
                                       0x9890 (size before relaxing)
 .debug_str     0x000000000010e1e9       0x66 ./Src/sysmem.o
                                       0x6047 (size before relaxing)
 .debug_str     0x000000000010e24f       0x9e ./Src/uart.o
                                     0x10b71e (size before relaxing)
 .debug_str     0x000000000010e2ed       0x2f ./Startup/startup_stm32h747xihx.o
                                         0x7c (size before relaxing)

.debug_frame    0x0000000000000000      0xee0
 .debug_frame   0x0000000000000000       0x70 ./Src/led.o
 .debug_frame   0x0000000000000070      0x12c ./Src/main.o
 .debug_frame   0x000000000000019c      0x1f0 ./Src/rtoskernel.o
 .debug_frame   0x000000000000038c      0x2ac ./Src/syscalls.o
 .debug_frame   0x0000000000000638       0x34 ./Src/sysmem.o
 .debug_frame   0x000000000000066c       0xa0 ./Src/uart.o
 .debug_frame   0x000000000000070c      0x144 D:/ST/STM32CubeIDE_1.14.0/STM32CubeIDE/plugins/com.st.stm32cube.ide.mcu.externaltools.gnu-tools-for-stm32.11.3.rel1.win32_1.1.100.202309141235/tools/bin/../lib/gcc/arm-none-eabi/11.3.1/../../../../arm-none-eabi/lib/thumb/v7e-m/nofp\libc_nano.a(libc_a-findfp.o)
 .debug_frame   0x0000000000000850       0x34 D:/ST/STM32CubeIDE_1.14.0/STM32CubeIDE/plugins/com.st.stm32cube.ide.mcu.externaltools.gnu-tools-for-stm32.11.3.rel1.win32_1.1.100.202309141235/tools/bin/../lib/gcc/arm-none-eabi/11.3.1/../../../../arm-none-eabi/lib/thumb/v7e-m/nofp\libc_nano.a(libc_a-fwalk.o)
 .debug_frame   0x0000000000000884       0x6c D:/ST/STM32CubeIDE_1.14.0/STM32CubeIDE/plugins/com.st.stm32cube.ide.mcu.externaltools.gnu-tools-for-stm32.11.3.rel1.win32_1.1.100.202309141235/tools/bin/../lib/gcc/arm-none-eabi/11.3.1/../../../../arm-none-eabi/lib/thumb/v7e-m/nofp\libc_nano.a(libc_a-printf.o)
 .debug_frame   0x00000000000008f0       0x88 D:/ST/STM32CubeIDE_1.14.0/STM32CubeIDE/plugins/com.st.stm32cube.ide.mcu.externaltools.gnu-tools-for-stm32.11.3.rel1.win32_1.1.100.202309141235/tools/bin/../lib/gcc/arm-none-eabi/11.3.1/../../../../arm-none-eabi/lib/thumb/v7e-m/nofp\libc_nano.a(libc_a-stdio.o)
 .debug_frame   0x0000000000000978       0x20 D:/ST/STM32CubeIDE_1.14.0/STM32CubeIDE/plugins/com.st.stm32cube.ide.mcu.externaltools.gnu-tools-for-stm32.11.3.rel1.win32_1.1.100.202309141235/tools/bin/../lib/gcc/arm-none-eabi/11.3.1/../../../../arm-none-eabi/lib/thumb/v7e-m/nofp\libc_nano.a(libc_a-memset.o)
 .debug_frame   0x0000000000000998       0x2c D:/ST/STM32CubeIDE_1.14.0/STM32CubeIDE/plugins/com.st.stm32cube.ide.mcu.externaltools.gnu-tools-for-stm32.11.3.rel1.win32_1.1.100.202309141235/tools/bin/../lib/gcc/arm-none-eabi/11.3.1/../../../../arm-none-eabi/lib/thumb/v7e-m/nofp\libc_nano.a(libc_a-closer.o)
 .debug_frame   0x00000000000009c4       0x38 D:/ST/STM32CubeIDE_1.14.0/STM32CubeIDE/plugins/com.st.stm32cube.ide.mcu.externaltools.gnu-tools-for-stm32.11.3.rel1.win32_1.1.100.202309141235/tools/bin/../lib/gcc/arm-none-eabi/11.3.1/../../../../arm-none-eabi/lib/thumb/v7e-m/nofp\libc_nano.a(libc_a-reent.o)
 .debug_frame   0x00000000000009fc       0x2c D:/ST/STM32CubeIDE_1.14.0/STM32CubeIDE/plugins/com.st.stm32cube.ide.mcu.externaltools.gnu-tools-for-stm32.11.3.rel1.win32_1.1.100.202309141235/tools/bin/../lib/gcc/arm-none-eabi/11.3.1/../../../../arm-none-eabi/lib/thumb/v7e-m/nofp\libc_nano.a(libc_a-lseekr.o)
 .debug_frame   0x0000000000000a28       0x2c D:/ST/STM32CubeIDE_1.14.0/STM32CubeIDE/plugins/com.st.stm32cube.ide.mcu.externaltools.gnu-tools-for-stm32.11.3.rel1.win32_1.1.100.202309141235/tools/bin/../lib/gcc/arm-none-eabi/11.3.1/../../../../arm-none-eabi/lib/thumb/v7e-m/nofp\libc_nano.a(libc_a-readr.o)
 .debug_frame   0x0000000000000a54       0x2c D:/ST/STM32CubeIDE_1.14.0/STM32CubeIDE/plugins/com.st.stm32cube.ide.mcu.externaltools.gnu-tools-for-stm32.11.3.rel1.win32_1.1.100.202309141235/tools/bin/../lib/gcc/arm-none-eabi/11.3.1/../../../../arm-none-eabi/lib/thumb/v7e-m/nofp\libc_nano.a(libc_a-writer.o)
 .debug_frame   0x0000000000000a80       0x20 D:/ST/STM32CubeIDE_1.14.0/STM32CubeIDE/plugins/com.st.stm32cube.ide.mcu.externaltools.gnu-tools-for-stm32.11.3.rel1.win32_1.1.100.202309141235/tools/bin/../lib/gcc/arm-none-eabi/11.3.1/../../../../arm-none-eabi/lib/thumb/v7e-m/nofp\libc_nano.a(libc_a-errno.o)
 .debug_frame   0x0000000000000aa0       0x2c D:/ST/STM32CubeIDE_1.14.0/STM32CubeIDE/plugins/com.st.stm32cube.ide.mcu.externaltools.gnu-tools-for-stm32.11.3.rel1.win32_1.1.100.202309141235/tools/bin/../lib/gcc/arm-none-eabi/11.3.1/../../../../arm-none-eabi/lib/thumb/v7e-m/nofp\libc_nano.a(libc_a-init.o)
 .debug_frame   0x0000000000000acc       0xb0 D:/ST/STM32CubeIDE_1.14.0/STM32CubeIDE/plugins/com.st.stm32cube.ide.mcu.externaltools.gnu-tools-for-stm32.11.3.rel1.win32_1.1.100.202309141235/tools/bin/../lib/gcc/arm-none-eabi/11.3.1/../../../../arm-none-eabi/lib/thumb/v7e-m/nofp\libc_nano.a(libc_a-lock.o)
 .debug_frame   0x0000000000000b7c       0x38 D:/ST/STM32CubeIDE_1.14.0/STM32CubeIDE/plugins/com.st.stm32cube.ide.mcu.externaltools.gnu-tools-for-stm32.11.3.rel1.win32_1.1.100.202309141235/tools/bin/../lib/gcc/arm-none-eabi/11.3.1/../../../../arm-none-eabi/lib/thumb/v7e-m/nofp\libc_nano.a(libc_a-freer.o)
 .debug_frame   0x0000000000000bb4       0x50 D:/ST/STM32CubeIDE_1.14.0/STM32CubeIDE/plugins/com.st.stm32cube.ide.mcu.externaltools.gnu-tools-for-stm32.11.3.rel1.win32_1.1.100.202309141235/tools/bin/../lib/gcc/arm-none-eabi/11.3.1/../../../../arm-none-eabi/lib/thumb/v7e-m/nofp\libc_nano.a(libc_a-mallocr.o)
 .debug_frame   0x0000000000000c04       0x30 D:/ST/STM32CubeIDE_1.14.0/STM32CubeIDE/plugins/com.st.stm32cube.ide.mcu.externaltools.gnu-tools-for-stm32.11.3.rel1.win32_1.1.100.202309141235/tools/bin/../lib/gcc/arm-none-eabi/11.3.1/../../../../arm-none-eabi/lib/thumb/v7e-m/nofp\libc_nano.a(libc_a-mlock.o)
 .debug_frame   0x0000000000000c34       0xa8 D:/ST/STM32CubeIDE_1.14.0/STM32CubeIDE/plugins/com.st.stm32cube.ide.mcu.externaltools.gnu-tools-for-stm32.11.3.rel1.win32_1.1.100.202309141235/tools/bin/../lib/gcc/arm-none-eabi/11.3.1/../../../../arm-none-eabi/lib/thumb/v7e-m/nofp\libc_nano.a(libc_a-nano-vfprintf.o)
 .debug_frame   0x0000000000000cdc       0x60 D:/ST/STM32CubeIDE_1.14.0/STM32CubeIDE/plugins/com.st.stm32cube.ide.mcu.externaltools.gnu-tools-for-stm32.11.3.rel1.win32_1.1.100.202309141235/tools/bin/../lib/gcc/arm-none-eabi/11.3.1/../../../../arm-none-eabi/lib/thumb/v7e-m/nofp\libc_nano.a(libc_a-nano-vfprintf_i.o)
 .debug_frame   0x0000000000000d3c       0x5c D:/ST/STM32CubeIDE_1.14.0/STM32CubeIDE/plugins/com.st.stm32cube.ide.mcu.externaltools.gnu-tools-for-stm32.11.3.rel1.win32_1.1.100.202309141235/tools/bin/../lib/gcc/arm-none-eabi/11.3.1/../../../../arm-none-eabi/lib/thumb/v7e-m/nofp\libc_nano.a(libc_a-fflush.o)
 .debug_frame   0x0000000000000d98       0x40 D:/ST/STM32CubeIDE_1.14.0/STM32CubeIDE/plugins/com.st.stm32cube.ide.mcu.externaltools.gnu-tools-for-stm32.11.3.rel1.win32_1.1.100.202309141235/tools/bin/../lib/gcc/arm-none-eabi/11.3.1/../../../../arm-none-eabi/lib/thumb/v7e-m/nofp\libc_nano.a(libc_a-wbuf.o)
 .debug_frame   0x0000000000000dd8       0x2c D:/ST/STM32CubeIDE_1.14.0/STM32CubeIDE/plugins/com.st.stm32cube.ide.mcu.externaltools.gnu-tools-for-stm32.11.3.rel1.win32_1.1.100.202309141235/tools/bin/../lib/gcc/arm-none-eabi/11.3.1/../../../../arm-none-eabi/lib/thumb/v7e-m/nofp\libc_nano.a(libc_a-wsetup.o)
 .debug_frame   0x0000000000000e04       0x2c D:/ST/STM32CubeIDE_1.14.0/STM32CubeIDE/plugins/com.st.stm32cube.ide.mcu.externaltools.gnu-tools-for-stm32.11.3.rel1.win32_1.1.100.202309141235/tools/bin/../lib/gcc/arm-none-eabi/11.3.1/../../../../arm-none-eabi/lib/thumb/v7e-m/nofp\libc_nano.a(libc_a-sbrkr.o)
 .debug_frame   0x0000000000000e30       0x58 D:/ST/STM32CubeIDE_1.14.0/STM32CubeIDE/plugins/com.st.stm32cube.ide.mcu.externaltools.gnu-tools-for-stm32.11.3.rel1.win32_1.1.100.202309141235/tools/bin/../lib/gcc/arm-none-eabi/11.3.1/../../../../arm-none-eabi/lib/thumb/v7e-m/nofp\libc_nano.a(libc_a-makebuf.o)
 .debug_frame   0x0000000000000e88       0x2c D:/ST/STM32CubeIDE_1.14.0/STM32CubeIDE/plugins/com.st.stm32cube.ide.mcu.externaltools.gnu-tools-for-stm32.11.3.rel1.win32_1.1.100.202309141235/tools/bin/../lib/gcc/arm-none-eabi/11.3.1/../../../../arm-none-eabi/lib/thumb/v7e-m/nofp\libc_nano.a(libc_a-fstatr.o)
 .debug_frame   0x0000000000000eb4       0x2c D:/ST/STM32CubeIDE_1.14.0/STM32CubeIDE/plugins/com.st.stm32cube.ide.mcu.externaltools.gnu-tools-for-stm32.11.3.rel1.win32_1.1.100.202309141235/tools/bin/../lib/gcc/arm-none-eabi/11.3.1/../../../../arm-none-eabi/lib/thumb/v7e-m/nofp\libc_nano.a(libc_a-isattyr.o)

.debug_line_str
                0x0000000000000000       0x70
 .debug_line_str
                0x0000000000000000       0x70 ./Startup/startup_stm32h747xihx.o
                                         0x88 (size before relaxing)
