Archive member included to satisfy reference by file (symbol)

D:/ST/STM32CubeIDE_1.14.0/STM32CubeIDE/plugins/com.st.stm32cube.ide.mcu.externaltools.gnu-tools-for-stm32.11.3.rel1.win32_1.1.100.202309141235/tools/bin/../lib/gcc/arm-none-eabi/11.3.1/../../../../arm-none-eabi/lib/thumb/v7e-m/nofp\libc_nano.a(libc_a-exit.o)
                              D:/ST/STM32CubeIDE_1.14.0/STM32CubeIDE/plugins/com.st.stm32cube.ide.mcu.externaltools.gnu-tools-for-stm32.11.3.rel1.win32_1.1.100.202309141235/tools/bin/../lib/gcc/arm-none-eabi/11.3.1/../../../../arm-none-eabi/lib/thumb/v7e-m/nofp/crt0.o (exit)
D:/ST/STM32CubeIDE_1.14.0/STM32CubeIDE/plugins/com.st.stm32cube.ide.mcu.externaltools.gnu-tools-for-stm32.11.3.rel1.win32_1.1.100.202309141235/tools/bin/../lib/gcc/arm-none-eabi/11.3.1/../../../../arm-none-eabi/lib/thumb/v7e-m/nofp\libc_nano.a(libc_a-findfp.o)
                              D:/ST/STM32CubeIDE_1.14.0/STM32CubeIDE/plugins/com.st.stm32cube.ide.mcu.externaltools.gnu-tools-for-stm32.11.3.rel1.win32_1.1.100.202309141235/tools/bin/../lib/gcc/arm-none-eabi/11.3.1/../../../../arm-none-eabi/lib/thumb/v7e-m/nofp\libc_nano.a(libc_a-exit.o) (__stdio_exit_handler)
D:/ST/STM32CubeIDE_1.14.0/STM32CubeIDE/plugins/com.st.stm32cube.ide.mcu.externaltools.gnu-tools-for-stm32.11.3.rel1.win32_1.1.100.202309141235/tools/bin/../lib/gcc/arm-none-eabi/11.3.1/../../../../arm-none-eabi/lib/thumb/v7e-m/nofp\libc_nano.a(libc_a-fwalk.o)
                              D:/ST/STM32CubeIDE_1.14.0/STM32CubeIDE/plugins/com.st.stm32cube.ide.mcu.externaltools.gnu-tools-for-stm32.11.3.rel1.win32_1.1.100.202309141235/tools/bin/../lib/gcc/arm-none-eabi/11.3.1/../../../../arm-none-eabi/lib/thumb/v7e-m/nofp\libc_nano.a(libc_a-findfp.o) (_fwalk_sglue)
D:/ST/STM32CubeIDE_1.14.0/STM32CubeIDE/plugins/com.st.stm32cube.ide.mcu.externaltools.gnu-tools-for-stm32.11.3.rel1.win32_1.1.100.202309141235/tools/bin/../lib/gcc/arm-none-eabi/11.3.1/../../../../arm-none-eabi/lib/thumb/v7e-m/nofp\libc_nano.a(libc_a-printf.o)
                              ./Src/main.o (printf)
D:/ST/STM32CubeIDE_1.14.0/STM32CubeIDE/plugins/com.st.stm32cube.ide.mcu.externaltools.gnu-tools-for-stm32.11.3.rel1.win32_1.1.100.202309141235/tools/bin/../lib/gcc/arm-none-eabi/11.3.1/../../../../arm-none-eabi/lib/thumb/v7e-m/nofp\libc_nano.a(libc_a-stdio.o)
                              D:/ST/STM32CubeIDE_1.14.0/STM32CubeIDE/plugins/com.st.stm32cube.ide.mcu.externaltools.gnu-tools-for-stm32.11.3.rel1.win32_1.1.100.202309141235/tools/bin/../lib/gcc/arm-none-eabi/11.3.1/../../../../arm-none-eabi/lib/thumb/v7e-m/nofp\libc_nano.a(libc_a-findfp.o) (__sread)
D:/ST/STM32CubeIDE_1.14.0/STM32CubeIDE/plugins/com.st.stm32cube.ide.mcu.externaltools.gnu-tools-for-stm32.11.3.rel1.win32_1.1.100.202309141235/tools/bin/../lib/gcc/arm-none-eabi/11.3.1/../../../../arm-none-eabi/lib/thumb/v7e-m/nofp\libc_nano.a(libc_a-memset.o)
                              D:/ST/STM32CubeIDE_1.14.0/STM32CubeIDE/plugins/com.st.stm32cube.ide.mcu.externaltools.gnu-tools-for-stm32.11.3.rel1.win32_1.1.100.202309141235/tools/bin/../lib/gcc/arm-none-eabi/11.3.1/../../../../arm-none-eabi/lib/thumb/v7e-m/nofp/crt0.o (memset)
D:/ST/STM32CubeIDE_1.14.0/STM32CubeIDE/plugins/com.st.stm32cube.ide.mcu.externaltools.gnu-tools-for-stm32.11.3.rel1.win32_1.1.100.202309141235/tools/bin/../lib/gcc/arm-none-eabi/11.3.1/../../../../arm-none-eabi/lib/thumb/v7e-m/nofp\libc_nano.a(libc_a-closer.o)
                              D:/ST/STM32CubeIDE_1.14.0/STM32CubeIDE/plugins/com.st.stm32cube.ide.mcu.externaltools.gnu-tools-for-stm32.11.3.rel1.win32_1.1.100.202309141235/tools/bin/../lib/gcc/arm-none-eabi/11.3.1/../../../../arm-none-eabi/lib/thumb/v7e-m/nofp\libc_nano.a(libc_a-stdio.o) (_close_r)
D:/ST/STM32CubeIDE_1.14.0/STM32CubeIDE/plugins/com.st.stm32cube.ide.mcu.externaltools.gnu-tools-for-stm32.11.3.rel1.win32_1.1.100.202309141235/tools/bin/../lib/gcc/arm-none-eabi/11.3.1/../../../../arm-none-eabi/lib/thumb/v7e-m/nofp\libc_nano.a(libc_a-reent.o)
                              D:/ST/STM32CubeIDE_1.14.0/STM32CubeIDE/plugins/com.st.stm32cube.ide.mcu.externaltools.gnu-tools-for-stm32.11.3.rel1.win32_1.1.100.202309141235/tools/bin/../lib/gcc/arm-none-eabi/11.3.1/../../../../arm-none-eabi/lib/thumb/v7e-m/nofp\libc_nano.a(libc_a-closer.o) (errno)
D:/ST/STM32CubeIDE_1.14.0/STM32CubeIDE/plugins/com.st.stm32cube.ide.mcu.externaltools.gnu-tools-for-stm32.11.3.rel1.win32_1.1.100.202309141235/tools/bin/../lib/gcc/arm-none-eabi/11.3.1/../../../../arm-none-eabi/lib/thumb/v7e-m/nofp\libc_nano.a(libc_a-impure.o)
                              D:/ST/STM32CubeIDE_1.14.0/STM32CubeIDE/plugins/com.st.stm32cube.ide.mcu.externaltools.gnu-tools-for-stm32.11.3.rel1.win32_1.1.100.202309141235/tools/bin/../lib/gcc/arm-none-eabi/11.3.1/../../../../arm-none-eabi/lib/thumb/v7e-m/nofp\libc_nano.a(libc_a-printf.o) (_impure_ptr)
[...]
Memory Configuration

Name             Origin             Length             Attributes
FLASH            0x0000000008100000 0x0000000000100000 xr
RAM              0x0000000010000000 0x0000000000048000 xrw
*default*        0x0000000000000000 0xffffffffffffffff

Linker script and memory map

LOAD D:/ST/STM32CubeIDE_1.14.0/STM32CubeIDE/plugins/com.st.stm32cube.ide.mcu.externaltools.gnu-tools-for-stm32.11.3.rel1.win32_1.1.100.202309141235/tools/bin/../lib/gcc/arm-none-eabi/11.3.1/thumb/v7e-m/nofp/crti.o
LOAD D:/ST/STM32CubeIDE_1.14.0/STM32CubeIDE/plugins/com.st.stm32cube.ide.mcu.externaltools.gnu-tools-for-stm32.11.3.rel1.win32_1.1.100.202309141235/tools/bin/../lib/gcc/arm-none-eabi/11.3.1/thumb/v7e-m/nofp/crtbegin.o
LOAD D:/ST/STM32CubeIDE_1.14.0/STM32CubeIDE/plugins/com.st.stm32cube.ide.mcu.externaltools.gnu-tools-for-stm32.11.3.rel1.win32_1.1.100.202309141235/tools/bin/../lib/gcc/arm-none-eabi/11.3.1/../../../../arm-none-eabi/lib/thumb/v7e-m/nofp/crt0.o
LOAD ./Src/led.o
LOAD ./Src/main.o
LOAD ./Src/rtoskernel.o
LOAD ./Src/syscalls.o
LOAD ./Src/sysmem.o
LOAD ./Src/timebase.o
LOAD ./Src/uart.o
LOAD ./Startup/startup_stm32h747xihx.o
START GROUP
LOAD D:/ST/STM32CubeIDE_1.14.0/STM32CubeIDE/plugins/com.st.stm32cube.ide.mcu.externaltools.gnu-tools-for-stm32.11.3.rel1.win32_1.1.100.202309141235/tools/bin/../lib/gcc/arm-none-eabi/11.3.1/../../../../arm-none-eabi/lib/thumb/v7e-m/nofp\libc_nano.a
LOAD D:/ST/STM32CubeIDE_1.14.0/STM32CubeIDE/plugins/com.st.stm32cube.ide.mcu.externaltools.gnu-tools-for-stm32.11.3.rel1.win32_1.1.100.202309141235/tools/bin/../lib/gcc/arm-none-eabi/11.3.1/../../../../arm-none-eabi/lib/thumb/v7e-m/nofp\libm.a
END GROUP
START GROUP
LOAD D:/ST/STM32CubeIDE_1.14.0/STM32CubeIDE/plugins/com.st.stm32cube.ide.mcu.externaltools.gnu-tools-for-stm32.11.3.rel1.win32_1.1.100.202309141235/tools/bin/../lib/gcc/arm-none-eabi/11.3.1/thumb/v7e-m/nofp\libgcc.a
LOAD D:/ST/STM32CubeIDE_1.14.0/STM32CubeIDE/plugins/com.st.stm32cube.ide.mcu.externaltools.gnu-tools-for-stm32.11.3.rel1.win32_1.1.100.202309141235/tools/bin/../lib/gcc/arm-none-eabi/11.3.1/../../../../arm-none-eabi/lib/thumb/v7e-m/nofp\libc_nano.a
END GROUP
START GROUP
LOAD D:/ST/STM32CubeIDE_1.14.0/STM32CubeIDE/plugins/com.st.stm32cube.ide.mcu.externaltools.gnu-tools-for-stm32.11.3.rel1.win32_1.1.100.202309141235/tools/bin/../lib/gcc/arm-none-eabi/11.3.1/thumb/v7e-m/nofp\libgcc.a
LOAD D:/ST/STM32CubeIDE_1.14.0/STM32CubeIDE/plugins/com.st.stm32cube.ide.mcu.externaltools.gnu-tools-for-stm32.11.3.rel1.win32_1.1.100.202309141235/tools/bin/../lib/gcc/arm-none-eabi/11.3.1/../../../../arm-none-eabi/lib/thumb/v7e-m/nofp\libc_nano.a
LOAD D:/ST/STM32CubeIDE_1.14.0/STM32CubeIDE/plugins/com.st.stm32cube.ide.mcu.externaltools.gnu-tools-for-stm32.11.3.rel1.win32_1.1.100.202309141235/tools/bin/../lib/gcc/arm-none-eabi/11.3.1/../../../../arm-none-eabi/lib/thumb/v7e-m/nofp\libnosys.a
END GROUP
START GROUP
LOAD D:/ST/STM32CubeIDE_1.14.0/STM32CubeIDE/plugins/com.st.stm32cube.ide.mcu.externaltools.gnu-tools-for-stm32.11.3.rel1.win32_1.1.100.202309141235/tools/bin/../lib/gcc/arm-none-eabi/11.3.1/thumb/v7e-m/nofp\libgcc.a
LOAD D:/ST/STM32CubeIDE_1.14.0/STM32CubeIDE/plugins/com.st.stm32cube.ide.mcu.externaltools.gnu-tools-for-stm32.11.3.rel1.win32_1.1.100.202309141235/tools/bin/../lib/gcc/arm-none-eabi/11.3.1/../../../../arm-none-eabi/lib/thumb/v7e-m/nofp\libc_nano.a
LOAD D:/ST/STM32CubeIDE_1.14.0/STM32CubeIDE/plugins/com.st.stm32cube.ide.mcu.externaltools.gnu-tools-for-stm32.11.3.rel1.win32_1.1.100.202309141235/tools/bin/../lib/gcc/arm-none-eabi/11.3.1/../../../../arm-none-eabi/lib/thumb/v7e-m/nofp\libnosys.a
END GROUP
LOAD D:/ST/STM32CubeIDE_1.14.0/STM32CubeIDE/plugins/com.st.stm32cube.ide.mcu.externaltools.gnu-tools-for-stm32.11.3.rel1.win32_1.1.100.202309141235/tools/bin/../lib/gcc/arm-none-eabi/11.3.1/thumb/v7e-m/nofp/crtend.o
LOAD D:/ST/STM32CubeIDE_1.14.0/STM32CubeIDE/plugins/com.st.stm32cube.ide.mcu.externaltools.gnu-tools-for-stm32.11.3.rel1.win32_1.1.100.202309141235/tools/bin/../lib/gcc/arm-none-eabi/11.3.1/thumb/v7e-m/nofp/crtn.o
                0x0000000010048000                _estack = (ORIGIN (RAM) + LENGTH (RAM))
                0x0000000000000200                _Min_Heap_Size = 0x200
                0x0000000000000400                _Min_Stack_Size = 0x400

.isr_vector     0x0000000008100000      0x298
                0x0000000008100000                . = ALIGN (0x4)
 *(.isr_vector)
 .isr_vector    0x0000000008100000      0x298 ./Startup/startup_stm32h747xihx.o
                0x0000000008100000                g_pfnVectors
                0x0000000008100298                . = ALIGN (0x4)

.text           0x00000000081002a0     0x1874
                0x00000000081002a0                . = ALIGN (0x4)
 *(.text)
 .text          0x00000000081002a0       0x40 D:/ST/STM32CubeIDE_1.14.0/STM32CubeIDE/plugins/com.st.stm32cube.ide.mcu.externaltools.gnu-tools-for-stm32.11.3.rel1.win32_1.1.100.202309141235/tools/bin/../lib/gcc/arm-none-eabi/11.3.1/thumb/v7e-m/nofp/crtbegin.o
 .text          0x00000000081002e0       0xa0 D:/ST/STM32CubeIDE_1.14.0/STM32CubeIDE/plugins/com.st.stm32cube.ide.mcu.externaltools.gnu-tools-for-stm32.11.3.rel1.win32_1.1.100.202309141235/tools/bin/../lib/gcc/arm-none-eabi/11.3.1/../../../../arm-none-eabi/lib/thumb/v7e-m/nofp\libc_nano.a(libc_a-memchr.o)
                0x00000000081002e0                memchr
 *(.text*)
 .text.led_init
                0x0000000008100380       0x3c ./Src/led.o
                0x0000000008100380                led_init
 .text.park_mode
                0x00000000081003bc       0x14 ./Src/main.o
                0x00000000081003bc                park_mode
 .text.drive_mode
                0x00000000081003d0       0x14 ./Src/main.o
                0x00000000081003d0                drive_mode
 .text.task0    0x00000000081003e4       0x30 ./Src/main.o
                0x00000000081003e4                task0
 .text.task1    0x0000000008100414       0x14 ./Src/main.o
                0x0000000008100414                task1
 .text.task2    0x0000000008100428       0x30 ./Src/main.o
                0x0000000008100428                task2
 .text.main     0x0000000008100458       0x68 ./Src/main.o
                0x0000000008100458                main
 .text.__NVIC_SetPriority
                0x00000000081004c0       0x54 ./Src/rtoskernel.o
 .text.rtosKernelThreadStackInit
                0x0000000008100514      0x19c ./Src/rtoskernel.o
                0x0000000008100514                rtosKernelThreadStackInit
 .text.initThreadNext
                0x00000000081006b0       0x60 ./Src/rtoskernel.o
                0x00000000081006b0                initThreadNext
 .text.rtosKernelAddThread
                0x0000000008100710       0x50 ./Src/rtoskernel.o
                0x0000000008100710                rtosKernelAddThread
 .text.rtosKernelClkInit
                0x0000000008100760       0x18 ./Src/rtoskernel.o
                0x0000000008100760                rtosKernelClkInit
 .text.rtosKernelLaunch
                0x0000000008100778       0x70 ./Src/rtoskernel.o
                0x0000000008100778                rtosKernelLaunch
 .text.SysTick_Handler
                0x00000000081007e8       0x24 ./Src/rtoskernel.o
                0x00000000081007e8                SysTick_Handler
 .text.rtosSchedulerLaunch
                0x000000000810080c       0x30 ./Src/rtoskernel.o
                0x000000000810080c                rtosSchedulerLaunch
 .text.rtosThreadYield
                0x000000000810083c       0x24 ./Src/rtoskernel.o
                0x000000000810083c                rtosThreadYield
 .text.rtosSempahoreInit
                0x0000000008100860       0x1a ./Src/rtoskernel.o
                0x0000000008100860                rtosSempahoreInit
 .text.rtosSemaphoreCntGive
                0x000000000810087a       0x24 ./Src/rtoskernel.o
                0x000000000810087a                rtosSemaphoreCntGive
 .text.rtosSemaphoreCntTake
                0x000000000810089e       0x38 ./Src/rtoskernel.o
                0x000000000810089e                rtosSemaphoreCntTake
 .text._read    0x00000000081008d6       0x3a ./Src/syscalls.o
                0x00000000081008d6                _read
 .text._write   0x0000000008100910       0x38 ./Src/syscalls.o
                0x0000000008100910                _write
 .text._close   0x0000000008100948       0x16 ./Src/syscalls.o
                0x0000000008100948                _close
 .text._fstat   0x000000000810095e       0x1e ./Src/syscalls.o
                0x000000000810095e                _fstat
 .text._isatty  0x000000000810097c       0x14 ./Src/syscalls.o
                0x000000000810097c                _isatty
 .text._lseek   0x0000000008100990       0x18 ./Src/syscalls.o
                0x0000000008100990                _lseek
 .text._sbrk    0x00000000081009a8       0x6c ./Src/sysmem.o
                0x00000000081009a8                _sbrk
 .text.__NVIC_EnableIRQ
                0x0000000008100a14       0x38 ./Src/timebase.o
 .text.delay    0x0000000008100a4c       0x44 ./Src/timebase.o
                0x0000000008100a4c                delay
 .text.get_tick
                0x0000000008100a90       0x28 ./Src/timebase.o
                0x0000000008100a90                get_tick
 .text.tick_increment
                0x0000000008100ab8       0x24 ./Src/timebase.o
                0x0000000008100ab8                tick_increment
 .text.tim2_1MS_tick_init
                0x0000000008100adc       0x4c ./Src/timebase.o
                0x0000000008100adc                tim2_1MS_tick_init
 .text.TIM2_IRQHandler
                0x0000000008100b28       0x2c ./Src/timebase.o
                0x0000000008100b28                TIM2_IRQHandler
 .text.__io_putchar
                0x0000000008100b54       0x18 ./Src/uart.o
                0x0000000008100b54                __io_putchar
 .text.uart_tx_init
                0x0000000008100b6c       0x84 ./Src/uart.o
                0x0000000008100b6c                uart_tx_init
 .text.uart_write
                0x0000000008100bf0       0x2c ./Src/uart.o
 .text.uart_set_baudrate
                0x0000000008100c1c       0x2c ./Src/uart.o
 .text.Reset_Handler
                0x0000000008100c48       0x50 ./Startup/startup_stm32h747xihx.o
                0x0000000008100c48                Reset_Handler
 .text.Default_Handler
                0x0000000008100c98        0x2 ./Startup/startup_stm32h747xihx.o
                0x0000000008100c98                EXTI2_IRQHandler
                0x0000000008100c98                cm7_sev_it_IRQHandler
                0x0000000008100c98                TIM8_CC_IRQHandler
                0x0000000008100c98                DMA_STR2_IRQHandler
                0x0000000008100c98                DebugMon_Handler
                0x0000000008100c98                UART8_IRQHandler
                0x0000000008100c98                SPI4_IRQHandler
                0x0000000008100c98                HRTIM1_MST_IRQHandler
                0x0000000008100c98                HardFault_Handler
                0x0000000008100c98                DMA_STR5_IRQHandler
                0x0000000008100c98                HRTIM1_FLT_IRQHandler
                0x0000000008100c98                JPEG_IRQHandler
                0x0000000008100c98                DMA2_STR1_IRQHandler
                0x0000000008100c98                DMA2_STR5_IRQHandler
                0x0000000008100c98                HRTIM1_TIMD_IRQHandler
                0x0000000008100c98                PendSV_Handler
                0x0000000008100c98                NMI_Handler
                0x0000000008100c98                EXTI3_IRQHandler
                0x0000000008100c98                LPTIM4_IRQHandler
                0x0000000008100c98                TIM8_TRG_COM_TIM14_IRQHandler
                0x0000000008100c98                LPTIM2_IRQHandler
                0x0000000008100c98                DFSDM1_FLT1_IRQHandler
                0x0000000008100c98                DMAMUX2_OVR_IRQHandler
                0x0000000008100c98                TIM8_UP_TIM13_IRQHandler
                0x0000000008100c98                I2C3_ER_IRQHandler
                0x0000000008100c98                DFSDM1_FLT2_IRQHandler
                0x0000000008100c98                MDMA_IRQHandler
                0x0000000008100c98                LPTIM3_IRQHandler
                0x0000000008100c98                HSEM1_IRQHandler
                0x0000000008100c98                EXTI0_IRQHandler
                0x0000000008100c98                I2C2_EV_IRQHandler
                0x0000000008100c98                DMA_STR1_IRQHandler
                0x0000000008100c98                OTG_HS_WKUP_IRQHandler
                0x0000000008100c98                FDCAN1_IT1_IRQHandler
                0x0000000008100c98                UsageFault_Handler
                0x0000000008100c98                LTDC_ER_IRQHandler
                0x0000000008100c98                ADC1_2_IRQHandler
                0x0000000008100c98                SPI1_IRQHandler
                0x0000000008100c98                BDMA_CH2_IRQHandler
                0x0000000008100c98                TIM6_DAC_IRQHandler
                0x0000000008100c98                DCMI_IRQHandler
                0x0000000008100c98                HRTIM1_TIMC_IRQHandler
                0x0000000008100c98                SDMMC_IRQHandler
                0x0000000008100c98                RTC_ALARM_IRQHandler
                0x0000000008100c98                DMA_STR0_IRQHandler
                0x0000000008100c98                SAI2_IRQHandler
                0x0000000008100c98                DMA2_STR3_IRQHandler
                0x0000000008100c98                DFSDM1_FLT3_IRQHandler
                0x0000000008100c98                USART6_IRQHandler
                0x0000000008100c98                BDMA_CH5_IRQHandler
                0x0000000008100c98                TIM17_IRQHandler
                0x0000000008100c98                BDMA_CH6_IRQHandler
                0x0000000008100c98                USART3_IRQHandler
                0x0000000008100c98                WKUP_IRQHandler
                0x0000000008100c98                BDMA_CH3_IRQHandler
                0x0000000008100c98                LPTIM5_IRQHandler
                0x0000000008100c98                LPUART_IRQHandler
                0x0000000008100c98                UART5_IRQHandler
                0x0000000008100c98                ADC3_IRQHandler
                0x0000000008100c98                DMA_STR6_IRQHandler
                0x0000000008100c98                TIM4_IRQHandler
                0x0000000008100c98                QUADSPI_IRQHandler
                0x0000000008100c98                I2C1_EV_IRQHandler
                0x0000000008100c98                DMA1_STR7_IRQHandler
                0x0000000008100c98                TIM16_IRQHandler
                0x0000000008100c98                UART4_IRQHandler
                0x0000000008100c98                TIM3_IRQHandler
                0x0000000008100c98                RCC_IRQHandler
                0x0000000008100c98                TIM8_BRK_TIM12_IRQHandler
                0x0000000008100c98                TIM1_TRG_COM_IRQHandler
                0x0000000008100c98                Default_Handler
                0x0000000008100c98                HRTIM_TIMB_IRQHandler
                0x0000000008100c98                CEC_IRQHandler
                0x0000000008100c98                EXTI15_10_IRQHandler
                0x0000000008100c98                BDMA_CH4_IRQHandler
                0x0000000008100c98                DMA_STR3_IRQHandler
                0x0000000008100c98                HRTIM_TIME_IRQHandler
                0x0000000008100c98                HRTIM1_TIMA_IRQHandler
                0x0000000008100c98                SPI5_IRQHandler
                0x0000000008100c98                TIM7_IRQHandler
                0x0000000008100c98                SDMMC1_IRQHandler
                0x0000000008100c98                TIM5_IRQHandler
                0x0000000008100c98                SPDIF_IRQHandler
                0x0000000008100c98                TIM15_IRQHandler
                0x0000000008100c98                I2C3_EV_IRQHandler
                0x0000000008100c98                WWDG1_RST_IRQHandler
                0x0000000008100c98                EXTI9_5_IRQHandler
                0x0000000008100c98                DMA2_STR4_IRQHandler
                0x0000000008100c98                RTC_WKUP_IRQHandler
                0x0000000008100c98                DMA2_STR6_IRQHandler
                0x0000000008100c98                LTDC_IRQHandler
                0x0000000008100c98                SAI3_IRQHandler
                0x0000000008100c98                ETH_WKUP_IRQHandler
                0x0000000008100c98                PVD_PVM_IRQHandler
                0x0000000008100c98                SPI2_IRQHandler
                0x0000000008100c98                OTG_HS_EP1_IN_IRQHandler
                0x0000000008100c98                MemManage_Handler
                0x0000000008100c98                DMA2_STR0_IRQHandler
                0x0000000008100c98                SVC_Handler
                0x0000000008100c98                CRS_IRQHandler
                0x0000000008100c98                EXTI4_IRQHandler
                0x0000000008100c98                DMAMUX1_OV_IRQHandler
                0x0000000008100c98                FDCAN2_IT1_IRQHandler
                0x0000000008100c98                DMA_STR4_IRQHandler
                0x0000000008100c98                COMP_IRQHandler
                0x0000000008100c98                DMA2_STR2_IRQHandler
                0x0000000008100c98                ETH_IRQHandler
                0x0000000008100c98                TIM1_UP_IRQHandler
                0x0000000008100c98                DMA2_STR7_IRQHandler
                0x0000000008100c98                OTG_HS_EP1_OUT_IRQHandler
                0x0000000008100c98                SPI6_IRQHandler
                0x0000000008100c98                MDIOS_IRQHandler
                0x0000000008100c98                I2C4_EV_IRQHandler
                0x0000000008100c98                FDCAN2_IT0_IRQHandler
                0x0000000008100c98                BDMA_CH7_IRQHandler
                0x0000000008100c98                FDCAN1_IT0_IRQHandler
                0x0000000008100c98                OTG_FS_WKUP_IRQHandler
                0x0000000008100c98                OTG_HS_IRQHandler
                0x0000000008100c98                DMA2D_IRQHandler
                0x0000000008100c98                TIM1_BRK_IRQHandler
                0x0000000008100c98                EXTI1_IRQHandler
                0x0000000008100c98                OTG_FS_EP1_OUT_IRQHandler
                0x0000000008100c98                HOLD_CORE_IRQHandler
                0x0000000008100c98                UART7_IRQHandler
                0x0000000008100c98                MDIOS_WKUP_IRQHandler
                0x0000000008100c98                USART2_IRQHandler
                0x0000000008100c98                DFSDM1_FLT0_IRQHandler
                0x0000000008100c98                SAI4_IRQHandler
                0x0000000008100c98                WWDG2_IRQHandler
                0x0000000008100c98                I2C2_ER_IRQHandler
                0x0000000008100c98                FLASH_IRQHandler
                0x0000000008100c98                BusFault_Handler
                0x0000000008100c98                USART1_IRQHandler
                0x0000000008100c98                OTG_FS_IRQHandler
                0x0000000008100c98                SPI3_IRQHandler
                0x0000000008100c98                OTG_FS_EP1_IN_IRQHandler
                0x0000000008100c98                I2C1_ER_IRQHandler
                0x0000000008100c98                FMC_IRQHandler
                0x0000000008100c98                BDMA_CH1_IRQHandler
                0x0000000008100c98                FDCAN_CAL_IRQHandler
                0x0000000008100c98                SWPMI1_IRQHandler
                0x0000000008100c98                LPTIM1_IRQHandler
                0x0000000008100c98                BDMA_CH8_IRQHandler
                0x0000000008100c98                TIM_CC_IRQHandler
                0x0000000008100c98                I2C4_ER_IRQHandler
                0x0000000008100c98                SAI1_IRQHandler
                0x0000000008100c98                RTC_TAMP_STAMP_CSS_LSE_IRQHandler
 *fill*         0x0000000008100c9a        0x2 
 .text.std      0x0000000008100c9c       0x6c D:/ST/STM32CubeIDE_1.14.0/STM32CubeIDE/plugins/com.st.stm32cube.ide.mcu.externaltools.gnu-tools-for-stm32.11.3.rel1.win32_1.1.100.202309141235/tools/bin/../lib/gcc/arm-none-eabi/11.3.1/../../../../arm-none-eabi/lib/thumb/v7e-m/nofp\libc_nano.a(libc_a-findfp.o)
 .text.stdio_exit_handler
                0x0000000008100d08       0x18 D:/ST/STM32CubeIDE_1.14.0/STM32CubeIDE/plugins/com.st.stm32cube.ide.mcu.externaltools.gnu-tools-for-stm32.11.3.rel1.win32_1.1.100.202309141235/tools/bin/../lib/gcc/arm-none-eabi/11.3.1/../../../../arm-none-eabi/lib/thumb/v7e-m/nofp\libc_nano.a(libc_a-findfp.o)
 .text.cleanup_stdio
                0x0000000008100d20       0x40 D:/ST/STM32CubeIDE_1.14.0/STM32CubeIDE/plugins/com.st.stm32cube.ide.mcu.externaltools.gnu-tools-for-stm32.11.3.rel1.win32_1.1.100.202309141235/tools/bin/../lib/gcc/arm-none-eabi/11.3.1/../../../../arm-none-eabi/lib/thumb/v7e-m/nofp\libc_nano.a(libc_a-findfp.o)
 .text.global_stdio_init.part.0
                0x0000000008100d60       0x3c D:/ST/STM32CubeIDE_1.14.0/STM32CubeIDE/plugins/com.st.stm32cube.ide.mcu.externaltools.gnu-tools-for-stm32.11.3.rel1.win32_1.1.100.202309141235/tools/bin/../lib/gcc/arm-none-eabi/11.3.1/../../../../arm-none-eabi/lib/thumb/v7e-m/nofp\libc_nano.a(libc_a-findfp.o)
 .text.__sfp_lock_acquire
                0x0000000008100d9c        0xc D:/ST/STM32CubeIDE_1.14.0/STM32CubeIDE/plugins/com.st.stm32cube.ide.mcu.externaltools.gnu-tools-for-stm32.11.3.rel1.win32_1.1.100.202309141235/tools/bin/../lib/gcc/arm-none-eabi/11.3.1/../../../../arm-none-eabi/lib/thumb/v7e-m/nofp\libc_nano.a(libc_a-findfp.o)
                0x0000000008100d9c                __sfp_lock_acquire
 .text.__sfp_lock_release
                0x0000000008100da8        0xc D:/ST/STM32CubeIDE_1.14.0/STM32CubeIDE/plugins/com.st.stm32cube.ide.mcu.externaltools.gnu-tools-for-stm32.11.3.rel1.win32_1.1.100.202309141235/tools/bin/../lib/gcc/arm-none-eabi/11.3.1/../../../../arm-none-eabi/lib/thumb/v7e-m/nofp\libc_nano.a(libc_a-findfp.o)
                0x0000000008100da8                __sfp_lock_release
 .text.__sinit  0x0000000008100db4       0x30 D:/ST/STM32CubeIDE_1.14.0/STM32CubeIDE/plugins/com.st.stm32cube.ide.mcu.externaltools.gnu-tools-for-stm32.11.3.rel1.win32_1.1.100.202309141235/tools/bin/../lib/gcc/arm-none-eabi/11.3.1/../../../../arm-none-eabi/lib/thumb/v7e-m/nofp\libc_nano.a(libc_a-findfp.o)
                0x0000000008100db4                __sinit
 .text._fwalk_sglue
                0x0000000008100de4       0x3c D:/ST/STM32CubeIDE_1.14.0/STM32CubeIDE/plugins/com.st.stm32cube.ide.mcu.externaltools.gnu-tools-for-stm32.11.3.rel1.win32_1.1.100.202309141235/tools/bin/../lib/gcc/arm-none-eabi/11.3.1/../../../../arm-none-eabi/lib/thumb/v7e-m/nofp\libc_nano.a(libc_a-fwalk.o)
                0x0000000008100de4                _fwalk_sglue
 .text.printf   0x0000000008100e20       0x24 D:/ST/STM32CubeIDE_1.14.0/STM32CubeIDE/plugins/com.st.stm32cube.ide.mcu.externaltools.gnu-tools-for-stm32.11.3.rel1.win32_1.1.100.202309141235/tools/bin/../lib/gcc/arm-none-eabi/11.3.1/../../../../arm-none-eabi/lib/thumb/v7e-m/nofp\libc_nano.a(libc_a-printf.o)
                0x0000000008100e20                iprintf
                0x0000000008100e20                printf
 .text.__sread  0x0000000008100e44       0x22 D:/ST/STM32CubeIDE_1.14.0/STM32CubeIDE/plugins/com.st.stm32cube.ide.mcu.externaltools.gnu-tools-for-stm32.11.3.rel1.win32_1.1.100.202309141235/tools/bin/../lib/gcc/arm-none-eabi/11.3.1/../../../../arm-none-eabi/lib/thumb/v7e-m/nofp\libc_nano.a(libc_a-stdio.o)
                0x0000000008100e44                __sread
 .text.__swrite
                0x0000000008100e66       0x38 D:/ST/STM32CubeIDE_1.14.0/STM32CubeIDE/plugins/com.st.stm32cube.ide.mcu.externaltools.gnu-tools-for-stm32.11.3.rel1.win32_1.1.100.202309141235/tools/bin/../lib/gcc/arm-none-eabi/11.3.1/../../../../arm-none-eabi/lib/thumb/v7e-m/nofp\libc_nano.a(libc_a-stdio.o)
                0x0000000008100e66                __swrite
 .text.__sseek  0x0000000008100e9e       0x24 D:/ST/STM32CubeIDE_1.14.0/STM32CubeIDE/plugins/com.st.stm32cube.ide.mcu.externaltools.gnu-tools-for-stm32.11.3.rel1.win32_1.1.100.202309141235/tools/bin/../lib/gcc/arm-none-eabi/11.3.1/../../../../arm-none-eabi/lib/thumb/v7e-m/nofp\libc_nano.a(libc_a-stdio.o)
                0x0000000008100e9e                __sseek
 .text.__sclose
                0x0000000008100ec2        0x8 D:/ST/STM32CubeIDE_1.14.0/STM32CubeIDE/plugins/com.st.stm32cube.ide.mcu.externaltools.gnu-tools-for-stm32.11.3.rel1.win32_1.1.100.202309141235/tools/bin/../lib/gcc/arm-none-eabi/11.3.1/../../../../arm-none-eabi/lib/thumb/v7e-m/nofp\libc_nano.a(libc_a-stdio.o)
                0x0000000008100ec2                __sclose
 .text.memset   0x0000000008100eca       0x10 D:/ST/STM32CubeIDE_1.14.0/STM32CubeIDE/plugins/com.st.stm32cube.ide.mcu.externaltools.gnu-tools-for-stm32.11.3.rel1.win32_1.1.100.202309141235/tools/bin/../lib/gcc/arm-none-eabi/11.3.1/../../../../arm-none-eabi/lib/thumb/v7e-m/nofp\libc_nano.a(libc_a-memset.o)
                0x0000000008100eca                memset
 *fill*         0x0000000008100eda        0x2 
 .text._close_r
                0x0000000008100edc       0x20 D:/ST/STM32CubeIDE_1.14.0/STM32CubeIDE/plugins/com.st.stm32cube.ide.mcu.externaltools.gnu-tools-for-stm32.11.3.rel1.win32_1.1.100.202309141235/tools/bin/../lib/gcc/arm-none-eabi/11.3.1/../../../../arm-none-eabi/lib/thumb/v7e-m/nofp\libc_nano.a(libc_a-closer.o)
                0x0000000008100edc                _close_r
 .text._lseek_r
                0x0000000008100efc       0x24 D:/ST/STM32CubeIDE_1.14.0/STM32CubeIDE/plugins/com.st.stm32cube.ide.mcu.externaltools.gnu-tools-for-stm32.11.3.rel1.win32_1.1.100.202309141235/tools/bin/../lib/gcc/arm-none-eabi/11.3.1/../../../../arm-none-eabi/lib/thumb/v7e-m/nofp\libc_nano.a(libc_a-lseekr.o)
                0x0000000008100efc                _lseek_r
 .text._read_r  0x0000000008100f20       0x24 D:/ST/STM32CubeIDE_1.14.0/STM32CubeIDE/plugins/com.st.stm32cube.ide.mcu.externaltools.gnu-tools-for-stm32.11.3.rel1.win32_1.1.100.202309141235/tools/bin/../lib/gcc/arm-none-eabi/11.3.1/../../../../arm-none-eabi/lib/thumb/v7e-m/nofp\libc_nano.a(libc_a-readr.o)
                0x0000000008100f20                _read_r
 .text._write_r
                0x0000000008100f44       0x24 D:/ST/STM32CubeIDE_1.14.0/STM32CubeIDE/plugins/com.st.stm32cube.ide.mcu.externaltools.gnu-tools-for-stm32.11.3.rel1.win32_1.1.100.202309141235/tools/bin/../lib/gcc/arm-none-eabi/11.3.1/../../../../arm-none-eabi/lib/thumb/v7e-m/nofp\libc_nano.a(libc_a-writer.o)
                0x0000000008100f44                _write_r
 .text.__errno  0x0000000008100f68        0xc D:/ST/STM32CubeIDE_1.14.0/STM32CubeIDE/plugins/com.st.stm32cube.ide.mcu.externaltools.gnu-tools-for-stm32.11.3.rel1.win32_1.1.100.202309141235/tools/bin/../lib/gcc/arm-none-eabi/11.3.1/../../../../arm-none-eabi/lib/thumb/v7e-m/nofp\libc_nano.a(libc_a-errno.o)
                0x0000000008100f68                __errno
 .text.__libc_init_array
                0x0000000008100f74       0x48 D:/ST/STM32CubeIDE_1.14.0/STM32CubeIDE/plugins/com.st.stm32cube.ide.mcu.externaltools.gnu-tools-for-stm32.11.3.rel1.win32_1.1.100.202309141235/tools/bin/../lib/gcc/arm-none-eabi/11.3.1/../../../../arm-none-eabi/lib/thumb/v7e-m/nofp\libc_nano.a(libc_a-init.o)
                0x0000000008100f74                __libc_init_array
 .text.__retarget_lock_init_recursive
                0x0000000008100fbc        0x2 D:/ST/STM32CubeIDE_1.14.0/STM32CubeIDE/plugins/com.st.stm32cube.ide.mcu.externaltools.gnu-tools-for-stm32.11.3.rel1.win32_1.1.100.202309141235/tools/bin/../lib/gcc/arm-none-eabi/11.3.1/../../../../arm-none-eabi/lib/thumb/v7e-m/nofp\libc_nano.a(libc_a-lock.o)
                0x0000000008100fbc                __retarget_lock_init_recursive
 .text.__retarget_lock_acquire_recursive
                0x0000000008100fbe        0x2 D:/ST/STM32CubeIDE_1.14.0/STM32CubeIDE/plugins/com.st.stm32cube.ide.mcu.externaltools.gnu-tools-for-stm32.11.3.rel1.win32_1.1.100.202309141235/tools/bin/../lib/gcc/arm-none-eabi/11.3.1/../../../../arm-none-eabi/lib/thumb/v7e-m/nofp\libc_nano.a(libc_a-lock.o)
                0x0000000008100fbe                __retarget_lock_acquire_recursive
 .text.__retarget_lock_release_recursive
                0x0000000008100fc0        0x2 D:/ST/STM32CubeIDE_1.14.0/STM32CubeIDE/plugins/com.st.stm32cube.ide.mcu.externaltools.gnu-tools-for-stm32.11.3.rel1.win32_1.1.100.202309141235/tools/bin/../lib/gcc/arm-none-eabi/11.3.1/../../../../arm-none-eabi/lib/thumb/v7e-m/nofp\libc_nano.a(libc_a-lock.o)
                0x0000000008100fc0                __retarget_lock_release_recursive
 *fill*         0x0000000008100fc2        0x2 
 .text._free_r  0x0000000008100fc4       0x94 D:/ST/STM32CubeIDE_1.14.0/STM32CubeIDE/plugins/com.st.stm32cube.ide.mcu.externaltools.gnu-tools-for-stm32.11.3.rel1.win32_1.1.100.202309141235/tools/bin/../lib/gcc/arm-none-eabi/11.3.1/../../../../arm-none-eabi/lib/thumb/v7e-m/nofp\libc_nano.a(libc_a-freer.o)
                0x0000000008100fc4                _free_r
 .text.sbrk_aligned
                0x0000000008101058       0x40 D:/ST/STM32CubeIDE_1.14.0/STM32CubeIDE/plugins/com.st.stm32cube.ide.mcu.externaltools.gnu-tools-for-stm32.11.3.rel1.win32_1.1.100.202309141235/tools/bin/../lib/gcc/arm-none-eabi/11.3.1/../../../../arm-none-eabi/lib/thumb/v7e-m/nofp\libc_nano.a(libc_a-mallocr.o)
 .text._malloc_r
                0x0000000008101098      0x100 D:/ST/STM32CubeIDE_1.14.0/STM32CubeIDE/plugins/com.st.stm32cube.ide.mcu.externaltools.gnu-tools-for-stm32.11.3.rel1.win32_1.1.100.202309141235/tools/bin/../lib/gcc/arm-none-eabi/11.3.1/../../../../arm-none-eabi/lib/thumb/v7e-m/nofp\libc_nano.a(libc_a-mallocr.o)
                0x0000000008101098                _malloc_r
 .text.__malloc_lock
                0x0000000008101198        0xc D:/ST/STM32CubeIDE_1.14.0/STM32CubeIDE/plugins/com.st.stm32cube.ide.mcu.externaltools.gnu-tools-for-stm32.11.3.rel1.win32_1.1.100.202309141235/tools/bin/../lib/gcc/arm-none-eabi/11.3.1/../../../../arm-none-eabi/lib/thumb/v7e-m/nofp\libc_nano.a(libc_a-mlock.o)
                0x0000000008101198                __malloc_lock
 .text.__malloc_unlock
                0x00000000081011a4        0xc D:/ST/STM32CubeIDE_1.14.0/STM32CubeIDE/plugins/com.st.stm32cube.ide.mcu.externaltools.gnu-tools-for-stm32.11.3.rel1.win32_1.1.100.202309141235/tools/bin/../lib/gcc/arm-none-eabi/11.3.1/../../../../arm-none-eabi/lib/thumb/v7e-m/nofp\libc_nano.a(libc_a-mlock.o)
                0x00000000081011a4                __malloc_unlock
 .text.__sfputc_r
                0x00000000081011b0       0x2a D:/ST/STM32CubeIDE_1.14.0/STM32CubeIDE/plugins/com.st.stm32cube.ide.mcu.externaltools.gnu-tools-for-stm32.11.3.rel1.win32_1.1.100.202309141235/tools/bin/../lib/gcc/arm-none-eabi/11.3.1/../../../../arm-none-eabi/lib/thumb/v7e-m/nofp\libc_nano.a(libc_a-nano-vfprintf.o)
 .text.__sfputs_r
                0x00000000081011da       0x24 D:/ST/STM32CubeIDE_1.14.0/STM32CubeIDE/plugins/com.st.stm32cube.ide.mcu.externaltools.gnu-tools-for-stm32.11.3.rel1.win32_1.1.100.202309141235/tools/bin/../lib/gcc/arm-none-eabi/11.3.1/../../../../arm-none-eabi/lib/thumb/v7e-m/nofp\libc_nano.a(libc_a-nano-vfprintf.o)
                0x00000000081011da                __sfputs_r
 *fill*         0x00000000081011fe        0x2 
 .text._vfprintf_r
                0x0000000008101200      0x234 D:/ST/STM32CubeIDE_1.14.0/STM32CubeIDE/plugins/com.st.stm32cube.ide.mcu.externaltools.gnu-tools-for-stm32.11.3.rel1.win32_1.1.100.202309141235/tools/bin/../lib/gcc/arm-none-eabi/11.3.1/../../../../arm-none-eabi/lib/thumb/v7e-m/nofp\libc_nano.a(libc_a-nano-vfprintf.o)
                0x0000000008101200                _vfprintf_r
                0x0000000008101200                _vfiprintf_r
 .text._printf_common
                0x0000000008101434       0xda D:/ST/STM32CubeIDE_1.14.0/STM32CubeIDE/plugins/com.st.stm32cube.ide.mcu.externaltools.gnu-tools-for-stm32.11.3.rel1.win32_1.1.100.202309141235/tools/bin/../lib/gcc/arm-none-eabi/11.3.1/../../../../arm-none-eabi/lib/thumb/v7e-m/nofp\libc_nano.a(libc_a-nano-vfprintf_i.o)
                0x0000000008101434                _printf_common
 *fill*         0x000000000810150e        0x2 
 .text._printf_i
                0x0000000008101510      0x244 D:/ST/STM32CubeIDE_1.14.0/STM32CubeIDE/plugins/com.st.stm32cube.ide.mcu.externaltools.gnu-tools-for-stm32.11.3.rel1.win32_1.1.100.202309141235/tools/bin/../lib/gcc/arm-none-eabi/11.3.1/../../../../arm-none-eabi/lib/thumb/v7e-m/nofp\libc_nano.a(libc_a-nano-vfprintf_i.o)
                0x0000000008101510                _printf_i
 .text.__sflush_r
                0x0000000008101754      0x104 D:/ST/STM32CubeIDE_1.14.0/STM32CubeIDE/plugins/com.st.stm32cube.ide.mcu.externaltools.gnu-tools-for-stm32.11.3.rel1.win32_1.1.100.202309141235/tools/bin/../lib/gcc/arm-none-eabi/11.3.1/../../../../arm-none-eabi/lib/thumb/v7e-m/nofp\libc_nano.a(libc_a-fflush.o)
                0x0000000008101754                __sflush_r
 .text._fflush_r
                0x0000000008101858       0x50 D:/ST/STM32CubeIDE_1.14.0/STM32CubeIDE/plugins/com.st.stm32cube.ide.mcu.externaltools.gnu-tools-for-stm32.11.3.rel1.win32_1.1.100.202309141235/tools/bin/../lib/gcc/arm-none-eabi/11.3.1/../../../../arm-none-eabi/lib/thumb/v7e-m/nofp\libc_nano.a(libc_a-fflush.o)
                0x0000000008101858                _fflush_r
 .text.__swbuf_r
                0x00000000081018a8       0x7a D:/ST/STM32CubeIDE_1.14.0/STM32CubeIDE/plugins/com.st.stm32cube.ide.mcu.externaltools.gnu-tools-for-stm32.11.3.rel1.win32_1.1.100.202309141235/tools/bin/../lib/gcc/arm-none-eabi/11.3.1/../../../../arm-none-eabi/lib/thumb/v7e-m/nofp\libc_nano.a(libc_a-wbuf.o)
                0x00000000081018a8                __swbuf_r
 *fill*         0x0000000008101922        0x2 
 .text.__swsetup_r
                0x0000000008101924       0xb0 D:/ST/STM32CubeIDE_1.14.0/STM32CubeIDE/plugins/com.st.stm32cube.ide.mcu.externaltools.gnu-tools-for-stm32.11.3.rel1.win32_1.1.100.202309141235/tools/bin/../lib/gcc/arm-none-eabi/11.3.1/../../../../arm-none-eabi/lib/thumb/v7e-m/nofp\libc_nano.a(libc_a-wsetup.o)
                0x0000000008101924                __swsetup_r
 .text._sbrk_r  0x00000000081019d4       0x20 D:/ST/STM32CubeIDE_1.14.0/STM32CubeIDE/plugins/com.st.stm32cube.ide.mcu.externaltools.gnu-tools-for-stm32.11.3.rel1.win32_1.1.100.202309141235/tools/bin/../lib/gcc/arm-none-eabi/11.3.1/../../../../arm-none-eabi/lib/thumb/v7e-m/nofp\libc_nano.a(libc_a-sbrkr.o)
                0x00000000081019d4                _sbrk_r
 .text.__swhatbuf_r
                0x00000000081019f4       0x4c D:/ST/STM32CubeIDE_1.14.0/STM32CubeIDE/plugins/com.st.stm32cube.ide.mcu.externaltools.gnu-tools-for-stm32.11.3.rel1.win32_1.1.100.202309141235/tools/bin/../lib/gcc/arm-none-eabi/11.3.1/../../../../arm-none-eabi/lib/thumb/v7e-m/nofp\libc_nano.a(libc_a-makebuf.o)
                0x00000000081019f4                __swhatbuf_r
 .text.__smakebuf_r
                0x0000000008101a40       0x78 D:/ST/STM32CubeIDE_1.14.0/STM32CubeIDE/plugins/com.st.stm32cube.ide.mcu.externaltools.gnu-tools-for-stm32.11.3.rel1.win32_1.1.100.202309141235/tools/bin/../lib/gcc/arm-none-eabi/11.3.1/../../../../arm-none-eabi/lib/thumb/v7e-m/nofp\libc_nano.a(libc_a-makebuf.o)
                0x0000000008101a40                __smakebuf_r
 .text._fstat_r
                0x0000000008101ab8       0x24 D:/ST/STM32CubeIDE_1.14.0/STM32CubeIDE/plugins/com.st.stm32cube.ide.mcu.externaltools.gnu-tools-for-stm32.11.3.rel1.win32_1.1.100.202309141235/tools/bin/../lib/gcc/arm-none-eabi/11.3.1/../../../../arm-none-eabi/lib/thumb/v7e-m/nofp\libc_nano.a(libc_a-fstatr.o)
                0x0000000008101ab8                _fstat_r
 .text._isatty_r
                0x0000000008101adc       0x20 D:/ST/STM32CubeIDE_1.14.0/STM32CubeIDE/plugins/com.st.stm32cube.ide.mcu.externaltools.gnu-tools-for-stm32.11.3.rel1.win32_1.1.100.202309141235/tools/bin/../lib/gcc/arm-none-eabi/11.3.1/../../../../arm-none-eabi/lib/thumb/v7e-m/nofp\libc_nano.a(libc_a-isattyr.o)
                0x0000000008101adc                _isatty_r
 *(.glue_7)
 .glue_7        0x0000000008101afc        0x0 linker stubs
 *(.glue_7t)
 .glue_7t       0x0000000008101afc        0x0 linker stubs
 *(.eh_frame)
 .eh_frame      0x0000000008101afc        0x0 D:/ST/STM32CubeIDE_1.14.0/STM32CubeIDE/plugins/com.st.stm32cube.ide.mcu.externaltools.gnu-tools-for-stm32.11.3.rel1.win32_1.1.100.202309141235/tools/bin/../lib/gcc/arm-none-eabi/11.3.1/thumb/v7e-m/nofp/crtbegin.o
 *(.init)
 .init          0x0000000008101afc        0x4 D:/ST/STM32CubeIDE_1.14.0/STM32CubeIDE/plugins/com.st.stm32cube.ide.mcu.externaltools.gnu-tools-for-stm32.11.3.rel1.win32_1.1.100.202309141235/tools/bin/../lib/gcc/arm-none-eabi/11.3.1/thumb/v7e-m/nofp/crti.o
                0x0000000008101afc                _init
 .init          0x0000000008101b00        0x8 D:/ST/STM32CubeIDE_1.14.0/STM32CubeIDE/plugins/com.st.stm32cube.ide.mcu.externaltools.gnu-tools-for-stm32.11.3.rel1.win32_1.1.100.202309141235/tools/bin/../lib/gcc/arm-none-eabi/11.3.1/thumb/v7e-m/nofp/crtn.o
 *(.fini)
 .fini          0x0000000008101b08        0x4 D:/ST/STM32CubeIDE_1.14.0/STM32CubeIDE/plugins/com.st.stm32cube.ide.mcu.externaltools.gnu-tools-for-stm32.11.3.rel1.win32_1.1.100.202309141235/tools/bin/../lib/gcc/arm-none-eabi/11.3.1/thumb/v7e-m/nofp/crti.o
                0x0000000008101b08                _fini
 .fini          0x0000000008101b0c        0x8 D:/ST/STM32CubeIDE_1.14.0/STM32CubeIDE/plugins/com.st.stm32cube.ide.mcu.externaltools.gnu-tools-for-stm32.11.3.rel1.win32_1.1.100.202309141235/tools/bin/../lib/gcc/arm-none-eabi/11.3.1/thumb/v7e-m/nofp/crtn.o
                0x0000000008101b14                . = ALIGN (0x4)
                0x0000000008101b14                _etext = .

.vfp11_veneer   0x0000000008101b14        0x0
 .vfp11_veneer  0x0000000008101b14        0x0 linker stubs

.v4_bx          0x0000000008101b14        0x0
 .v4_bx         0x0000000008101b14        0x0 linker stubs

.iplt           0x0000000008101b14        0x0
 .iplt          0x0000000008101b14        0x0 D:/ST/STM32CubeIDE_1.14.0/STM32CubeIDE/plugins/com.st.stm32cube.ide.mcu.externaltools.gnu-tools-for-stm32.11.3.rel1.win32_1.1.100.202309141235/tools/bin/../lib/gcc/arm-none-eabi/11.3.1/thumb/v7e-m/nofp/crtbegin.o

.rodata         0x0000000008101b14       0x6c
                0x0000000008101b14                . = ALIGN (0x4)
 *(.rodata)
 .rodata        0x0000000008101b14       0x39 ./Src/main.o
 *(.rodata*)
 .rodata._vfprintf_r.str1.1
                0x0000000008101b4d       0x11 D:/ST/STM32CubeIDE_1.14.0/STM32CubeIDE/plugins/com.st.stm32cube.ide.mcu.externaltools.gnu-tools-for-stm32.11.3.rel1.win32_1.1.100.202309141235/tools/bin/../lib/gcc/arm-none-eabi/11.3.1/../../../../arm-none-eabi/lib/thumb/v7e-m/nofp\libc_nano.a(libc_a-nano-vfprintf.o)
 .rodata._printf_i.str1.1
                0x0000000008101b5e       0x22 D:/ST/STM32CubeIDE_1.14.0/STM32CubeIDE/plugins/com.st.stm32cube.ide.mcu.externaltools.gnu-tools-for-stm32.11.3.rel1.win32_1.1.100.202309141235/tools/bin/../lib/gcc/arm-none-eabi/11.3.1/../../../../arm-none-eabi/lib/thumb/v7e-m/nofp\libc_nano.a(libc_a-nano-vfprintf_i.o)
                0x0000000008101b80                . = ALIGN (0x4)

.rel.dyn        0x0000000008101b80        0x0
 .rel.iplt      0x0000000008101b80        0x0 D:/ST/STM32CubeIDE_1.14.0/STM32CubeIDE/plugins/com.st.stm32cube.ide.mcu.externaltools.gnu-tools-for-stm32.11.3.rel1.win32_1.1.100.202309141235/tools/bin/../lib/gcc/arm-none-eabi/11.3.1/thumb/v7e-m/nofp/crtbegin.o

.ARM.extab
 *(.ARM.extab* .gnu.linkonce.armextab.*)

.ARM            0x0000000008101b80        0x0
                0x0000000008101b80                __exidx_start = .
 *(.ARM.exidx*)
                0x0000000008101b80                __exidx_end = .

.preinit_array  0x0000000008101b80        0x0
                0x0000000008101b80                PROVIDE (__preinit_array_start = .)
 *(.preinit_array*)
                0x0000000008101b80                PROVIDE (__preinit_array_end = .)

.init_array     0x0000000008101b80        0x4
                0x0000000008101b80                PROVIDE (__init_array_start = .)
 *(SORT_BY_NAME(.init_array.*))
 *(.init_array*)
 .init_array    0x0000000008101b80        0x4 D:/ST/STM32CubeIDE_1.14.0/STM32CubeIDE/plugins/com.st.stm32cube.ide.mcu.externaltools.gnu-tools-for-stm32.11.3.rel1.win32_1.1.100.202309141235/tools/bin/../lib/gcc/arm-none-eabi/11.3.1/thumb/v7e-m/nofp/crtbegin.o
                0x0000000008101b84                PROVIDE (__init_array_end = .)

.fini_array     0x0000000008101b84        0x4
                [!provide]                        PROVIDE (__fini_array_start = .)
 *(SORT_BY_NAME(.fini_array.*))
 *(.fini_array*)
 .fini_array    0x0000000008101b84        0x4 D:/ST/STM32CubeIDE_1.14.0/STM32CubeIDE/plugins/com.st.stm32cube.ide.mcu.externaltools.gnu-tools-for-stm32.11.3.rel1.win32_1.1.100.202309141235/tools/bin/../lib/gcc/arm-none-eabi/11.3.1/thumb/v7e-m/nofp/crtbegin.o
                [!provide]                        PROVIDE (__fini_array_end = .)
                0x0000000008101b88                _sidata = LOADADDR (.data)

.data           0x0000000010000000       0x60 load address 0x0000000008101b88
                0x0000000010000000                . = ALIGN (0x4)
                0x0000000010000000                _sdata = .
 *(.data)
 *(.data*)
 .data.tick_freq
                0x0000000010000000        0x4 ./Src/timebase.o
                0x0000000010000000                tick_freq
 .data.__sglue  0x0000000010000004        0xc D:/ST/STM32CubeIDE_1.14.0/STM32CubeIDE/plugins/com.st.stm32cube.ide.mcu.externaltools.gnu-tools-for-stm32.11.3.rel1.win32_1.1.100.202309141235/tools/bin/../lib/gcc/arm-none-eabi/11.3.1/../../../../arm-none-eabi/lib/thumb/v7e-m/nofp\libc_nano.a(libc_a-findfp.o)
                0x0000000010000004                __sglue
 .data._impure_data
                0x0000000010000010       0x4c D:/ST/STM32CubeIDE_1.14.0/STM32CubeIDE/plugins/com.st.stm32cube.ide.mcu.externaltools.gnu-tools-for-stm32.11.3.rel1.win32_1.1.100.202309141235/tools/bin/../lib/gcc/arm-none-eabi/11.3.1/../../../../arm-none-eabi/lib/thumb/v7e-m/nofp\libc_nano.a(libc_a-impure.o)
                0x0000000010000010                _impure_data
 .data._impure_ptr
                0x000000001000005c        0x4 D:/ST/STM32CubeIDE_1.14.0/STM32CubeIDE/plugins/com.st.stm32cube.ide.mcu.externaltools.gnu-tools-for-stm32.11.3.rel1.win32_1.1.100.202309141235/tools/bin/../lib/gcc/arm-none-eabi/11.3.1/../../../../arm-none-eabi/lib/thumb/v7e-m/nofp\libc_nano.a(libc_a-impure.o)
                0x000000001000005c                _impure_ptr
 *(.RamFunc)
 *(.RamFunc*)
                0x0000000010000060                . = ALIGN (0x4)
                0x0000000010000060                _edata = .

.igot.plt       0x0000000010000060        0x0 load address 0x0000000008101be8
 .igot.plt      0x0000000010000060        0x0 D:/ST/STM32CubeIDE_1.14.0/STM32CubeIDE/plugins/com.st.stm32cube.ide.mcu.externaltools.gnu-tools-for-stm32.11.3.rel1.win32_1.1.100.202309141235/tools/bin/../lib/gcc/arm-none-eabi/11.3.1/thumb/v7e-m/nofp/crtbegin.o
                0x0000000010000060                . = ALIGN (0x4)

.bss            0x0000000010000060     0x4068 load address 0x0000000008101be8
                0x0000000010000060                _sbss = .
                0x0000000010000060                __bss_start__ = _sbss
 *(.bss)
 .bss           0x0000000010000060       0x1c D:/ST/STM32CubeIDE_1.14.0/STM32CubeIDE/plugins/com.st.stm32cube.ide.mcu.externaltools.gnu-tools-for-stm32.11.3.rel1.win32_1.1.100.202309141235/tools/bin/../lib/gcc/arm-none-eabi/11.3.1/thumb/v7e-m/nofp/crtbegin.o
 *(.bss*)
 .bss.cntTask0  0x000000001000007c        0x4 ./Src/main.o
                0x000000001000007c                cntTask0
 .bss.cntTask1  0x0000000010000080        0x4 ./Src/main.o
                0x0000000010000080                cntTask1
 .bss.cntTask2  0x0000000010000084        0x4 ./Src/main.o
                0x0000000010000084                cntTask2
 .bss.semaphore1
                0x0000000010000088        0x4 ./Src/main.o
                0x0000000010000088                semaphore1
 .bss.semaphore2
                0x000000001000008c        0x4 ./Src/main.o
                0x000000001000008c                semaphore2
 .bss.Millsec_Clock_Cyc
                0x0000000010000090        0x4 ./Src/rtoskernel.o
                0x0000000010000090                Millsec_Clock_Cyc
 .bss.threadsCreated
                0x0000000010000094        0x4 ./Src/rtoskernel.o
                0x0000000010000094                threadsCreated
 .bss.tcbArr    0x0000000010000098       0x50 ./Src/rtoskernel.o
                0x0000000010000098                tcbArr
 .bss.ptrCurrTCB
                0x00000000100000e8        0x4 ./Src/rtoskernel.o
                0x00000000100000e8                ptrCurrTCB
 .bss.threadStack
                0x00000000100000ec     0x3e80 ./Src/rtoskernel.o
                0x00000000100000ec                threadStack
 .bss.__sbrk_heap_end
                0x0000000010003f6c        0x4 ./Src/sysmem.o
 .bss.global_curr_tick
                0x0000000010003f70        0x4 ./Src/timebase.o
                0x0000000010003f70                global_curr_tick
 .bss.global_curr_tick_prime
                0x0000000010003f74        0x4 ./Src/timebase.o
                0x0000000010003f74                global_curr_tick_prime
 .bss.cntTask4  0x0000000010003f78        0x4 ./Src/timebase.o
                0x0000000010003f78                cntTask4
 .bss.__sf      0x0000000010003f7c      0x138 D:/ST/STM32CubeIDE_1.14.0/STM32CubeIDE/plugins/com.st.stm32cube.ide.mcu.externaltools.gnu-tools-for-stm32.11.3.rel1.win32_1.1.100.202309141235/tools/bin/../lib/gcc/arm-none-eabi/11.3.1/../../../../arm-none-eabi/lib/thumb/v7e-m/nofp\libc_nano.a(libc_a-findfp.o)
                0x0000000010003f7c                __sf
 .bss.__stdio_exit_handler
                0x00000000100040b4        0x4 D:/ST/STM32CubeIDE_1.14.0/STM32CubeIDE/plugins/com.st.stm32cube.ide.mcu.externaltools.gnu-tools-for-stm32.11.3.rel1.win32_1.1.100.202309141235/tools/bin/../lib/gcc/arm-none-eabi/11.3.1/../../../../arm-none-eabi/lib/thumb/v7e-m/nofp\libc_nano.a(libc_a-findfp.o)
                0x00000000100040b4                __stdio_exit_handler
 .bss.errno     0x00000000100040b8        0x4 D:/ST/STM32CubeIDE_1.14.0/STM32CubeIDE/plugins/com.st.stm32cube.ide.mcu.externaltools.gnu-tools-for-stm32.11.3.rel1.win32_1.1.100.202309141235/tools/bin/../lib/gcc/arm-none-eabi/11.3.1/../../../../arm-none-eabi/lib/thumb/v7e-m/nofp\libc_nano.a(libc_a-reent.o)
                0x00000000100040b8                errno
 .bss.__lock___malloc_recursive_mutex
                0x00000000100040bc        0x1 D:/ST/STM32CubeIDE_1.14.0/STM32CubeIDE/plugins/com.st.stm32cube.ide.mcu.externaltools.gnu-tools-for-stm32.11.3.rel1.win32_1.1.100.202309141235/tools/bin/../lib/gcc/arm-none-eabi/11.3.1/../../../../arm-none-eabi/lib/thumb/v7e-m/nofp\libc_nano.a(libc_a-lock.o)
                0x00000000100040bc                __lock___malloc_recursive_mutex
 .bss.__lock___sfp_recursive_mutex
                0x00000000100040bd        0x1 D:/ST/STM32CubeIDE_1.14.0/STM32CubeIDE/plugins/com.st.stm32cube.ide.mcu.externaltools.gnu-tools-for-stm32.11.3.rel1.win32_1.1.100.202309141235/tools/bin/../lib/gcc/arm-none-eabi/11.3.1/../../../../arm-none-eabi/lib/thumb/v7e-m/nofp\libc_nano.a(libc_a-lock.o)
                0x00000000100040bd                __lock___sfp_recursive_mutex
 *fill*         0x00000000100040be        0x2 
 .bss.__malloc_free_list
                0x00000000100040c0        0x4 D:/ST/STM32CubeIDE_1.14.0/STM32CubeIDE/plugins/com.st.stm32cube.ide.mcu.externaltools.gnu-tools-for-stm32.11.3.rel1.win32_1.1.100.202309141235/tools/bin/../lib/gcc/arm-none-eabi/11.3.1/../../../../arm-none-eabi/lib/thumb/v7e-m/nofp\libc_nano.a(libc_a-mallocr.o)
                0x00000000100040c0                __malloc_free_list
 .bss.__malloc_sbrk_start
                0x00000000100040c4        0x4 D:/ST/STM32CubeIDE_1.14.0/STM32CubeIDE/plugins/com.st.stm32cube.ide.mcu.externaltools.gnu-tools-for-stm32.11.3.rel1.win32_1.1.100.202309141235/tools/bin/../lib/gcc/arm-none-eabi/11.3.1/../../../../arm-none-eabi/lib/thumb/v7e-m/nofp\libc_nano.a(libc_a-mallocr.o)
                0x00000000100040c4                __malloc_sbrk_start
 *(COMMON)
                0x00000000100040c8                . = ALIGN (0x4)
                0x00000000100040c8                _ebss = .
                0x00000000100040c8                __bss_end__ = _ebss

._user_heap_stack
                0x00000000100040c8      0x600 load address 0x0000000008101be8
                0x00000000100040c8                . = ALIGN (0x8)
                [!provide]                        PROVIDE (end = .)
                0x00000000100040c8                PROVIDE (_end = .)
                0x00000000100042c8                . = (. + _Min_Heap_Size)
 *fill*         0x00000000100040c8      0x200 
                0x00000000100046c8                . = (. + _Min_Stack_Size)
 *fill*         0x00000000100042c8      0x400 
                0x00000000100046c8                . = ALIGN (0x8)

/DISCARD/
 libc.a(*)
 libm.a(*)
 libgcc.a(*)

.ARM.attributes
                0x0000000000000000       0x2a
 *(.ARM.attributes)
 .ARM.attributes
                0x0000000000000000       0x1e D:/ST/STM32CubeIDE_1.14.0/STM32CubeIDE/plugins/com.st.stm32cube.ide.mcu.externaltools.gnu-tools-for-stm32.11.3.rel1.win32_1.1.100.202309141235/tools/bin/../lib/gcc/arm-none-eabi/11.3.1/thumb/v7e-m/nofp/crti.o
 .ARM.attributes
                0x000000000000001e       0x2e D:/ST/STM32CubeIDE_1.14.0/STM32CubeIDE/plugins/com.st.stm32cube.ide.mcu.externaltools.gnu-tools-for-stm32.11.3.rel1.win32_1.1.100.202309141235/tools/bin/../lib/gcc/arm-none-eabi/11.3.1/thumb/v7e-m/nofp/crtbegin.o
 .ARM.attributes
                0x000000000000004c       0x2e ./Src/led.o
 .ARM.attributes
                0x000000000000007a       0x2e ./Src/main.o
 .ARM.attributes
                0x00000000000000a8       0x2e ./Src/rtoskernel.o
 .ARM.attributes
                0x00000000000000d6       0x2e ./Src/syscalls.o
 .ARM.attributes
                0x0000000000000104       0x2e ./Src/sysmem.o
 .ARM.attributes
                0x0000000000000132       0x2e ./Src/timebase.o
 .ARM.attributes
                0x0000000000000160       0x2e ./Src/uart.o
 .ARM.attributes
                0x000000000000018e       0x21 ./Startup/startup_stm32h747xihx.o
 .ARM.attributes
                0x00000000000001af       0x2e D:/ST/STM32CubeIDE_1.14.0/STM32CubeIDE/plugins/com.st.stm32cube.ide.mcu.externaltools.gnu-tools-for-stm32.11.3.rel1.win32_1.1.100.202309141235/tools/bin/../lib/gcc/arm-none-eabi/11.3.1/../../../../arm-none-eabi/lib/thumb/v7e-m/nofp\libc_nano.a(libc_a-findfp.o)
 .ARM.attributes
                0x00000000000001dd       0x2e D:/ST/STM32CubeIDE_1.14.0/STM32CubeIDE/plugins/com.st.stm32cube.ide.mcu.externaltools.gnu-tools-for-stm32.11.3.rel1.win32_1.1.100.202309141235/tools/bin/../lib/gcc/arm-none-eabi/11.3.1/../../../../arm-none-eabi/lib/thumb/v7e-m/nofp\libc_nano.a(libc_a-fwalk.o)
 .ARM.attributes
                0x000000000000020b       0x2e D:/ST/STM32CubeIDE_1.14.0/STM32CubeIDE/plugins/com.st.stm32cube.ide.mcu.externaltools.gnu-tools-for-stm32.11.3.rel1.win32_1.1.100.202309141235/tools/bin/../lib/gcc/arm-none-eabi/11.3.1/../../../../arm-none-eabi/lib/thumb/v7e-m/nofp\libc_nano.a(libc_a-printf.o)
 .ARM.attributes
                0x0000000000000239       0x2e D:/ST/STM32CubeIDE_1.14.0/STM32CubeIDE/plugins/com.st.stm32cube.ide.mcu.externaltools.gnu-tools-for-stm32.11.3.rel1.win32_1.1.100.202309141235/tools/bin/../lib/gcc/arm-none-eabi/11.3.1/../../../../arm-none-eabi/lib/thumb/v7e-m/nofp\libc_nano.a(libc_a-stdio.o)
 .ARM.attributes
                0x0000000000000267       0x2e D:/ST/STM32CubeIDE_1.14.0/STM32CubeIDE/plugins/com.st.stm32cube.ide.mcu.externaltools.gnu-tools-for-stm32.11.3.rel1.win32_1.1.100.202309141235/tools/bin/../lib/gcc/arm-none-eabi/11.3.1/../../../../arm-none-eabi/lib/thumb/v7e-m/nofp\libc_nano.a(libc_a-memset.o)
 .ARM.attributes
                0x0000000000000295       0x2e D:/ST/STM32CubeIDE_1.14.0/STM32CubeIDE/plugins/com.st.stm32cube.ide.mcu.externaltools.gnu-tools-for-stm32.11.3.rel1.win32_1.1.100.202309141235/tools/bin/../lib/gcc/arm-none-eabi/11.3.1/../../../../arm-none-eabi/lib/thumb/v7e-m/nofp\libc_nano.a(libc_a-closer.o)
 .ARM.attributes
                0x00000000000002c3       0x2e D:/ST/STM32CubeIDE_1.14.0/STM32CubeIDE/plugins/com.st.stm32cube.ide.mcu.externaltools.gnu-tools-for-stm32.11.3.rel1.win32_1.1.100.202309141235/tools/bin/../lib/gcc/arm-none-eabi/11.3.1/../../../../arm-none-eabi/lib/thumb/v7e-m/nofp\libc_nano.a(libc_a-reent.o)
 .ARM.attributes
                0x00000000000002f1       0x2e D:/ST/STM32CubeIDE_1.14.0/STM32CubeIDE/plugins/com.st.stm32cube.ide.mcu.externaltools.gnu-tools-for-stm32.11.3.rel1.win32_1.1.100.202309141235/tools/bin/../lib/gcc/arm-none-eabi/11.3.1/../../../../arm-none-eabi/lib/thumb/v7e-m/nofp\libc_nano.a(libc_a-impure.o)
 .ARM.attributes
                0x000000000000031f       0x2e D:/ST/STM32CubeIDE_1.14.0/STM32CubeIDE/plugins/com.st.stm32cube.ide.mcu.externaltools.gnu-tools-for-stm32.11.3.rel1.win32_1.1.100.202309141235/tools/bin/../lib/gcc/arm-none-eabi/11.3.1/../../../../arm-none-eabi/lib/thumb/v7e-m/nofp\libc_nano.a(libc_a-lseekr.o)
 .ARM.attributes
                0x000000000000034d       0x2e D:/ST/STM32CubeIDE_1.14.0/STM32CubeIDE/plugins/com.st.stm32cube.ide.mcu.externaltools.gnu-tools-for-stm32.11.3.rel1.win32_1.1.100.202309141235/tools/bin/../lib/gcc/arm-none-eabi/11.3.1/../../../../arm-none-eabi/lib/thumb/v7e-m/nofp\libc_nano.a(libc_a-readr.o)
 .ARM.attributes
                0x000000000000037b       0x2e D:/ST/STM32CubeIDE_1.14.0/STM32CubeIDE/plugins/com.st.stm32cube.ide.mcu.externaltools.gnu-tools-for-stm32.11.3.rel1.win32_1.1.100.202309141235/tools/bin/../lib/gcc/arm-none-eabi/11.3.1/../../../../arm-none-eabi/lib/thumb/v7e-m/nofp\libc_nano.a(libc_a-writer.o)
 .ARM.attributes
                0x00000000000003a9       0x2e D:/ST/STM32CubeIDE_1.14.0/STM32CubeIDE/plugins/com.st.stm32cube.ide.mcu.externaltools.gnu-tools-for-stm32.11.3.rel1.win32_1.1.100.202309141235/tools/bin/../lib/gcc/arm-none-eabi/11.3.1/../../../../arm-none-eabi/lib/thumb/v7e-m/nofp\libc_nano.a(libc_a-errno.o)
 .ARM.attributes
                0x00000000000003d7       0x2e D:/ST/STM32CubeIDE_1.14.0/STM32CubeIDE/plugins/com.st.stm32cube.ide.mcu.externaltools.gnu-tools-for-stm32.11.3.rel1.win32_1.1.100.202309141235/tools/bin/../lib/gcc/arm-none-eabi/11.3.1/../../../../arm-none-eabi/lib/thumb/v7e-m/nofp\libc_nano.a(libc_a-init.o)
 .ARM.attributes
                0x0000000000000405       0x2e D:/ST/STM32CubeIDE_1.14.0/STM32CubeIDE/plugins/com.st.stm32cube.ide.mcu.externaltools.gnu-tools-for-stm32.11.3.rel1.win32_1.1.100.202309141235/tools/bin/../lib/gcc/arm-none-eabi/11.3.1/../../../../arm-none-eabi/lib/thumb/v7e-m/nofp\libc_nano.a(libc_a-lock.o)
 .ARM.attributes
                0x0000000000000433       0x2e D:/ST/STM32CubeIDE_1.14.0/STM32CubeIDE/plugins/com.st.stm32cube.ide.mcu.externaltools.gnu-tools-for-stm32.11.3.rel1.win32_1.1.100.202309141235/tools/bin/../lib/gcc/arm-none-eabi/11.3.1/../../../../arm-none-eabi/lib/thumb/v7e-m/nofp\libc_nano.a(libc_a-freer.o)
 .ARM.attributes
                0x0000000000000461       0x2e D:/ST/STM32CubeIDE_1.14.0/STM32CubeIDE/plugins/com.st.stm32cube.ide.mcu.externaltools.gnu-tools-for-stm32.11.3.rel1.win32_1.1.100.202309141235/tools/bin/../lib/gcc/arm-none-eabi/11.3.1/../../../../arm-none-eabi/lib/thumb/v7e-m/nofp\libc_nano.a(libc_a-mallocr.o)
 .ARM.attributes
                0x000000000000048f       0x2e D:/ST/STM32CubeIDE_1.14.0/STM32CubeIDE/plugins/com.st.stm32cube.ide.mcu.externaltools.gnu-tools-for-stm32.11.3.rel1.win32_1.1.100.202309141235/tools/bin/../lib/gcc/arm-none-eabi/11.3.1/../../../../arm-none-eabi/lib/thumb/v7e-m/nofp\libc_nano.a(libc_a-mlock.o)
 .ARM.attributes
                0x00000000000004bd       0x2e D:/ST/STM32CubeIDE_1.14.0/STM32CubeIDE/plugins/com.st.stm32cube.ide.mcu.externaltools.gnu-tools-for-stm32.11.3.rel1.win32_1.1.100.202309141235/tools/bin/../lib/gcc/arm-none-eabi/11.3.1/../../../../arm-none-eabi/lib/thumb/v7e-m/nofp\libc_nano.a(libc_a-nano-vfprintf.o)
 .ARM.attributes
                0x00000000000004eb       0x2e D:/ST/STM32CubeIDE_1.14.0/STM32CubeIDE/plugins/com.st.stm32cube.ide.mcu.externaltools.gnu-tools-for-stm32.11.3.rel1.win32_1.1.100.202309141235/tools/bin/../lib/gcc/arm-none-eabi/11.3.1/../../../../arm-none-eabi/lib/thumb/v7e-m/nofp\libc_nano.a(libc_a-nano-vfprintf_i.o)
 .ARM.attributes
                0x0000000000000519       0x2e D:/ST/STM32CubeIDE_1.14.0/STM32CubeIDE/plugins/com.st.stm32cube.ide.mcu.externaltools.gnu-tools-for-stm32.11.3.rel1.win32_1.1.100.202309141235/tools/bin/../lib/gcc/arm-none-eabi/11.3.1/../../../../arm-none-eabi/lib/thumb/v7e-m/nofp\libc_nano.a(libc_a-fflush.o)
 .ARM.attributes
                0x0000000000000547       0x2e D:/ST/STM32CubeIDE_1.14.0/STM32CubeIDE/plugins/com.st.stm32cube.ide.mcu.externaltools.gnu-tools-for-stm32.11.3.rel1.win32_1.1.100.202309141235/tools/bin/../lib/gcc/arm-none-eabi/11.3.1/../../../../arm-none-eabi/lib/thumb/v7e-m/nofp\libc_nano.a(libc_a-wbuf.o)
 .ARM.attributes
                0x0000000000000575       0x2e D:/ST/STM32CubeIDE_1.14.0/STM32CubeIDE/plugins/com.st.stm32cube.ide.mcu.externaltools.gnu-tools-for-stm32.11.3.rel1.win32_1.1.100.202309141235/tools/bin/../lib/gcc/arm-none-eabi/11.3.1/../../../../arm-none-eabi/lib/thumb/v7e-m/nofp\libc_nano.a(libc_a-wsetup.o)
 .ARM.attributes
                0x00000000000005a3       0x2e D:/ST/STM32CubeIDE_1.14.0/STM32CubeIDE/plugins/com.st.stm32cube.ide.mcu.externaltools.gnu-tools-for-stm32.11.3.rel1.win32_1.1.100.202309141235/tools/bin/../lib/gcc/arm-none-eabi/11.3.1/../../../../arm-none-eabi/lib/thumb/v7e-m/nofp\libc_nano.a(libc_a-sbrkr.o)
 .ARM.attributes
                0x00000000000005d1       0x1c D:/ST/STM32CubeIDE_1.14.0/STM32CubeIDE/plugins/com.st.stm32cube.ide.mcu.externaltools.gnu-tools-for-stm32.11.3.rel1.win32_1.1.100.202309141235/tools/bin/../lib/gcc/arm-none-eabi/11.3.1/../../../../arm-none-eabi/lib/thumb/v7e-m/nofp\libc_nano.a(libc_a-memchr.o)
 .ARM.attributes
                0x00000000000005ed       0x2e D:/ST/STM32CubeIDE_1.14.0/STM32CubeIDE/plugins/com.st.stm32cube.ide.mcu.externaltools.gnu-tools-for-stm32.11.3.rel1.win32_1.1.100.202309141235/tools/bin/../lib/gcc/arm-none-eabi/11.3.1/../../../../arm-none-eabi/lib/thumb/v7e-m/nofp\libc_nano.a(libc_a-makebuf.o)
 .ARM.attributes
                0x000000000000061b       0x2e D:/ST/STM32CubeIDE_1.14.0/STM32CubeIDE/plugins/com.st.stm32cube.ide.mcu.externaltools.gnu-tools-for-stm32.11.3.rel1.win32_1.1.100.202309141235/tools/bin/../lib/gcc/arm-none-eabi/11.3.1/../../../../arm-none-eabi/lib/thumb/v7e-m/nofp\libc_nano.a(libc_a-fstatr.o)
 .ARM.attributes
                0x0000000000000649       0x2e D:/ST/STM32CubeIDE_1.14.0/STM32CubeIDE/plugins/com.st.stm32cube.ide.mcu.externaltools.gnu-tools-for-stm32.11.3.rel1.win32_1.1.100.202309141235/tools/bin/../lib/gcc/arm-none-eabi/11.3.1/../../../../arm-none-eabi/lib/thumb/v7e-m/nofp\libc_nano.a(libc_a-isattyr.o)
 .ARM.attributes
                0x0000000000000677       0x1e D:/ST/STM32CubeIDE_1.14.0/STM32CubeIDE/plugins/com.st.stm32cube.ide.mcu.externaltools.gnu-tools-for-stm32.11.3.rel1.win32_1.1.100.202309141235/tools/bin/../lib/gcc/arm-none-eabi/11.3.1/thumb/v7e-m/nofp/crtn.o
OUTPUT(003_RTOS_Devlopment_CM4.elf elf32-littlearm)
LOAD linker stubs
LOAD D:/ST/STM32CubeIDE_1.14.0/STM32CubeIDE/plugins/com.st.stm32cube.ide.mcu.externaltools.gnu-tools-for-stm32.11.3.rel1.win32_1.1.100.202309141235/tools/bin/../lib/gcc/arm-none-eabi/11.3.1/../../../../arm-none-eabi/lib/thumb/v7e-m/nofp\libc.a
LOAD D:/ST/STM32CubeIDE_1.14.0/STM32CubeIDE/plugins/com.st.stm32cube.ide.mcu.externaltools.gnu-tools-for-stm32.11.3.rel1.win32_1.1.100.202309141235/tools/bin/../lib/gcc/arm-none-eabi/11.3.1/../../../../arm-none-eabi/lib/thumb/v7e-m/nofp\libm.a
LOAD D:/ST/STM32CubeIDE_1.14.0/STM32CubeIDE/plugins/com.st.stm32cube.ide.mcu.externaltools.gnu-tools-for-stm32.11.3.rel1.win32_1.1.100.202309141235/tools/bin/../lib/gcc/arm-none-eabi/11.3.1/thumb/v7e-m/nofp\libgcc.a

.comment        0x0000000000000000       0x43
 .comment       0x0000000000000000       0x43 D:/ST/STM32CubeIDE_1.14.0/STM32CubeIDE/plugins/com.st.stm32cube.ide.mcu.externaltools.gnu-tools-for-stm32.11.3.rel1.win32_1.1.100.202309141235/tools/bin/../lib/gcc/arm-none-eabi/11.3.1/thumb/v7e-m/nofp/crtbegin.o
                                         0x44 (size before relaxing)
 .comment       0x0000000000000043       0x44 ./Src/led.o
 .comment       0x0000000000000043       0x44 ./Src/main.o
 .comment       0x0000000000000043       0x44 ./Src/rtoskernel.o
 .comment       0x0000000000000043       0x44 ./Src/syscalls.o
 .comment       0x0000000000000043       0x44 ./Src/sysmem.o
 .comment       0x0000000000000043       0x44 ./Src/timebase.o
 .comment       0x0000000000000043       0x44 ./Src/uart.o

.debug_info     0x0000000000000000     0x2bee
 .debug_info    0x0000000000000000      0x4ea ./Src/led.o
 .debug_info    0x00000000000004ea      0x26b ./Src/main.o
 .debug_info    0x0000000000000755      0xa52 ./Src/rtoskernel.o
 .debug_info    0x00000000000011a7      0x6a3 ./Src/syscalls.o
 .debug_info    0x000000000000184a      0x168 ./Src/sysmem.o
 .debug_info    0x00000000000019b2      0xc1c ./Src/timebase.o
 .debug_info    0x00000000000025ce      0x5fd ./Src/uart.o
 .debug_info    0x0000000000002bcb       0x23 ./Startup/startup_stm32h747xihx.o

.debug_abbrev   0x0000000000000000      0x9f5
 .debug_abbrev  0x0000000000000000       0xd4 ./Src/led.o
 .debug_abbrev  0x00000000000000d4      0x114 ./Src/main.o
 .debug_abbrev  0x00000000000001e8      0x272 ./Src/rtoskernel.o
 .debug_abbrev  0x000000000000045a      0x1b6 ./Src/syscalls.o
 .debug_abbrev  0x0000000000000610       0xbc ./Src/sysmem.o
 .debug_abbrev  0x00000000000006cc      0x1e8 ./Src/timebase.o
 .debug_abbrev  0x00000000000008b4      0x12f ./Src/uart.o
 .debug_abbrev  0x00000000000009e3       0x12 ./Startup/startup_stm32h747xihx.o

.debug_aranges  0x0000000000000000      0x270
 .debug_aranges
                0x0000000000000000       0x30 ./Src/led.o
 .debug_aranges
                0x0000000000000030       0x58 ./Src/main.o
 .debug_aranges
                0x0000000000000088       0x78 ./Src/rtoskernel.o
 .debug_aranges
                0x0000000000000100       0xa8 ./Src/syscalls.o
 .debug_aranges
                0x00000000000001a8       0x20 ./Src/sysmem.o
 .debug_aranges
                0x00000000000001c8       0x48 ./Src/timebase.o
 .debug_aranges
                0x0000000000000210       0x38 ./Src/uart.o
 .debug_aranges
                0x0000000000000248       0x28 ./Startup/startup_stm32h747xihx.o

.debug_rnglists
                0x0000000000000000      0x1ae
 .debug_rnglists
                0x0000000000000000       0x1f ./Src/led.o
 .debug_rnglists
                0x000000000000001f       0x3d ./Src/main.o
 .debug_rnglists
                0x000000000000005c       0x56 ./Src/rtoskernel.o
 .debug_rnglists
                0x00000000000000b2       0x79 ./Src/syscalls.o
 .debug_rnglists
                0x000000000000012b       0x13 ./Src/sysmem.o
 .debug_rnglists
                0x000000000000013e       0x31 ./Src/timebase.o
 .debug_rnglists
                0x000000000000016f       0x26 ./Src/uart.o
 .debug_rnglists
                0x0000000000000195       0x19 ./Startup/startup_stm32h747xihx.o

.debug_macro    0x0000000000000000    0x30b4c
 .debug_macro   0x0000000000000000       0xd5 ./Src/led.o
 .debug_macro   0x00000000000000d5      0xab4 ./Src/led.o
 .debug_macro   0x0000000000000b89       0x3b ./Src/led.o
 .debug_macro   0x0000000000000bc4       0x22 ./Src/led.o
 .debug_macro   0x0000000000000be6       0x8e ./Src/led.o
 .debug_macro   0x0000000000000c74       0x51 ./Src/led.o
 .debug_macro   0x0000000000000cc5      0x103 ./Src/led.o
 .debug_macro   0x0000000000000dc8       0x6a ./Src/led.o
 .debug_macro   0x0000000000000e32      0x1df ./Src/led.o
 .debug_macro   0x0000000000001011       0x1c ./Src/led.o
 .debug_macro   0x000000000000102d       0x22 ./Src/led.o
 .debug_macro   0x000000000000104f       0xfb ./Src/led.o
 .debug_macro   0x000000000000114a     0x1011 ./Src/led.o
 .debug_macro   0x000000000000215b      0x11f ./Src/led.o
 .debug_macro   0x000000000000227a    0x2c717 ./Src/led.o
 .debug_macro   0x000000000002e991      0x1c9 ./Src/main.o
 .debug_macro   0x000000000002eb5a       0x61 ./Src/main.o
 .debug_macro   0x000000000002ebbb       0x24 ./Src/main.o
 .debug_macro   0x000000000002ebdf       0x43 ./Src/main.o
 .debug_macro   0x000000000002ec22       0x34 ./Src/main.o
 .debug_macro   0x000000000002ec56       0x16 ./Src/main.o
 .debug_macro   0x000000000002ec6c       0x97 ./Src/main.o
 .debug_macro   0x000000000002ed03      0x369 ./Src/main.o
 .debug_macro   0x000000000002f06c       0xfd ./Src/main.o
 .debug_macro   0x000000000002f169       0x10 ./Src/main.o
 .debug_macro   0x000000000002f179       0x16 ./Src/main.o
 .debug_macro   0x000000000002f18f       0x43 ./Src/main.o
 .debug_macro   0x000000000002f1d2       0x34 ./Src/main.o
 .debug_macro   0x000000000002f206       0x10 ./Src/main.o
 .debug_macro   0x000000000002f216       0x58 ./Src/main.o
 .debug_macro   0x000000000002f26e       0x8e ./Src/main.o
 .debug_macro   0x000000000002f2fc       0x1c ./Src/main.o
 .debug_macro   0x000000000002f318      0x177 ./Src/main.o
 .debug_macro   0x000000000002f48f       0x16 ./Src/main.o
 .debug_macro   0x000000000002f4a5       0x16 ./Src/main.o
 .debug_macro   0x000000000002f4bb      0x147 ./Src/main.o
 .debug_macro   0x000000000002f602       0x10 ./Src/main.o
 .debug_macro   0x000000000002f612       0xfe ./Src/rtoskernel.o
 .debug_macro   0x000000000002f710      0x274 ./Src/syscalls.o
 .debug_macro   0x000000000002f984       0x5b ./Src/syscalls.o
 .debug_macro   0x000000000002f9df       0x94 ./Src/syscalls.o
 .debug_macro   0x000000000002fa73       0x57 ./Src/syscalls.o
 .debug_macro   0x000000000002faca      0x174 ./Src/syscalls.o
 .debug_macro   0x000000000002fc3e       0x10 ./Src/syscalls.o
 .debug_macro   0x000000000002fc4e       0x35 ./Src/syscalls.o
 .debug_macro   0x000000000002fc83       0x10 ./Src/syscalls.o
 .debug_macro   0x000000000002fc93       0x10 ./Src/syscalls.o
 .debug_macro   0x000000000002fca3       0x10 ./Src/syscalls.o
 .debug_macro   0x000000000002fcb3       0x1c ./Src/syscalls.o
 .debug_macro   0x000000000002fccf       0x52 ./Src/syscalls.o
 .debug_macro   0x000000000002fd21       0x22 ./Src/syscalls.o
 .debug_macro   0x000000000002fd43       0x10 ./Src/syscalls.o
 .debug_macro   0x000000000002fd53       0x52 ./Src/syscalls.o
 .debug_macro   0x000000000002fda5       0xcf ./Src/syscalls.o
 .debug_macro   0x000000000002fe74       0x1c ./Src/syscalls.o
 .debug_macro   0x000000000002fe90       0x3d ./Src/syscalls.o
 .debug_macro   0x000000000002fecd       0x35 ./Src/syscalls.o
 .debug_macro   0x000000000002ff02      0x12c ./Src/syscalls.o
 .debug_macro   0x000000000003002e       0x16 ./Src/syscalls.o
 .debug_macro   0x0000000000030044       0x16 ./Src/syscalls.o
 .debug_macro   0x000000000003005a       0x29 ./Src/syscalls.o
 .debug_macro   0x0000000000030083       0x10 ./Src/syscalls.o
 .debug_macro   0x0000000000030093      0x242 ./Src/syscalls.o
 .debug_macro   0x00000000000302d5       0x1c ./Src/syscalls.o
 .debug_macro   0x00000000000302f1       0x10 ./Src/syscalls.o
 .debug_macro   0x0000000000030301      0x18a ./Src/syscalls.o
 .debug_macro   0x000000000003048b       0x16 ./Src/syscalls.o
 .debug_macro   0x00000000000304a1       0xce ./Src/syscalls.o
 .debug_macro   0x000000000003056f       0xff ./Src/sysmem.o
 .debug_macro   0x000000000003066e      0x23c ./Src/sysmem.o
 .debug_macro   0x00000000000308aa       0xea ./Src/timebase.o
 .debug_macro   0x0000000000030994      0x1b8 ./Src/uart.o

.debug_line     0x0000000000000000     0x31cb
 .debug_line    0x0000000000000000      0x59b ./Src/led.o
 .debug_line    0x000000000000059b      0x7e7 ./Src/main.o
 .debug_line    0x0000000000000d82      0x7bf ./Src/rtoskernel.o
 .debug_line    0x0000000000001541      0x8ad ./Src/syscalls.o
 .debug_line    0x0000000000001dee      0x57e ./Src/sysmem.o
 .debug_line    0x000000000000236c      0x68e ./Src/timebase.o
 .debug_line    0x00000000000029fa      0x756 ./Src/uart.o
 .debug_line    0x0000000000003150       0x7b ./Startup/startup_stm32h747xihx.o

.debug_str      0x0000000000000000   0x10e37e
 .debug_str     0x0000000000000000   0x107a3b ./Src/led.o
                                     0x107c49 (size before relaxing)
 .debug_str     0x0000000000107a3b     0x3b57 ./Src/main.o
                                     0x10b5aa (size before relaxing)
 .debug_str     0x000000000010b592      0xab0 ./Src/rtoskernel.o
                                     0x1085bd (size before relaxing)
 .debug_str     0x000000000010c042     0x20e9 ./Src/syscalls.o
                                       0x9890 (size before relaxing)
 .debug_str     0x000000000010e12b       0x66 ./Src/sysmem.o
                                       0x6047 (size before relaxing)
 .debug_str     0x000000000010e191      0x120 ./Src/timebase.o
                                     0x10862b (size before relaxing)
 .debug_str     0x000000000010e2b1       0x9e ./Src/uart.o
                                     0x10b71e (size before relaxing)
 .debug_str     0x000000000010e34f       0x2f ./Startup/startup_stm32h747xihx.o
                                         0x7c (size before relaxing)

.debug_frame    0x0000000000000000      0xf38
 .debug_frame   0x0000000000000000       0x70 ./Src/led.o
 .debug_frame   0x0000000000000070       0xec ./Src/main.o
 .debug_frame   0x000000000000015c      0x1b4 ./Src/rtoskernel.o
 .debug_frame   0x0000000000000310      0x2ac ./Src/syscalls.o
 .debug_frame   0x00000000000005bc       0x34 ./Src/sysmem.o
 .debug_frame   0x00000000000005f0       0xd4 ./Src/timebase.o
 .debug_frame   0x00000000000006c4       0xa0 ./Src/uart.o
 .debug_frame   0x0000000000000764      0x144 D:/ST/STM32CubeIDE_1.14.0/STM32CubeIDE/plugins/com.st.stm32cube.ide.mcu.externaltools.gnu-tools-for-stm32.11.3.rel1.win32_1.1.100.202309141235/tools/bin/../lib/gcc/arm-none-eabi/11.3.1/../../../../arm-none-eabi/lib/thumb/v7e-m/nofp\libc_nano.a(libc_a-findfp.o)
 .debug_frame   0x00000000000008a8       0x34 D:/ST/STM32CubeIDE_1.14.0/STM32CubeIDE/plugins/com.st.stm32cube.ide.mcu.externaltools.gnu-tools-for-stm32.11.3.rel1.win32_1.1.100.202309141235/tools/bin/../lib/gcc/arm-none-eabi/11.3.1/../../../../arm-none-eabi/lib/thumb/v7e-m/nofp\libc_nano.a(libc_a-fwalk.o)
 .debug_frame   0x00000000000008dc       0x6c D:/ST/STM32CubeIDE_1.14.0/STM32CubeIDE/plugins/com.st.stm32cube.ide.mcu.externaltools.gnu-tools-for-stm32.11.3.rel1.win32_1.1.100.202309141235/tools/bin/../lib/gcc/arm-none-eabi/11.3.1/../../../../arm-none-eabi/lib/thumb/v7e-m/nofp\libc_nano.a(libc_a-printf.o)
 .debug_frame   0x0000000000000948       0x88 D:/ST/STM32CubeIDE_1.14.0/STM32CubeIDE/plugins/com.st.stm32cube.ide.mcu.externaltools.gnu-tools-for-stm32.11.3.rel1.win32_1.1.100.202309141235/tools/bin/../lib/gcc/arm-none-eabi/11.3.1/../../../../arm-none-eabi/lib/thumb/v7e-m/nofp\libc_nano.a(libc_a-stdio.o)
 .debug_frame   0x00000000000009d0       0x20 D:/ST/STM32CubeIDE_1.14.0/STM32CubeIDE/plugins/com.st.stm32cube.ide.mcu.externaltools.gnu-tools-for-stm32.11.3.rel1.win32_1.1.100.202309141235/tools/bin/../lib/gcc/arm-none-eabi/11.3.1/../../../../arm-none-eabi/lib/thumb/v7e-m/nofp\libc_nano.a(libc_a-memset.o)
 .debug_frame   0x00000000000009f0       0x2c D:/ST/STM32CubeIDE_1.14.0/STM32CubeIDE/plugins/com.st.stm32cube.ide.mcu.externaltools.gnu-tools-for-stm32.11.3.rel1.win32_1.1.100.202309141235/tools/bin/../lib/gcc/arm-none-eabi/11.3.1/../../../../arm-none-eabi/lib/thumb/v7e-m/nofp\libc_nano.a(libc_a-closer.o)
 .debug_frame   0x0000000000000a1c       0x38 D:/ST/STM32CubeIDE_1.14.0/STM32CubeIDE/plugins/com.st.stm32cube.ide.mcu.externaltools.gnu-tools-for-stm32.11.3.rel1.win32_1.1.100.202309141235/tools/bin/../lib/gcc/arm-none-eabi/11.3.1/../../../../arm-none-eabi/lib/thumb/v7e-m/nofp\libc_nano.a(libc_a-reent.o)
 .debug_frame   0x0000000000000a54       0x2c D:/ST/STM32CubeIDE_1.14.0/STM32CubeIDE/plugins/com.st.stm32cube.ide.mcu.externaltools.gnu-tools-for-stm32.11.3.rel1.win32_1.1.100.202309141235/tools/bin/../lib/gcc/arm-none-eabi/11.3.1/../../../../arm-none-eabi/lib/thumb/v7e-m/nofp\libc_nano.a(libc_a-lseekr.o)
 .debug_frame   0x0000000000000a80       0x2c D:/ST/STM32CubeIDE_1.14.0/STM32CubeIDE/plugins/com.st.stm32cube.ide.mcu.externaltools.gnu-tools-for-stm32.11.3.rel1.win32_1.1.100.202309141235/tools/bin/../lib/gcc/arm-none-eabi/11.3.1/../../../../arm-none-eabi/lib/thumb/v7e-m/nofp\libc_nano.a(libc_a-readr.o)
 .debug_frame   0x0000000000000aac       0x2c D:/ST/STM32CubeIDE_1.14.0/STM32CubeIDE/plugins/com.st.stm32cube.ide.mcu.externaltools.gnu-tools-for-stm32.11.3.rel1.win32_1.1.100.202309141235/tools/bin/../lib/gcc/arm-none-eabi/11.3.1/../../../../arm-none-eabi/lib/thumb/v7e-m/nofp\libc_nano.a(libc_a-writer.o)
 .debug_frame   0x0000000000000ad8       0x20 D:/ST/STM32CubeIDE_1.14.0/STM32CubeIDE/plugins/com.st.stm32cube.ide.mcu.externaltools.gnu-tools-for-stm32.11.3.rel1.win32_1.1.100.202309141235/tools/bin/../lib/gcc/arm-none-eabi/11.3.1/../../../../arm-none-eabi/lib/thumb/v7e-m/nofp\libc_nano.a(libc_a-errno.o)
 .debug_frame   0x0000000000000af8       0x2c D:/ST/STM32CubeIDE_1.14.0/STM32CubeIDE/plugins/com.st.stm32cube.ide.mcu.externaltools.gnu-tools-for-stm32.11.3.rel1.win32_1.1.100.202309141235/tools/bin/../lib/gcc/arm-none-eabi/11.3.1/../../../../arm-none-eabi/lib/thumb/v7e-m/nofp\libc_nano.a(libc_a-init.o)
 .debug_frame   0x0000000000000b24       0xb0 D:/ST/STM32CubeIDE_1.14.0/STM32CubeIDE/plugins/com.st.stm32cube.ide.mcu.externaltools.gnu-tools-for-stm32.11.3.rel1.win32_1.1.100.202309141235/tools/bin/../lib/gcc/arm-none-eabi/11.3.1/../../../../arm-none-eabi/lib/thumb/v7e-m/nofp\libc_nano.a(libc_a-lock.o)
 .debug_frame   0x0000000000000bd4       0x38 D:/ST/STM32CubeIDE_1.14.0/STM32CubeIDE/plugins/com.st.stm32cube.ide.mcu.externaltools.gnu-tools-for-stm32.11.3.rel1.win32_1.1.100.202309141235/tools/bin/../lib/gcc/arm-none-eabi/11.3.1/../../../../arm-none-eabi/lib/thumb/v7e-m/nofp\libc_nano.a(libc_a-freer.o)
 .debug_frame   0x0000000000000c0c       0x50 D:/ST/STM32CubeIDE_1.14.0/STM32CubeIDE/plugins/com.st.stm32cube.ide.mcu.externaltools.gnu-tools-for-stm32.11.3.rel1.win32_1.1.100.202309141235/tools/bin/../lib/gcc/arm-none-eabi/11.3.1/../../../../arm-none-eabi/lib/thumb/v7e-m/nofp\libc_nano.a(libc_a-mallocr.o)
 .debug_frame   0x0000000000000c5c       0x30 D:/ST/STM32CubeIDE_1.14.0/STM32CubeIDE/plugins/com.st.stm32cube.ide.mcu.externaltools.gnu-tools-for-stm32.11.3.rel1.win32_1.1.100.202309141235/tools/bin/../lib/gcc/arm-none-eabi/11.3.1/../../../../arm-none-eabi/lib/thumb/v7e-m/nofp\libc_nano.a(libc_a-mlock.o)
 .debug_frame   0x0000000000000c8c       0xa8 D:/ST/STM32CubeIDE_1.14.0/STM32CubeIDE/plugins/com.st.stm32cube.ide.mcu.externaltools.gnu-tools-for-stm32.11.3.rel1.win32_1.1.100.202309141235/tools/bin/../lib/gcc/arm-none-eabi/11.3.1/../../../../arm-none-eabi/lib/thumb/v7e-m/nofp\libc_nano.a(libc_a-nano-vfprintf.o)
 .debug_frame   0x0000000000000d34       0x60 D:/ST/STM32CubeIDE_1.14.0/STM32CubeIDE/plugins/com.st.stm32cube.ide.mcu.externaltools.gnu-tools-for-stm32.11.3.rel1.win32_1.1.100.202309141235/tools/bin/../lib/gcc/arm-none-eabi/11.3.1/../../../../arm-none-eabi/lib/thumb/v7e-m/nofp\libc_nano.a(libc_a-nano-vfprintf_i.o)
 .debug_frame   0x0000000000000d94       0x5c D:/ST/STM32CubeIDE_1.14.0/STM32CubeIDE/plugins/com.st.stm32cube.ide.mcu.externaltools.gnu-tools-for-stm32.11.3.rel1.win32_1.1.100.202309141235/tools/bin/../lib/gcc/arm-none-eabi/11.3.1/../../../../arm-none-eabi/lib/thumb/v7e-m/nofp\libc_nano.a(libc_a-fflush.o)
 .debug_frame   0x0000000000000df0       0x40 D:/ST/STM32CubeIDE_1.14.0/STM32CubeIDE/plugins/com.st.stm32cube.ide.mcu.externaltools.gnu-tools-for-stm32.11.3.rel1.win32_1.1.100.202309141235/tools/bin/../lib/gcc/arm-none-eabi/11.3.1/../../../../arm-none-eabi/lib/thumb/v7e-m/nofp\libc_nano.a(libc_a-wbuf.o)
 .debug_frame   0x0000000000000e30       0x2c D:/ST/STM32CubeIDE_1.14.0/STM32CubeIDE/plugins/com.st.stm32cube.ide.mcu.externaltools.gnu-tools-for-stm32.11.3.rel1.win32_1.1.100.202309141235/tools/bin/../lib/gcc/arm-none-eabi/11.3.1/../../../../arm-none-eabi/lib/thumb/v7e-m/nofp\libc_nano.a(libc_a-wsetup.o)
 .debug_frame   0x0000000000000e5c       0x2c D:/ST/STM32CubeIDE_1.14.0/STM32CubeIDE/plugins/com.st.stm32cube.ide.mcu.externaltools.gnu-tools-for-stm32.11.3.rel1.win32_1.1.100.202309141235/tools/bin/../lib/gcc/arm-none-eabi/11.3.1/../../../../arm-none-eabi/lib/thumb/v7e-m/nofp\libc_nano.a(libc_a-sbrkr.o)
 .debug_frame   0x0000000000000e88       0x58 D:/ST/STM32CubeIDE_1.14.0/STM32CubeIDE/plugins/com.st.stm32cube.ide.mcu.externaltools.gnu-tools-for-stm32.11.3.rel1.win32_1.1.100.202309141235/tools/bin/../lib/gcc/arm-none-eabi/11.3.1/../../../../arm-none-eabi/lib/thumb/v7e-m/nofp\libc_nano.a(libc_a-makebuf.o)
 .debug_frame   0x0000000000000ee0       0x2c D:/ST/STM32CubeIDE_1.14.0/STM32CubeIDE/plugins/com.st.stm32cube.ide.mcu.externaltools.gnu-tools-for-stm32.11.3.rel1.win32_1.1.100.202309141235/tools/bin/../lib/gcc/arm-none-eabi/11.3.1/../../../../arm-none-eabi/lib/thumb/v7e-m/nofp\libc_nano.a(libc_a-fstatr.o)
 .debug_frame   0x0000000000000f0c       0x2c D:/ST/STM32CubeIDE_1.14.0/STM32CubeIDE/plugins/com.st.stm32cube.ide.mcu.externaltools.gnu-tools-for-stm32.11.3.rel1.win32_1.1.100.202309141235/tools/bin/../lib/gcc/arm-none-eabi/11.3.1/../../../../arm-none-eabi/lib/thumb/v7e-m/nofp\libc_nano.a(libc_a-isattyr.o)

.debug_line_str
                0x0000000000000000       0x70
 .debug_line_str
                0x0000000000000000       0x70 ./Startup/startup_stm32h747xihx.o
                                         0x88 (size before relaxing)
